<html>
<body>
<pre>
<h1>µVision Build Log</h1>
<h2>Tool Versions:</h2>
IDE-Version: ¦ÌVision V5.43.1.0
Copyright (C) 2025 ARM Ltd and ARM Germany GmbH. All rights reserved.
License Information: 73 childe, no, LIC=AK1BF-6BV12-XCIJ0-B7HME-6FJ82-AEILS
 
Tool Versions:
Toolchain:       MDK-ARM Professional  Version: 5.43.0.0
Toolchain Path:  D:\Keil_v5\ARM\ARMCC\Bin
C Compiler:      Armcc.exe V5.06 update 7 (build 960)
Assembler:       Armasm.exe V5.06 update 7 (build 960)
Linker/Locator:  ArmLink.exe V5.06 update 7 (build 960)
Library Manager: ArmAr.exe V5.06 update 7 (build 960)
Hex Converter:   FromElf.exe V5.06 update 7 (build 960)
CPU DLL:         SARMCM3.DLL V5.43.0.0
Dialog DLL:      DCM.DLL V1.17.5.0
Target DLL:      STLink\ST-LINKIII-KEIL_SWO.dll V3.3.1.0
Dialog DLL:      TCM.DLL V1.56.6.0
 
<h2>Project:</h2>
C:\Users\childe\Desktop\Bms\MDK-ARM\Bms.uvprojx
Project File Date:  07/25/2026

<h2>Output:</h2>
*** Using Compiler 'V5.06 update 7 (build 960)', folder: 'D:\Keil_v5\ARM\ARMCC\Bin'
Build target 'Bms'
compiling BQ76930.c...
..\BSP\BQ76930.c(600): warning:  #177-D: variable "i"  was declared but never referenced
  	int i,Sum_val;
..\BSP\BQ76930.c(804): warning:  #177-D: variable "Currentbuf"  was declared but never referenced
     unsigned char Currentbuf[1];
..\BSP\BQ76930.c(846): warning:  #177-D: variable "Rt"  was declared but never referenced
  	 float Rt=0;
..\BSP\BQ76930.c(853): warning:  #177-D: variable "Tempbuf"  was declared but never referenced
     unsigned char Tempbuf[1];
..\BSP\BQ76930.c(866): warning:  #177-D: variable "Rt"  was declared but never referenced
     float Rt=0;
..\BSP\BQ76930.c(873): warning:  #177-D: variable "Tempbuf"  was declared but never referenced
     unsigned char Tempbuf[1];
..\BSP\BQ76930.c(973): warning:  #223-D: function "Can_Send_Msg" declared implicitly
      Can_Send_Msg(can_buf1,8,0x0001);
..\BSP\BQ76930.c(1114): warning:  #177-D: variable "sys_stat_2"  was declared but never referenced
    unsigned char sys_stat_1,sys_stat_2,UV_1,OV_1,UV_2,OV_2,SCD,OCD;
..\BSP\BQ76930.c: 8 warnings, 0 errors
linking...
Program Size: Code=25868 RO-data=652 RW-data=476 ZI-data=8444  
FromELF: creating hex file...
"Bms\Bms.axf" - 0 Error(s), 8 Warning(s).

<h2>Software Packages used:</h2>

Package Vendor: ARM
                https://www.keil.com/pack/ARM.CMSIS.6.2.0.pack
                ARM::CMSIS@6.2.0
                CMSIS (Common Microcontroller Software Interface Standard)
   * Component: CORE Version: 6.1.1

Package Vendor: Keil
                https://www.keil.com/pack/Keil.STM32F1xx_DFP.2.4.1.pack
                Keil::STM32F1xx_DFP@2.4.1
                STMicroelectronics STM32F1 Series Device Support, Drivers and Examples

<h2>Collection of Component include folders:</h2>
  ./RTE/_Bms
  D:/Keil_v5/Packs/ARM/CMSIS/6.2.0/CMSIS/Core/Include
  D:/Keil_v5/Packs/Keil/STM32F1xx_DFP/2.4.1/Device/Include

<h2>Collection of Component Files used:</h2>

   * Component: ARM::CMSIS:CORE@6.1.1
      Include file:  CMSIS/Core/Include/tz_context.h
Build Time Elapsed:  00:00:03
</pre>
</body>
</html>
