Component: ARM Compiler 5.06 update 7 (build 960) Tool: armlink [4d3601]

==============================================================================

Section Cross References

    startup_stm32f103xb.o(STACK) refers (Special) to heapauxi.o(.text) for __use_two_region_memory
    startup_stm32f103xb.o(HEAP) refers (Special) to heapauxi.o(.text) for __use_two_region_memory
    startup_stm32f103xb.o(RESET) refers (Special) to heapauxi.o(.text) for __use_two_region_memory
    startup_stm32f103xb.o(RESET) refers to startup_stm32f103xb.o(STACK) for __initial_sp
    startup_stm32f103xb.o(RESET) refers to startup_stm32f103xb.o(.text) for Reset_Handler
    startup_stm32f103xb.o(RESET) refers to stm32f1xx_it.o(i.NMI_Handler) for NMI_Handler
    startup_stm32f103xb.o(RESET) refers to stm32f1xx_it.o(i.HardFault_Handler) for HardFault_Handler
    startup_stm32f103xb.o(RESET) refers to stm32f1xx_it.o(i.MemManage_Handler) for MemManage_Handler
    startup_stm32f103xb.o(RESET) refers to stm32f1xx_it.o(i.BusFault_Handler) for BusFault_Handler
    startup_stm32f103xb.o(RESET) refers to stm32f1xx_it.o(i.UsageFault_Handler) for UsageFault_Handler
    startup_stm32f103xb.o(RESET) refers to port.o(.emb_text) for SVC_Handler
    startup_stm32f103xb.o(RESET) refers to stm32f1xx_it.o(i.DebugMon_Handler) for DebugMon_Handler
    startup_stm32f103xb.o(RESET) refers to cmsis_os2.o(i.SysTick_Handler) for SysTick_Handler
    startup_stm32f103xb.o(RESET) refers to stm32f1xx_it.o(i.TIM4_IRQHandler) for TIM4_IRQHandler
    startup_stm32f103xb.o(.text) refers (Special) to heapauxi.o(.text) for __use_two_region_memory
    startup_stm32f103xb.o(.text) refers to system_stm32f1xx.o(i.SystemInit) for SystemInit
    startup_stm32f103xb.o(.text) refers to __main.o(!!!main) for __main
    startup_stm32f103xb.o(.text) refers to startup_stm32f103xb.o(HEAP) for Heap_Mem
    startup_stm32f103xb.o(.text) refers to startup_stm32f103xb.o(STACK) for Stack_Mem
    main.o(i.HAL_TIM_PeriodElapsedCallback) refers to stm32f1xx_hal.o(i.HAL_IncTick) for HAL_IncTick
    main.o(i.SystemClock_Config) refers to rt_memclr_w.o(.text) for __aeabi_memclr4
    main.o(i.SystemClock_Config) refers to stm32f1xx_hal_rcc.o(i.HAL_RCC_OscConfig) for HAL_RCC_OscConfig
    main.o(i.SystemClock_Config) refers to stm32f1xx_hal_rcc.o(i.HAL_RCC_ClockConfig) for HAL_RCC_ClockConfig
    main.o(i.main) refers to stm32f1xx_hal.o(i.HAL_Init) for HAL_Init
    main.o(i.main) refers to main.o(i.SystemClock_Config) for SystemClock_Config
    main.o(i.main) refers to gpio.o(i.MX_GPIO_Init) for MX_GPIO_Init
    main.o(i.main) refers to can.o(i.MX_CAN_Init) for MX_CAN_Init
    main.o(i.main) refers to usart.o(i.MX_USART1_UART_Init) for MX_USART1_UART_Init
    main.o(i.main) refers to iwdg.o(i.MX_IWDG_Init) for MX_IWDG_Init
    main.o(i.main) refers to usart.o(i.MX_USART2_UART_Init) for MX_USART2_UART_Init
    main.o(i.main) refers to usart.o(i.UartSend) for UartSend
    main.o(i.main) refers to cmsis_os2.o(i.osKernelInitialize) for osKernelInitialize
    main.o(i.main) refers to freertos.o(i.MX_FREERTOS_Init) for MX_FREERTOS_Init
    main.o(i.main) refers to cmsis_os2.o(i.osKernelStart) for osKernelStart
    gpio.o(i.MX_GPIO_Init) refers to stm32f1xx_hal_gpio.o(i.HAL_GPIO_WritePin) for HAL_GPIO_WritePin
    gpio.o(i.MX_GPIO_Init) refers to stm32f1xx_hal_gpio.o(i.HAL_GPIO_Init) for HAL_GPIO_Init
    freertos.o(i.MX_FREERTOS_Init) refers to init_task.o(i.Init_Task) for Init_Task
    freertos.o(i.MX_FREERTOS_Init) refers to cmsis_os2.o(i.osThreadNew) for osThreadNew
    freertos.o(i.MX_FREERTOS_Init) refers to freertos.o(.constdata) for .constdata
    freertos.o(i.MX_FREERTOS_Init) refers to freertos.o(i.StartDefaultTask) for StartDefaultTask
    freertos.o(i.MX_FREERTOS_Init) refers to freertos.o(.data) for .data
    freertos.o(i.StartDefaultTask) refers to cmsis_os2.o(i.osDelay) for osDelay
    freertos.o(.constdata) refers to freertos.o(.conststring) for .conststring
    can.o(i.Can_Send_Msg) refers to stm32f1xx_hal_can.o(i.HAL_CAN_AddTxMessage) for HAL_CAN_AddTxMessage
    can.o(i.Can_Send_Msg) refers to can.o(.bss) for .bss
    can.o(i.HAL_CAN_MspDeInit) refers to stm32f1xx_hal_gpio.o(i.HAL_GPIO_DeInit) for HAL_GPIO_DeInit
    can.o(i.HAL_CAN_MspInit) refers to stm32f1xx_hal_gpio.o(i.HAL_GPIO_Init) for HAL_GPIO_Init
    can.o(i.MX_CAN_Init) refers to stm32f1xx_hal_can.o(i.HAL_CAN_Init) for HAL_CAN_Init
    can.o(i.MX_CAN_Init) refers to main.o(i.Error_Handler) for Error_Handler
    can.o(i.MX_CAN_Init) refers to can.o(.bss) for .bss
    iwdg.o(i.MX_IWDG_Init) refers to stm32f1xx_hal_iwdg.o(i.HAL_IWDG_Init) for HAL_IWDG_Init
    iwdg.o(i.MX_IWDG_Init) refers to main.o(i.Error_Handler) for Error_Handler
    iwdg.o(i.MX_IWDG_Init) refers to iwdg.o(.bss) for .bss
    usart.o(i.HAL_UART_MspDeInit) refers to stm32f1xx_hal_gpio.o(i.HAL_GPIO_DeInit) for HAL_GPIO_DeInit
    usart.o(i.HAL_UART_MspInit) refers to stm32f1xx_hal_gpio.o(i.HAL_GPIO_Init) for HAL_GPIO_Init
[...]
    __scatterload                            0x080000f5   Thumb Code     0  __scatter.o(!!!scatter)
    __scatterload_rt2                        0x080000f5   Thumb Code    44  __scatter.o(!!!scatter)
    __scatterload_rt2_thumb_only             0x080000f5   Thumb Code     0  __scatter.o(!!!scatter)
    __scatterload_null                       0x08000103   Thumb Code     0  __scatter.o(!!!scatter)
    __decompress                             0x08000129   Thumb Code    58  __dczerorl.o(!!dczerorl)
    __decompress0                            0x08000129   Thumb Code     0  __dczerorl.o(!!dczerorl)
    __scatterload_zeroinit                   0x08000165   Thumb Code    28  __scatter_zi.o(!!handler_zi)
    _printf_f                                0x08000181   Thumb Code     0  _printf_f.o(.ARM.Collect$$_printf_percent$$00000003)
    _printf_percent                          0x08000181   Thumb Code     0  _printf_percent.o(.ARM.Collect$$_printf_percent$$00000000)
    _printf_d                                0x08000187   Thumb Code     0  _printf_d.o(.ARM.Collect$$_printf_percent$$00000009)
    _printf_s                                0x0800018d   Thumb Code     0  _printf_s.o(.ARM.Collect$$_printf_percent$$00000014)
    _printf_percent_end                      0x08000193   Thumb Code     0  _printf_percent_end.o(.ARM.Collect$$_printf_percent$$00000017)
    __rt_lib_init                            0x08000197   Thumb Code     0  libinit.o(.ARM.Collect$$libinit$$00000000)
    __rt_lib_init_fp_1                       0x08000199   Thumb Code     0  libinit2.o(.ARM.Collect$$libinit$$00000002)
    __rt_lib_init_heap_1                     0x08000199   Thumb Code     0  libinit2.o(.ARM.Collect$$libinit$$0000000A)
    __rt_lib_init_lc_common                  0x08000199   Thumb Code     0  libinit2.o(.ARM.Collect$$libinit$$0000000F)
    __rt_lib_init_preinit_1                  0x08000199   Thumb Code     0  libinit2.o(.ARM.Collect$$libinit$$00000004)
    __rt_lib_init_rand_1                     0x08000199   Thumb Code     0  libinit2.o(.ARM.Collect$$libinit$$0000000E)
    __rt_lib_init_user_alloc_1               0x08000199   Thumb Code     0  libinit2.o(.ARM.Collect$$libinit$$0000000C)
    __rt_lib_init_lc_collate_1               0x0800019f   Thumb Code     0  libinit2.o(.ARM.Collect$$libinit$$00000011)
    __rt_lib_init_lc_ctype_1                 0x0800019f   Thumb Code     0  libinit2.o(.ARM.Collect$$libinit$$00000013)
    __rt_lib_init_lc_monetary_1              0x0800019f   Thumb Code     0  libinit2.o(.ARM.Collect$$libinit$$00000015)
    __rt_lib_init_lc_numeric_2               0x0800019f   Thumb Code     0  libinit2.o(.ARM.Collect$$libinit$$00000016)
    __rt_lib_init_alloca_1                   0x080001a9   Thumb Code     0  libinit2.o(.ARM.Collect$$libinit$$0000002E)
    __rt_lib_init_argv_1                     0x080001a9   Thumb Code     0  libinit2.o(.ARM.Collect$$libinit$$0000002C)
    __rt_lib_init_atexit_1                   0x080001a9   Thumb Code     0  libinit2.o(.ARM.Collect$$libinit$$0000001B)
    __rt_lib_init_clock_1                    0x080001a9   Thumb Code     0  libinit2.o(.ARM.Collect$$libinit$$00000021)
    __rt_lib_init_cpp_1                      0x080001a9   Thumb Code     0  libinit2.o(.ARM.Collect$$libinit$$00000032)
    __rt_lib_init_exceptions_1               0x080001a9   Thumb Code     0  libinit2.o(.ARM.Collect$$libinit$$00000030)
    __rt_lib_init_fp_trap_1                  0x080001a9   Thumb Code     0  libinit2.o(.ARM.Collect$$libinit$$0000001F)
    __rt_lib_init_getenv_1                   0x080001a9   Thumb Code     0  libinit2.o(.ARM.Collect$$libinit$$00000023)
    __rt_lib_init_lc_numeric_1               0x080001a9   Thumb Code     0  libinit2.o(.ARM.Collect$$libinit$$00000017)
    __rt_lib_init_lc_time_1                  0x080001a9   Thumb Code     0  libinit2.o(.ARM.Collect$$libinit$$00000019)
    __rt_lib_init_return                     0x080001a9   Thumb Code     0  libinit2.o(.ARM.Collect$$libinit$$00000033)
    __rt_lib_init_signal_1                   0x080001a9   Thumb Code     0  libinit2.o(.ARM.Collect$$libinit$$0000001D)
    __rt_lib_init_stdio_1                    0x080001a9   Thumb Code     0  libinit2.o(.ARM.Collect$$libinit$$00000025)
    __rt_lib_shutdown                        0x080001ab   Thumb Code     0  libshutdown.o(.ARM.Collect$$libshutdown$$00000000)
    __rt_lib_shutdown_cpp_1                  0x080001ad   Thumb Code     0  libshutdown2.o(.ARM.Collect$$libshutdown$$00000004)
    __rt_lib_shutdown_fini_1                 0x080001ad   Thumb Code     0  libshutdown2.o(.ARM.Collect$$libshutdown$$00000002)
    __rt_lib_shutdown_fp_trap_1              0x080001ad   Thumb Code     0  libshutdown2.o(.ARM.Collect$$libshutdown$$00000009)
    __rt_lib_shutdown_heap_1                 0x080001ad   Thumb Code     0  libshutdown2.o(.ARM.Collect$$libshutdown$$00000011)
    __rt_lib_shutdown_return                 0x080001ad   Thumb Code     0  libshutdown2.o(.ARM.Collect$$libshutdown$$00000012)
    __rt_lib_shutdown_signal_1               0x080001ad   Thumb Code     0  libshutdown2.o(.ARM.Collect$$libshutdown$$0000000C)
    __rt_lib_shutdown_stdio_1                0x080001ad   Thumb Code     0  libshutdown2.o(.ARM.Collect$$libshutdown$$00000006)
    __rt_lib_shutdown_user_alloc_1           0x080001ad   Thumb Code     0  libshutdown2.o(.ARM.Collect$$libshutdown$$0000000E)
    __rt_entry                               0x080001af   Thumb Code     0  __rtentry.o(.ARM.Collect$$rtentry$$00000000)
    __rt_entry_presh_1                       0x080001af   Thumb Code     0  __rtentry2.o(.ARM.Collect$$rtentry$$00000002)
    __rt_entry_sh                            0x080001af   Thumb Code     0  __rtentry4.o(.ARM.Collect$$rtentry$$00000004)
    __rt_entry_li                            0x080001b5   Thumb Code     0  __rtentry2.o(.ARM.Collect$$rtentry$$0000000A)
    __rt_entry_postsh_1                      0x080001b5   Thumb Code     0  __rtentry2.o(.ARM.Collect$$rtentry$$00000009)
    __rt_entry_main                          0x080001b9   Thumb Code     0  __rtentry2.o(.ARM.Collect$$rtentry$$0000000D)
    __rt_entry_postli_1                      0x080001b9   Thumb Code     0  __rtentry2.o(.ARM.Collect$$rtentry$$0000000C)
    __rt_exit                                0x080001c1   Thumb Code     0  rtexit.o(.ARM.Collect$$rtexit$$00000000)
    __rt_exit_ls                             0x080001c3   Thumb Code     0  rtexit2.o(.ARM.Collect$$rtexit$$00000003)
    __rt_exit_prels_1                        0x080001c3   Thumb Code     0  rtexit2.o(.ARM.Collect$$rtexit$$00000002)
    __rt_exit_exit                           0x080001c7   Thumb Code     0  rtexit2.o(.ARM.Collect$$rtexit$$00000004)
    SVC_Handler                              0x080001cd   Thumb Code    32  port.o(.emb_text)
    __asm___6_port_c_39a90d8d__prvStartFirstTask 0x080001f1   Thumb Code    28  port.o(.emb_text)
    PendSV_Handler                           0x08000211   Thumb Code    72  port.o(.emb_text)
    vPortGetIPSR                             0x0800025d   Thumb Code     6  port.o(.emb_text)
    Reset_Handler                            0x08000265   Thumb Code     8  startup_stm32f103xb.o(.text)
    ADC1_2_IRQHandler                        0x0800027f   Thumb Code     0  startup_stm32f103xb.o(.text)
    CAN1_RX1_IRQHandler                      0x0800027f   Thumb Code     0  startup_stm32f103xb.o(.text)
    CAN1_SCE_IRQHandler                      0x0800027f   Thumb Code     0  startup_stm32f103xb.o(.text)
    DMA1_Channel1_IRQHandler                 0x0800027f   Thumb Code     0  startup_stm32f103xb.o(.text)
    DMA1_Channel2_IRQHandler                 0x0800027f   Thumb Code     0  startup_stm32f103xb.o(.text)
    DMA1_Channel3_IRQHandler                 0x0800027f   Thumb Code     0  startup_stm32f103xb.o(.text)
    DMA1_Channel4_IRQHandler                 0x0800027f   Thumb Code     0  startup_stm32f103xb.o(.text)
    DMA1_Channel5_IRQHandler                 0x0800027f   Thumb Code     0  startup_stm32f103xb.o(.text)
    DMA1_Channel6_IRQHandler                 0x0800027f   Thumb Code     0  startup_stm32f103xb.o(.text)
    DMA1_Channel7_IRQHandler                 0x0800027f   Thumb Code     0  startup_stm32f103xb.o(.text)
    EXTI0_IRQHandler                         0x0800027f   Thumb Code     0  startup_stm32f103xb.o(.text)
    EXTI15_10_IRQHandler                     0x0800027f   Thumb Code     0  startup_stm32f103xb.o(.text)
    EXTI1_IRQHandler                         0x0800027f   Thumb Code     0  startup_stm32f103xb.o(.text)
    EXTI2_IRQHandler                         0x0800027f   Thumb Code     0  startup_stm32f103xb.o(.text)
    EXTI3_IRQHandler                         0x0800027f   Thumb Code     0  startup_stm32f103xb.o(.text)
    EXTI4_IRQHandler                         0x0800027f   Thumb Code     0  startup_stm32f103xb.o(.text)
    EXTI9_5_IRQHandler                       0x0800027f   Thumb Code     0  startup_stm32f103xb.o(.text)
    FLASH_IRQHandler                         0x0800027f   Thumb Code     0  startup_stm32f103xb.o(.text)
    I2C1_ER_IRQHandler                       0x0800027f   Thumb Code     0  startup_stm32f103xb.o(.text)
    I2C1_EV_IRQHandler                       0x0800027f   Thumb Code     0  startup_stm32f103xb.o(.text)
    I2C2_ER_IRQHandler                       0x0800027f   Thumb Code     0  startup_stm32f103xb.o(.text)
    I2C2_EV_IRQHandler                       0x0800027f   Thumb Code     0  startup_stm32f103xb.o(.text)
    PVD_IRQHandler                           0x0800027f   Thumb Code     0  startup_stm32f103xb.o(.text)
    RCC_IRQHandler                           0x0800027f   Thumb Code     0  startup_stm32f103xb.o(.text)
    RTC_Alarm_IRQHandler                     0x0800027f   Thumb Code     0  startup_stm32f103xb.o(.text)
    RTC_IRQHandler                           0x0800027f   Thumb Code     0  startup_stm32f103xb.o(.text)
    SPI1_IRQHandler                          0x0800027f   Thumb Code     0  startup_stm32f103xb.o(.text)
    SPI2_IRQHandler                          0x0800027f   Thumb Code     0  startup_stm32f103xb.o(.text)
    TAMPER_IRQHandler                        0x0800027f   Thumb Code     0  startup_stm32f103xb.o(.text)
    TIM1_BRK_IRQHandler                      0x0800027f   Thumb Code     0  startup_stm32f103xb.o(.text)
    TIM1_CC_IRQHandler                       0x0800027f   Thumb Code     0  startup_stm32f103xb.o(.text)
    TIM1_TRG_COM_IRQHandler                  0x0800027f   Thumb Code     0  startup_stm32f103xb.o(.text)
    TIM1_UP_IRQHandler                       0x0800027f   Thumb Code     0  startup_stm32f103xb.o(.text)
    TIM2_IRQHandler                          0x0800027f   Thumb Code     0  startup_stm32f103xb.o(.text)
    TIM3_IRQHandler                          0x0800027f   Thumb Code     0  startup_stm32f103xb.o(.text)
    USART1_IRQHandler                        0x0800027f   Thumb Code     0  startup_stm32f103xb.o(.text)
    USART2_IRQHandler                        0x0800027f   Thumb Code     0  startup_stm32f103xb.o(.text)
    USART3_IRQHandler                        0x0800027f   Thumb Code     0  startup_stm32f103xb.o(.text)
    USBWakeUp_IRQHandler                     0x0800027f   Thumb Code     0  startup_stm32f103xb.o(.text)
    USB_HP_CAN1_TX_IRQHandler                0x0800027f   Thumb Code     0  startup_stm32f103xb.o(.text)
    USB_LP_CAN1_RX0_IRQHandler               0x0800027f   Thumb Code     0  startup_stm32f103xb.o(.text)
    WWDG_IRQHandler                          0x0800027f   Thumb Code     0  startup_stm32f103xb.o(.text)
    __user_initial_stackheap                 0x08000281   Thumb Code     0  startup_stm32f103xb.o(.text)
    __aeabi_ldivmod                          0x080002a5   Thumb Code     0  llsdiv.o(.text)
    _ll_sdiv                                 0x080002a5   Thumb Code    72  llsdiv.o(.text)
    __2sprintf                               0x080002ed   Thumb Code    34  noretval__2sprintf.o(.text)
    _printf_str                              0x08000315   Thumb Code    82  _printf_str.o(.text)
    _printf_int_dec                          0x08000369   Thumb Code   104  _printf_dec.o(.text)
    __printf                                 0x080003e1   Thumb Code   270  __printf_wp.o(.text)
    strlen                                   0x080004ef   Thumb Code    62  strlen.o(.text)
    __aeabi_memcpy                           0x0800052d   Thumb Code     0  rt_memcpy_v6.o(.text)
    __rt_memcpy                              0x0800052d   Thumb Code   138  rt_memcpy_v6.o(.text)
    _memcpy_lastbytes                        0x08000593   Thumb Code     0  rt_memcpy_v6.o(.text)
    __aeabi_memset                           0x080005b7   Thumb Code    16  aeabi_memset.o(.text)
    __aeabi_memclr4                          0x080005c7   Thumb Code     0  rt_memclr_w.o(.text)
    __aeabi_memclr8                          0x080005c7   Thumb Code     0  rt_memclr_w.o(.text)
    __rt_memclr_w                            0x080005c7   Thumb Code    78  rt_memclr_w.o(.text)
    _memset_w                                0x080005cb   Thumb Code     0  rt_memclr_w.o(.text)
    __use_two_region_memory                  0x08000615   Thumb Code     2  heapauxi.o(.text)
    __rt_heap_escrow                         0x08000617   Thumb Code     2  heapauxi.o(.text)
    __rt_heap_expand                         0x08000619   Thumb Code     2  heapauxi.o(.text)
    __aeabi_uldivmod                         0x0800061b   Thumb Code     0  lludivv7m.o(.text)
    _ll_udiv                                 0x0800061b   Thumb Code   238  lludivv7m.o(.text)
    __read_errno                             0x08000709   Thumb Code    10  _rserrno.o(.text)
    __set_errno                              0x08000713   Thumb Code    12  _rserrno.o(.text)
    _printf_int_common                       0x0800071f   Thumb Code   178  _printf_intcommon.o(.text)
    __lib_sel_fp_printf                      0x080007d1   Thumb Code     2  _printf_fp_dec.o(.text)
    _printf_fp_dec_real                      0x08000983   Thumb Code   620  _printf_fp_dec.o(.text)
    _printf_char_common                      0x08000bfb   Thumb Code    32  _printf_char_common.o(.text)
    _sputc                                   0x08000c21   Thumb Code    10  _sputc.o(.text)
    _printf_cs_common                        0x08000c2b   Thumb Code    20  _printf_char.o(.text)
    _printf_char                             0x08000c3f   Thumb Code    16  _printf_char.o(.text)
    _printf_string                           0x08000c4f   Thumb Code     8  _printf_char.o(.text)
    __aeabi_memcpy4                          0x08000c57   Thumb Code     0  rt_memcpy_w.o(.text)
    __aeabi_memcpy8                          0x08000c57   Thumb Code     0  rt_memcpy_w.o(.text)
    __rt_memcpy_w                            0x08000c57   Thumb Code   100  rt_memcpy_w.o(.text)
    _memcpy_lastbytes_aligned                0x08000c9f   Thumb Code     0  rt_memcpy_w.o(.text)
    __aeabi_memclr                           0x08000cbb   Thumb Code     0  rt_memclr.o(.text)
    __rt_memclr                              0x08000cbb   Thumb Code    68  rt_memclr.o(.text)
    _memset                                  0x08000cbf   Thumb Code     0  rt_memclr.o(.text)
    __rt_locale                              0x08000d01   Thumb Code     8  rt_locale_intlibspace.o(.text)
    __aeabi_errno_addr                       0x08000d09   Thumb Code     8  rt_errno_addr_intlibspace.o(.text)
    __errno$intlibspace                      0x08000d09   Thumb Code     0  rt_errno_addr_intlibspace.o(.text)
    __rt_errno_addr$intlibspace              0x08000d09   Thumb Code     0  rt_errno_addr_intlibspace.o(.text)
    _ll_udiv10                               0x08000d11   Thumb Code   138  lludiv10.o(.text)
    _printf_fp_infnan                        0x08000d9d   Thumb Code   112  _printf_fp_infnan.o(.text)
    _btod_etento                             0x08000e1d   Thumb Code   224  bigflt0.o(.text)
    __user_libspace                          0x08000f01   Thumb Code     8  libspace.o(.text)
    __user_perproc_libspace                  0x08000f01   Thumb Code     0  libspace.o(.text)
    __user_perthread_libspace                0x08000f01   Thumb Code     0  libspace.o(.text)
    __user_setup_stackheap                   0x08000f09   Thumb Code    74  sys_stackheap_outer.o(.text)
    exit                                     0x08000f53   Thumb Code    18  exit.o(.text)
    strcmp                                   0x08000f65   Thumb Code   128  strcmpv7m.o(.text)
    __I$use$semihosting                      0x08000fe5   Thumb Code     0  use_no_semi.o(.text)
    __use_no_semihosting_swi                 0x08000fe5   Thumb Code     2  use_no_semi.o(.text)
    __semihosting_library_function           0x08000fe7   Thumb Code     0  indicate_semi.o(.text)
    _sys_exit                                0x08000fe9   Thumb Code     8  sys_exit.o(.text)
    _btod_d2e                                0x08000ff5   Thumb Code    62  btod.o(CL$$btod_d2e)
    _d2e_denorm_low                          0x08001033   Thumb Code    70  btod.o(CL$$btod_d2e_denorm_low)
    _d2e_norm_op1                            0x08001079   Thumb Code    96  btod.o(CL$$btod_d2e_norm_op1)
    __btod_div_common                        0x080010d9   Thumb Code   696  btod.o(CL$$btod_div_common)
    _e2e                                     0x08001411   Thumb Code   220  btod.o(CL$$btod_e2e)
    _btod_ediv                               0x080014ed   Thumb Code    42  btod.o(CL$$btod_ediv)
    _btod_emul                               0x08001517   Thumb Code    42  btod.o(CL$$btod_emul)
    __btod_mult_common                       0x08001541   Thumb Code   580  btod.o(CL$$btod_mult_common)
    BMS_STA                                  0x08001785   Thumb Code    42  bq76930.o(i.BMS_STA)
    BQ76930_config                           0x080017b5   Thumb Code    34  bq76930.o(i.BQ76930_config)
    BQ_1_config                              0x080017d9   Thumb Code    34  bq76930.o(i.BQ_1_config)
    BusFault_Handler                         0x08001801   Thumb Code     2  stm32f1xx_it.o(i.BusFault_Handler)
    CRC8                                     0x08001803   Thumb Code    46  bq76930.o(i.CRC8)
    Close_DSG_CHG                            0x08001831   Thumb Code     8  bq76930.o(i.Close_DSG_CHG)
    DebugMon_Handler                         0x08001839   Thumb Code     2  stm32f1xx_it.o(i.DebugMon_Handler)
    Error_Handler                            0x0800183b   Thumb Code     4  main.o(i.Error_Handler)
    Get_BQ1_2_Temp                           0x08001841   Thumb Code   164  bq76930.o(i.Get_BQ1_2_Temp)
    Get_BQ_Current                           0x08001905   Thumb Code    96  bq76930.o(i.Get_BQ_Current)
    Get_Battery1                             0x08001975   Thumb Code    70  bq76930.o(i.Get_Battery1)
    Get_Battery10                            0x080019c5   Thumb Code    70  bq76930.o(i.Get_Battery10)
    Get_Battery11                            0x08001a15   Thumb Code    70  bq76930.o(i.Get_Battery11)
    Get_Battery12                            0x08001a65   Thumb Code    70  bq76930.o(i.Get_Battery12)
    Get_Battery15                            0x08001ab5   Thumb Code    70  bq76930.o(i.Get_Battery15)
    Get_Battery2                             0x08001b05   Thumb Code    66  bq76930.o(i.Get_Battery2)
    Get_Battery5                             0x08001b51   Thumb Code    70  bq76930.o(i.Get_Battery5)
    Get_Battery6                             0x08001ba1   Thumb Code    70  bq76930.o(i.Get_Battery6)
    Get_Battery7                             0x08001bf1   Thumb Code    70  bq76930.o(i.Get_Battery7)
    Get_Pack_Voltage                         0x08001c41   Thumb Code    76  bq76930.o(i.Get_Pack_Voltage)
    Get_offset                               0x08001c95   Thumb Code    58  bq76930.o(i.Get_offset)
    HAL_CAN_Init                             0x08001cd9   Thumb Code   282  stm32f1xx_hal_can.o(i.HAL_CAN_Init)
    HAL_CAN_MspInit                          0x08001df5   Thumb Code    96  can.o(i.HAL_CAN_MspInit)
    HAL_GPIO_Init                            0x08001e61   Thumb Code   446  stm32f1xx_hal_gpio.o(i.HAL_GPIO_Init)
    HAL_GPIO_ReadPin                         0x08002041   Thumb Code    10  stm32f1xx_hal_gpio.o(i.HAL_GPIO_ReadPin)
    HAL_GPIO_WritePin                        0x0800204b   Thumb Code    10  stm32f1xx_hal_gpio.o(i.HAL_GPIO_WritePin)
    HAL_GetTick                              0x08002055   Thumb Code     6  stm32f1xx_hal.o(i.HAL_GetTick)
    HAL_IWDG_Init                            0x08002061   Thumb Code    94  stm32f1xx_hal_iwdg.o(i.HAL_IWDG_Init)
    HAL_IWDG_Refresh                         0x080020bf   Thumb Code    12  stm32f1xx_hal_iwdg.o(i.HAL_IWDG_Refresh)
    HAL_IncTick                              0x080020cd   Thumb Code    12  stm32f1xx_hal.o(i.HAL_IncTick)
    HAL_Init                                 0x080020dd   Thumb Code    32  stm32f1xx_hal.o(i.HAL_Init)
    HAL_InitTick                             0x08002101   Thumb Code   132  stm32f1xx_hal_timebase_tim.o(i.HAL_InitTick)
    HAL_MspInit                              0x08002199   Thumb Code    62  stm32f1xx_hal_msp.o(i.HAL_MspInit)
    HAL_NVIC_EnableIRQ                       0x080021e1   Thumb Code    26  stm32f1xx_hal_cortex.o(i.HAL_NVIC_EnableIRQ)
    HAL_NVIC_SetPriority                     0x080021fd   Thumb Code    60  stm32f1xx_hal_cortex.o(i.HAL_NVIC_SetPriority)
    HAL_NVIC_SetPriorityGrouping             0x0800223d   Thumb Code    26  stm32f1xx_hal_cortex.o(i.HAL_NVIC_SetPriorityGrouping)
    HAL_RCC_ClockConfig                      0x08002261   Thumb Code   280  stm32f1xx_hal_rcc.o(i.HAL_RCC_ClockConfig)
    HAL_RCC_GetClockConfig                   0x0800238d   Thumb Code    54  stm32f1xx_hal_rcc.o(i.HAL_RCC_GetClockConfig)
    HAL_RCC_GetPCLK1Freq                     0x080023cd   Thumb Code    20  stm32f1xx_hal_rcc.o(i.HAL_RCC_GetPCLK1Freq)
    HAL_RCC_GetPCLK2Freq                     0x080023ed   Thumb Code    20  stm32f1xx_hal_rcc.o(i.HAL_RCC_GetPCLK2Freq)
    HAL_RCC_GetSysClockFreq                  0x0800240d   Thumb Code    58  stm32f1xx_hal_rcc.o(i.HAL_RCC_GetSysClockFreq)
    HAL_RCC_OscConfig                        0x08002459   Thumb Code   778  stm32f1xx_hal_rcc.o(i.HAL_RCC_OscConfig)
    HAL_TIMEx_BreakCallback                  0x08002779   Thumb Code     2  stm32f1xx_hal_tim_ex.o(i.HAL_TIMEx_BreakCallback)
    HAL_TIMEx_CommutCallback                 0x0800277b   Thumb Code     2  stm32f1xx_hal_tim_ex.o(i.HAL_TIMEx_CommutCallback)
    HAL_TIM_Base_Init                        0x0800277d   Thumb Code    90  stm32f1xx_hal_tim.o(i.HAL_TIM_Base_Init)
    HAL_TIM_Base_MspInit                     0x080027d7   Thumb Code     2  stm32f1xx_hal_tim.o(i.HAL_TIM_Base_MspInit)
    HAL_TIM_Base_Start_IT                    0x080027d9   Thumb Code    76  stm32f1xx_hal_tim.o(i.HAL_TIM_Base_Start_IT)
    HAL_TIM_IC_CaptureCallback               0x08002831   Thumb Code     2  stm32f1xx_hal_tim.o(i.HAL_TIM_IC_CaptureCallback)
    HAL_TIM_IRQHandler                       0x08002833   Thumb Code   304  stm32f1xx_hal_tim.o(i.HAL_TIM_IRQHandler)
    HAL_TIM_OC_DelayElapsedCallback          0x08002963   Thumb Code     2  stm32f1xx_hal_tim.o(i.HAL_TIM_OC_DelayElapsedCallback)
    HAL_TIM_PWM_PulseFinishedCallback        0x08002965   Thumb Code     2  stm32f1xx_hal_tim.o(i.HAL_TIM_PWM_PulseFinishedCallback)
    HAL_TIM_PeriodElapsedCallback            0x08002969   Thumb Code    14  main.o(i.HAL_TIM_PeriodElapsedCallback)
    HAL_TIM_TriggerCallback                  0x0800297d   Thumb Code     2  stm32f1xx_hal_tim.o(i.HAL_TIM_TriggerCallback)
    HAL_UART_Init                            0x0800297f   Thumb Code   100  stm32f1xx_hal_uart.o(i.HAL_UART_Init)
    HAL_UART_MspInit                         0x080029e5   Thumb Code   156  usart.o(i.HAL_UART_MspInit)
    HAL_UART_Transmit                        0x08002a91   Thumb Code   160  stm32f1xx_hal_uart.o(i.HAL_UART_Transmit)
    HardFault_Handler                        0x08002b31   Thumb Code     2  stm32f1xx_it.o(i.HardFault_Handler)
    HardwareInitTask                         0x08002b33   Thumb Code    20  hw_init_task.o(i.HardwareInitTask)
    I2C1_Configuration                       0x08002b47   Thumb Code     2  i2c1.o(i.I2C1_Configuration)
    IIC1_read_one_byte                       0x08002d21   Thumb Code    56  i2c1.o(i.IIC1_read_one_byte)
    IIC1_write_one_byte_CRC                  0x08002d59   Thumb Code    94  i2c1.o(i.IIC1_write_one_byte_CRC)
    Init_Task                                0x08002db9   Thumb Code    88  init_task.o(i.Init_Task)
    MCU_WAKE_BQ_ONOFF                        0x08002e31   Thumb Code    18  bq76930.o(i.MCU_WAKE_BQ_ONOFF)
    MX_CAN_Init                              0x08002e49   Thumb Code    58  can.o(i.MX_CAN_Init)
    MX_FREERTOS_Init                         0x08002e8d   Thumb Code    22  freertos.o(i.MX_FREERTOS_Init)
    MX_GPIO_Init                             0x08002eb1   Thumb Code   160  gpio.o(i.MX_GPIO_Init)
    MX_IWDG_Init                             0x08002f5d   Thumb Code    36  iwdg.o(i.MX_IWDG_Init)
    MX_USART1_UART_Init                      0x08002f89   Thumb Code    48  usart.o(i.MX_USART1_UART_Init)
    MX_USART2_UART_Init                      0x08002fc1   Thumb Code    48  usart.o(i.MX_USART2_UART_Init)
    MemManage_Handler                        0x08002ff9   Thumb Code     2  stm32f1xx_it.o(i.MemManage_Handler)
    NMI_Handler                              0x08002ffb   Thumb Code     2  stm32f1xx_it.o(i.NMI_Handler)
    OCD_SCD_PROTECT                          0x08002ffd   Thumb Code    22  bq76930.o(i.OCD_SCD_PROTECT)
    OV_UV_1_PROTECT                          0x08003015   Thumb Code   102  bq76930.o(i.OV_UV_1_PROTECT)
    Only_Close_CHG                           0x08003089   Thumb Code    28  bq76930.o(i.Only_Close_CHG)
    Only_Close_DSG                           0x080030a9   Thumb Code    28  bq76930.o(i.Only_Close_DSG)
    Only_Open_CHG                            0x080030c9   Thumb Code    28  bq76930.o(i.Only_Open_CHG)
    Only_Open_DSG                            0x080030e9   Thumb Code    28  bq76930.o(i.Only_Open_DSG)
    Open_DSG_CHG                             0x08003109   Thumb Code     8  bq76930.o(i.Open_DSG_CHG)
    Protect_Task                             0x08003111   Thumb Code   380  protect_task.o(i.Protect_Task)
    SOX_Task                                 0x08003295   Thumb Code   328  sox_task.o(i.SOX_Task)
    SampleTask                               0x080033f1   Thumb Code    62  sample_task.o(i.SampleTask)
    StartDefaultTask                         0x0800342f   Thumb Code     8  freertos.o(i.StartDefaultTask)
    SysTick_Handler                          0x08003437   Thumb Code    26  cmsis_os2.o(i.SysTick_Handler)
    SystemClock_Config                       0x08003451   Thumb Code   100  main.o(i.SystemClock_Config)
    SystemInit                               0x080034b5   Thumb Code     2  system_stm32f1xx.o(i.SystemInit)
    TIM4_IRQHandler                          0x080034b9   Thumb Code     6  stm32f1xx_it.o(i.TIM4_IRQHandler)
    TIM_Base_SetConfig                       0x080034c5   Thumb Code   108  stm32f1xx_hal_tim.o(i.TIM_Base_SetConfig)
    UART_Cmd_Task                            0x0800353d   Thumb Code   414  uart_cmd_task.o(i.UART_Cmd_Task)
    USART2_Printf                            0x08003a41   Thumb Code    14  usart.o(i.USART2_Printf)
    UartSend                                 0x08003a55   Thumb Code    26  usart.o(i.UartSend)
    UsageFault_Handler                       0x08003a75   Thumb Code     2  stm32f1xx_it.o(i.UsageFault_Handler)
    WAKE_ALL_DEVICE                          0x08003a77   Thumb Code    24  bq76930.o(i.WAKE_ALL_DEVICE)
    WDOGFeedTask                             0x08003a91   Thumb Code    14  init_task.o(i.WDOGFeedTask)
    __ARM_fpclassify                         0x08003aa5   Thumb Code    40  fpclassify.o(i.__ARM_fpclassify)
    __kernel_poly                            0x08003aed   Thumb Code   170  poly.o(i.__kernel_poly)
    __mathlib_dbl_divzero                    0x08003b99   Thumb Code    12  dunder.o(i.__mathlib_dbl_divzero)
    __mathlib_dbl_infnan                     0x08003ba9   Thumb Code     6  dunder.o(i.__mathlib_dbl_infnan)
    __mathlib_dbl_invalid                    0x08003baf   Thumb Code    12  dunder.o(i.__mathlib_dbl_invalid)
    _is_digit                                0x08003bbb   Thumb Code    14  __printf_wp.o(i._is_digit)
    log                                      0x08003bc9   Thumb Code   808  log.o(i.log)
    main                                     0x08003f25   Thumb Code    48  main.o(i.main)
    osDelay                                  0x08003f5d   Thumb Code    26  cmsis_os2.o(i.osDelay)
    osKernelInitialize                       0x08003f79   Thumb Code    32  cmsis_os2.o(i.osKernelInitialize)
    osKernelStart                            0x08003f9d   Thumb Code    48  cmsis_os2.o(i.osKernelStart)
    osThreadNew                              0x08003fd5   Thumb Code   138  cmsis_os2.o(i.osThreadNew)
    pvPortMalloc                             0x080047f5   Thumb Code   216  heap_4.o(i.pvPortMalloc)
    pxPortInitialiseStack                    0x080048d1   Thumb Code    32  port.o(i.pxPortInitialiseStack)
    uxListRemove                             0x080048f5   Thumb Code    38  list.o(i.uxListRemove)
    vApplicationGetIdleTaskMemory            0x0800491d   Thumb Code    16  cmsis_os2.o(i.vApplicationGetIdleTaskMemory)
    vApplicationGetTimerTaskMemory           0x08004931   Thumb Code    18  cmsis_os2.o(i.vApplicationGetTimerTaskMemory)
    vListInitialise                          0x08004949   Thumb Code    22  list.o(i.vListInitialise)
    vListInitialiseItem                      0x0800495f   Thumb Code     6  list.o(i.vListInitialiseItem)
    vListInsert                              0x08004965   Thumb Code    48  list.o(i.vListInsert)
    vListInsertEnd                           0x08004995   Thumb Code    24  list.o(i.vListInsertEnd)
    vPortEnterCritical                       0x080049ad   Thumb Code    54  port.o(i.vPortEnterCritical)
    vPortExitCritical                        0x080049ed   Thumb Code    34  port.o(i.vPortExitCritical)
    vPortFree                                0x08004a15   Thumb Code    94  heap_4.o(i.vPortFree)
    vPortSetupTimerInterrupt                 0x08004a79   Thumb Code    32  port.o(i.vPortSetupTimerInterrupt)
    vPortValidateInterruptPriority           0x08004a9d   Thumb Code    74  port.o(i.vPortValidateInterruptPriority)
    vQueueAddToRegistry                      0x08004af1   Thumb Code    34  queue.o(i.vQueueAddToRegistry)
    vQueueWaitForMessageRestricted           0x08004b19   Thumb Code    68  queue.o(i.vQueueWaitForMessageRestricted)
    vTaskDelay                               0x08004b5d   Thumb Code    66  tasks.o(i.vTaskDelay)
    vTaskDelete                              0x08004ba9   Thumb Code   130  tasks.o(i.vTaskDelete)
    vTaskInternalSetTimeOutState             0x08004c39   Thumb Code    12  tasks.o(i.vTaskInternalSetTimeOutState)
    vTaskMissedYield                         0x08004c49   Thumb Code     8  tasks.o(i.vTaskMissedYield)
    vTaskPlaceOnEventList                    0x08004c55   Thumb Code    44  tasks.o(i.vTaskPlaceOnEventList)
    vTaskPlaceOnEventListRestricted          0x08004c85   Thumb Code    52  tasks.o(i.vTaskPlaceOnEventListRestricted)
    vTaskStartScheduler                      0x08004cbd   Thumb Code   118  tasks.o(i.vTaskStartScheduler)
    vTaskSuspendAll                          0x08004d45   Thumb Code    10  tasks.o(i.vTaskSuspendAll)
    vTaskSwitchContext                       0x08004d55   Thumb Code    90  tasks.o(i.vTaskSwitchContext)
    xPortStartScheduler                      0x08004db9   Thumb Code   154  port.o(i.xPortStartScheduler)
    xPortSysTickHandler                      0x08004e61   Thumb Code    38  port.o(i.xPortSysTickHandler)
    xQueueGenericCreateStatic                0x08004e8d   Thumb Code   102  queue.o(i.xQueueGenericCreateStatic)
    xQueueGenericReset                       0x08004ef5   Thumb Code   132  queue.o(i.xQueueGenericReset)
    xQueueGenericSend                        0x08004f7d   Thumb Code   346  queue.o(i.xQueueGenericSend)
    xQueueGenericSendFromISR                 0x080050dd   Thumb Code   190  queue.o(i.xQueueGenericSendFromISR)
    xQueueReceive                            0x0800519d   Thumb Code   308  queue.o(i.xQueueReceive)
    xTaskCheckForTimeOut                     0x080052d5   Thumb Code   112  tasks.o(i.xTaskCheckForTimeOut)
    xTaskCreate                              0x08005349   Thumb Code    90  tasks.o(i.xTaskCreate)
    xTaskCreateStatic                        0x080053a3   Thumb Code    86  tasks.o(i.xTaskCreateStatic)
    xTaskGetSchedulerState                   0x080053f9   Thumb Code    22  tasks.o(i.xTaskGetSchedulerState)
    xTaskGetTickCount                        0x08005415   Thumb Code     6  tasks.o(i.xTaskGetTickCount)
    xTaskIncrementTick                       0x08005421   Thumb Code   192  tasks.o(i.xTaskIncrementTick)
    xTaskPriorityDisinherit                  0x080054e9   Thumb Code   118  tasks.o(i.xTaskPriorityDisinherit)
    xTaskRemoveFromEventList                 0x08005569   Thumb Code    98  tasks.o(i.xTaskRemoveFromEventList)
    xTaskResumeAll                           0x080055d9   Thumb Code   182  tasks.o(i.xTaskResumeAll)
    xTimerCreateTimerTask                    0x0800569d   Thumb Code    78  timers.o(i.xTimerCreateTimerTask)
    xTimerGenericCommand                     0x080056fd   Thumb Code    98  timers.o(i.xTimerGenericCommand)
    _get_lc_numeric                          0x08005765   Thumb Code    44  lc_numeric_c.o(locale$$code)
    __aeabi_d2f                              0x08005791   Thumb Code     0  d2f.o(x$fpl$d2f)
    _d2f                                     0x08005791   Thumb Code    98  d2f.o(x$fpl$d2f)
    __aeabi_dadd                             0x080057f5   Thumb Code     0  daddsub_clz.o(x$fpl$dadd)
    _dadd                                    0x080057f5   Thumb Code   332  daddsub_clz.o(x$fpl$dadd)
    __fpl_dcheck_NaN1                        0x08005945   Thumb Code    10  dcheck1.o(x$fpl$dcheck1)
    __fpl_dcmp_Inf                           0x08005955   Thumb Code    24  dcmpi.o(x$fpl$dcmpinf)
    __aeabi_ddiv                             0x0800596d   Thumb Code     0  ddiv.o(x$fpl$ddiv)
    _ddiv                                    0x0800596d   Thumb Code   552  ddiv.o(x$fpl$ddiv)
    __aeabi_cdcmpeq                          0x08005c1d   Thumb Code     0  deqf.o(x$fpl$deqf)
    _dcmpeq                                  0x08005c1d   Thumb Code   120  deqf.o(x$fpl$deqf)
    __aeabi_d2uiz                            0x08005c95   Thumb Code     0  dfixu.o(x$fpl$dfixu)
    _dfixu                                   0x08005c95   Thumb Code    90  dfixu.o(x$fpl$dfixu)
    __aeabi_i2d                              0x08005cef   Thumb Code     0  dflt_clz.o(x$fpl$dflt)
    _dflt                                    0x08005cef   Thumb Code    46  dflt_clz.o(x$fpl$dflt)
    __aeabi_ui2d                             0x08005d1d   Thumb Code     0  dflt_clz.o(x$fpl$dfltu)
    _dfltu                                   0x08005d1d   Thumb Code    38  dflt_clz.o(x$fpl$dfltu)
    __aeabi_dmul                             0x08005d45   Thumb Code     0  dmul.o(x$fpl$dmul)
    _dmul                                    0x08005d45   Thumb Code   332  dmul.o(x$fpl$dmul)
    __fpl_dnaninf                            0x08005e99   Thumb Code   156  dnaninf.o(x$fpl$dnaninf)
    __fpl_dretinf                            0x08005f35   Thumb Code    12  dretinf.o(x$fpl$dretinf)
    __aeabi_drsub                            0x08005f41   Thumb Code     0  daddsub_clz.o(x$fpl$drsb)
    _drsb                                    0x08005f41   Thumb Code    22  daddsub_clz.o(x$fpl$drsb)
    __aeabi_dsub                             0x08005f59   Thumb Code     0  daddsub_clz.o(x$fpl$dsub)
    _dsub                                    0x08005f59   Thumb Code   464  daddsub_clz.o(x$fpl$dsub)
    __aeabi_f2d                              0x0800612d   Thumb Code     0  f2d.o(x$fpl$f2d)
    _f2d                                     0x0800612d   Thumb Code    86  f2d.o(x$fpl$f2d)
    __aeabi_fadd                             0x08006185   Thumb Code     0  faddsub_clz.o(x$fpl$fadd)
    _fadd                                    0x08006185   Thumb Code   196  faddsub_clz.o(x$fpl$fadd)
    __aeabi_fdiv                             0x08006249   Thumb Code     0  fdiv.o(x$fpl$fdiv)
    _fdiv                                    0x08006249   Thumb Code   384  fdiv.o(x$fpl$fdiv)
    __aeabi_f2iz                             0x080063cd   Thumb Code     0  ffix.o(x$fpl$ffix)
    _ffix                                    0x080063cd   Thumb Code    54  ffix.o(x$fpl$ffix)
    __aeabi_i2f                              0x08006405   Thumb Code     0  fflt_clz.o(x$fpl$fflt)
    _fflt                                    0x08006405   Thumb Code    48  fflt_clz.o(x$fpl$fflt)
    __aeabi_ui2f                             0x08006435   Thumb Code     0  fflt_clz.o(x$fpl$ffltu)
    _ffltu                                   0x08006435   Thumb Code    38  fflt_clz.o(x$fpl$ffltu)
    __fpl_fnaninf                            0x0800645b   Thumb Code   140  fnaninf.o(x$fpl$fnaninf)
    __fpl_fretinf                            0x080064e7   Thumb Code    10  fretinf.o(x$fpl$fretinf)
    __aeabi_fsub                             0x080064f1   Thumb Code     0  faddsub_clz.o(x$fpl$fsub)
    _fsub                                    0x080064f1   Thumb Code   234  faddsub_clz.o(x$fpl$fsub)
    _printf_fp_dec                           0x080065db   Thumb Code     4  printf1.o(x$fpl$printf1)
    __fpl_return_NaN                         0x080065df   Thumb Code   100  retnan.o(x$fpl$retnan)
    __ARM_scalbn                             0x08006643   Thumb Code    92  scalbn.o(x$fpl$scalbn)
    __fpl_cmpreturn                          0x0800669f   Thumb Code    48  trapv.o(x$fpl$trapveneer)
    __I$use$fp                               0x080066ce   Number         0  usenofp.o(x$fpl$usenofp)
    defaultTask_attributes                   0x080066d0   Data          36  freertos.o(.constdata)
    AHBPrescTable                            0x08006706   Data          16  system_stm32f1xx.o(.constdata)
    APBPrescTable                            0x08006716   Data           8  system_stm32f1xx.o(.constdata)
    HardwareInitTask_attributes              0x08006720   Data          36  init_task.o(.constdata)
    SampleTask_attributes                    0x08006744   Data          36  init_task.o(.constdata)
    UARTTask_attributes                      0x08006768   Data          36  init_task.o(.constdata)
    SOXTask_attributes                       0x0800678c   Data          36  init_task.o(.constdata)
    ProtectTask_attributes                   0x080067b0   Data          36  init_task.o(.constdata)
    WDOGFeedTask_attributes                  0x080067d4   Data          36  init_task.o(.constdata)
    __mathlib_zero                           0x08006830   Data           8  qnan.o(.constdata)
    Region$$Table$$Base                      0x08006928   Number         0  anon$$obj.o(Region$$Table)
    Region$$Table$$Limit                     0x08006948   Number         0  anon$$obj.o(Region$$Table)
    defaultTaskHandle                        0x20000000   Data           4  freertos.o(.data)
    uwTickFreq                               0x20000004   Data           1  stm32f1xx_hal.o(.data)
    uwTickPrio                               0x20000008   Data           4  stm32f1xx_hal.o(.data)
    uwTick                                   0x2000000c   Data           4  stm32f1xx_hal.o(.data)
    SystemCoreClock                          0x20000010   Data           4  system_stm32f1xx.o(.data)
    pxCurrentTCB                             0x20000014   Data           4  tasks.o(.data)
    BMS_sta                                  0x20000094   Data           1  bq76930.o(.data)
    DSG_STA                                  0x20000095   Data           1  bq76930.o(.data)
    CHG_STA                                  0x20000096   Data           1  bq76930.o(.data)
    ADC_GAIN                                 0x20000098   Data           4  bq76930.o(.data)
    ADC_offset                               0x2000009c   Data           4  bq76930.o(.data)
    GAIN                                     0x200000a0   Data           4  bq76930.o(.data)
    SOC                                      0x200000a4   Data           4  bq76930.o(.data)
    Tempval_1                                0x200000a8   Data           4  bq76930.o(.data)
    Tempval_2                                0x200000ac   Data           4  bq76930.o(.data)
    UV_Alarm_flag                            0x200000b0   Data           4  bq76930.o(.data)
    OV_Alarm_flag                            0x200000b4   Data           4  bq76930.o(.data)
    SCD_Alarm_flag                           0x200000b8   Data           4  bq76930.o(.data)
    OCD_Alarm_flag                           0x200000bc   Data           4  bq76930.o(.data)
    can_buf1                                 0x200000c0   Data           8  bq76930.o(.data)
    can_buf2                                 0x200000c8   Data           8  bq76930.o(.data)
    can_buf3                                 0x200000d0   Data           8  bq76930.o(.data)
    can_buf4                                 0x200000d8   Data           8  bq76930.o(.data)
    can_buf5                                 0x200000e0   Data           8  bq76930.o(.data)
    can_buf6                                 0x200000e8   Data           8  bq76930.o(.data)
    can_buf7                                 0x200000f0   Data           8  bq76930.o(.data)
    shang                                    0x200000f8   Data          50  bq76930.o(.data)
    shang1                                   0x2000012a   Data          50  bq76930.o(.data)
    shang2                                   0x2000015c   Data          50  bq76930.o(.data)
    shang3                                   0x2000018e   Data          50  bq76930.o(.data)
    BQ769_INITAdd                            0x200001c0   Data          12  bq76930.o(.data)
    BQ769_INITdata                           0x200001cc   Data          12  bq76930.o(.data)
    OV_FLAG                                  0x200001d8   Data           1  protect_task.o(.data)
    UV_FLAG                                  0x200001d9   Data           1  protect_task.o(.data)
    OC_FLAG                                  0x200001da   Data           1  protect_task.o(.data)
    HardwareInitTaskHandle                   0x200001dc   Data           4  init_task.o(.data)
    SampleTaskHandle                         0x200001e0   Data           4  init_task.o(.data)
    UARTTaskHandle                           0x200001e4   Data           4  init_task.o(.data)
    SOXTaskHandle                            0x200001e8   Data           4  init_task.o(.data)
    ProtectTaskHandle                        0x200001ec   Data           4  init_task.o(.data)
    WDOGFeedTaskHandle                       0x200001f0   Data           4  init_task.o(.data)
    hcan                                     0x200001f4   Data          40  can.o(.bss)
    hiwdg                                    0x2000021c   Data          12  iwdg.o(.bss)
    huart1                                   0x20000228   Data          72  usart.o(.bss)
    huart2                                   0x20000270   Data          72  usart.o(.bss)
    htim4                                    0x200002b8   Data          72  stm32f1xx_hal_timebase_tim.o(.bss)
    xQueueRegistry                           0x20000300   Data          64  queue.o(.bss)
    Batteryval                               0x20001bd4   Data         200  bq76930.o(.bss)
    __libspace_start                         0x20001c9c   Data          96  libspace.o(.bss)
    __temporary_stack_top$libspace           0x20001cfc   Data           0  libspace.o(.bss)



==============================================================================

Memory Map of the image

  Image Entry point : 0x080000ed

  Load Region LR_IROM1 (Base: 0x08000000, Size: 0x00006b58, Max: 0x00010000, ABSOLUTE, COMPRESSED[0x000069ac])

    Execution Region ER_IROM1 (Exec base: 0x08000000, Load base: 0x08000000, Size: 0x00006964, Max: 0x00010000, ABSOLUTE)

    Exec Addr    Load Addr    Size         Type   Attr      Idx    E Section Name        Object

    0x08000000   0x08000000   0x000000ec   Data   RO            3    RESET               startup_stm32f103xb.o
    0x080000ec   0x080000ec   0x00000008   Code   RO         5727  * !!!main             c_w.l(__main.o)
    0x080000f4   0x080000f4   0x00000034   Code   RO         6237    !!!scatter          c_w.l(__scatter.o)
    0x08000128   0x08000128   0x0000003a   Code   RO         6235    !!dczerorl          c_w.l(__dczerorl.o)
    0x08000162   0x08000162   0x00000002   PAD
    0x08000164   0x08000164   0x0000001c   Code   RO         6239    !!handler_zi        c_w.l(__scatter_zi.o)
    0x08000180   0x08000180   0x00000000   Code   RO         5714    .ARM.Collect$$_printf_percent$$00000000  c_w.l(_printf_percent.o)
    0x08000180   0x08000180   0x00000006   Code   RO         5713    .ARM.Collect$$_printf_percent$$00000003  c_w.l(_printf_f.o)
    0x08000186   0x08000186   0x00000006   Code   RO         5712    .ARM.Collect$$_printf_percent$$00000009  c_w.l(_printf_d.o)
    0x0800018c   0x0800018c   0x00000006   Code   RO         5711    .ARM.Collect$$_printf_percent$$00000014  c_w.l(_printf_s.o)
    0x08000192   0x08000192   0x00000004   Code   RO         5804    .ARM.Collect$$_printf_percent$$00000017  c_w.l(_printf_percent_end.o)
    0x08000196   0x08000196   0x00000002   Code   RO         6026    .ARM.Collect$$libinit$$00000000  c_w.l(libinit.o)
    0x08000198   0x08000198   0x00000000   Code   RO         6028    .ARM.Collect$$libinit$$00000002  c_w.l(libinit2.o)
    0x08000198   0x08000198   0x00000000   Code   RO         6030    .ARM.Collect$$libinit$$00000004  c_w.l(libinit2.o)
    0x08000198   0x08000198   0x00000000   Code   RO         6033    .ARM.Collect$$libinit$$0000000A  c_w.l(libinit2.o)
    0x08000198   0x08000198   0x00000000   Code   RO         6035    .ARM.Collect$$libinit$$0000000C  c_w.l(libinit2.o)
    0x08000198   0x08000198   0x00000000   Code   RO         6037    .ARM.Collect$$libinit$$0000000E  c_w.l(libinit2.o)
    0x08000198   0x08000198   0x00000006   Code   RO         6038    .ARM.Collect$$libinit$$0000000F  c_w.l(libinit2.o)
    0x0800019e   0x0800019e   0x00000000   Code   RO         6040    .ARM.Collect$$libinit$$00000011  c_w.l(libinit2.o)
    0x0800019e   0x0800019e   0x00000000   Code   RO         6042    .ARM.Collect$$libinit$$00000013  c_w.l(libinit2.o)
    0x0800019e   0x0800019e   0x00000000   Code   RO         6044    .ARM.Collect$$libinit$$00000015  c_w.l(libinit2.o)
    0x0800019e   0x0800019e   0x0000000a   Code   RO         6045    .ARM.Collect$$libinit$$00000016  c_w.l(libinit2.o)
    0x080001a8   0x080001a8   0x00000000   Code   RO         6046    .ARM.Collect$$libinit$$00000017  c_w.l(libinit2.o)
    0x080001a8   0x080001a8   0x00000000   Code   RO         6048    .ARM.Collect$$libinit$$00000019  c_w.l(libinit2.o)
    0x080001a8   0x080001a8   0x00000000   Code   RO         6050    .ARM.Collect$$libinit$$0000001B  c_w.l(libinit2.o)
    0x080001a8   0x080001a8   0x00000000   Code   RO         6052    .ARM.Collect$$libinit$$0000001D  c_w.l(libinit2.o)
    0x080001a8   0x080001a8   0x00000000   Code   RO         6054    .ARM.Collect$$libinit$$0000001F  c_w.l(libinit2.o)
    0x080001a8   0x080001a8   0x00000000   Code   RO         6056    .ARM.Collect$$libinit$$00000021  c_w.l(libinit2.o)
    0x080001a8   0x080001a8   0x00000000   Code   RO         6058    .ARM.Collect$$libinit$$00000023  c_w.l(libinit2.o)
    0x080001a8   0x080001a8   0x00000000   Code   RO         6060    .ARM.Collect$$libinit$$00000025  c_w.l(libinit2.o)
    0x080001a8   0x080001a8   0x00000000   Code   RO         6064    .ARM.Collect$$libinit$$0000002C  c_w.l(libinit2.o)
    0x080001a8   0x080001a8   0x00000000   Code   RO         6066    .ARM.Collect$$libinit$$0000002E  c_w.l(libinit2.o)
    0x080001a8   0x080001a8   0x00000000   Code   RO         6068    .ARM.Collect$$libinit$$00000030  c_w.l(libinit2.o)
    0x080001a8   0x080001a8   0x00000000   Code   RO         6070    .ARM.Collect$$libinit$$00000032  c_w.l(libinit2.o)
    0x080001a8   0x080001a8   0x00000002   Code   RO         6071    .ARM.Collect$$libinit$$00000033  c_w.l(libinit2.o)
    0x080001aa   0x080001aa   0x00000002   Code   RO         6216    .ARM.Collect$$libshutdown$$00000000  c_w.l(libshutdown.o)
    0x080001ac   0x080001ac   0x00000000   Code   RO         6073    .ARM.Collect$$libshutdown$$00000002  c_w.l(libshutdown2.o)
    0x080001ac   0x080001ac   0x00000000   Code   RO         6075    .ARM.Collect$$libshutdown$$00000004  c_w.l(libshutdown2.o)
    0x080001ac   0x080001ac   0x00000000   Code   RO         6077    .ARM.Collect$$libshutdown$$00000006  c_w.l(libshutdown2.o)
    0x080001ac   0x080001ac   0x00000000   Code   RO         6080    .ARM.Collect$$libshutdown$$00000009  c_w.l(libshutdown2.o)
    0x080001ac   0x080001ac   0x00000000   Code   RO         6083    .ARM.Collect$$libshutdown$$0000000C  c_w.l(libshutdown2.o)
    0x080001ac   0x080001ac   0x00000000   Code   RO         6085    .ARM.Collect$$libshutdown$$0000000E  c_w.l(libshutdown2.o)
    0x080001ac   0x080001ac   0x00000000   Code   RO         6088    .ARM.Collect$$libshutdown$$00000011  c_w.l(libshutdown2.o)
    0x080001ac   0x080001ac   0x00000002   Code   RO         6089    .ARM.Collect$$libshutdown$$00000012  c_w.l(libshutdown2.o)
    0x080001ae   0x080001ae   0x00000000   Code   RO         5787    .ARM.Collect$$rtentry$$00000000  c_w.l(__rtentry.o)
    0x080001ae   0x080001ae   0x00000000   Code   RO         5846    .ARM.Collect$$rtentry$$00000002  c_w.l(__rtentry2.o)
    0x080001ae   0x080001ae   0x00000006   Code   RO         5858    .ARM.Collect$$rtentry$$00000004  c_w.l(__rtentry4.o)
    0x080001b4   0x080001b4   0x00000000   Code   RO         5848    .ARM.Collect$$rtentry$$00000009  c_w.l(__rtentry2.o)
    0x080001b4   0x080001b4   0x00000004   Code   RO         5849    .ARM.Collect$$rtentry$$0000000A  c_w.l(__rtentry2.o)
    0x080001b8   0x080001b8   0x00000000   Code   RO         5851    .ARM.Collect$$rtentry$$0000000C  c_w.l(__rtentry2.o)
    0x080001b8   0x080001b8   0x00000008   Code   RO         5852    .ARM.Collect$$rtentry$$0000000D  c_w.l(__rtentry2.o)
    0x080001c0   0x080001c0   0x00000002   Code   RO         6097    .ARM.Collect$$rtexit$$00000000  c_w.l(rtexit.o)
    0x080001c2   0x080001c2   0x00000000   Code   RO         6157    .ARM.Collect$$rtexit$$00000002  c_w.l(rtexit2.o)
    0x080001c2   0x080001c2   0x00000004   Code   RO         6158    .ARM.Collect$$rtexit$$00000003  c_w.l(rtexit2.o)
    0x080001c6   0x080001c6   0x00000006   Code   RO         6159    .ARM.Collect$$rtexit$$00000004  c_w.l(rtexit2.o)
    0x080001cc   0x080001cc   0x00000096   Code   RO         4867    .emb_text           port.o
    0x08000262   0x08000262   0x00000002   PAD
    0x08000264   0x08000264   0x00000040   Code   RO            4    .text               startup_stm32f103xb.o
    0x080002a4   0x080002a4   0x00000048   Code   RO         5675    .text               c_w.l(llsdiv.o)
    0x080002ec   0x080002ec   0x00000028   Code   RO         5683    .text               c_w.l(noretval__2sprintf.o)
    0x08000314   0x08000314   0x00000052   Code   RO         5687    .text               c_w.l(_printf_str.o)
    0x08000366   0x08000366   0x00000002   PAD
    0x08000368   0x08000368   0x00000078   Code   RO         5689    .text               c_w.l(_printf_dec.o)
    0x080003e0   0x080003e0   0x0000010e   Code   RO         5699    .text               c_w.l(__printf_wp.o)
    0x080004ee   0x080004ee   0x0000003e   Code   RO         5715    .text               c_w.l(strlen.o)
    0x0800052c   0x0800052c   0x0000008a   Code   RO         5717    .text               c_w.l(rt_memcpy_v6.o)
    0x080005b6   0x080005b6   0x00000010   Code   RO         5721    .text               c_w.l(aeabi_memset.o)
    0x080005c6   0x080005c6   0x0000004e   Code   RO         5723    .text               c_w.l(rt_memclr_w.o)
    0x08000614   0x08000614   0x00000006   Code   RO         5725    .text               c_w.l(heapauxi.o)
    0x0800061a   0x0800061a   0x000000ee   Code   RO         5788    .text               c_w.l(lludivv7m.o)
    0x08000708   0x08000708   0x00000016   Code   RO         5790    .text               c_w.l(_rserrno.o)
    0x0800071e   0x0800071e   0x000000b2   Code   RO         5792    .text               c_w.l(_printf_intcommon.o)
    0x080007d0   0x080007d0   0x0000041e   Code   RO         5794    .text               c_w.l(_printf_fp_dec.o)
    0x08000bee   0x08000bee   0x00000002   PAD
    0x08000bf0   0x08000bf0   0x00000030   Code   RO         5796    .text               c_w.l(_printf_char_common.o)
    0x08000c20   0x08000c20   0x0000000a   Code   RO         5798    .text               c_w.l(_sputc.o)
    0x08000c2a   0x08000c2a   0x0000002c   Code   RO         5800    .text               c_w.l(_printf_char.o)
    0x08000c56   0x08000c56   0x00000064   Code   RO         5811    .text               c_w.l(rt_memcpy_w.o)
    0x08000cba   0x08000cba   0x00000044   Code   RO         5813    .text               c_w.l(rt_memclr.o)
    0x08000cfe   0x08000cfe   0x00000002   PAD
    0x08000d00   0x08000d00   0x00000008   Code   RO         5867    .text               c_w.l(rt_locale_intlibspace.o)
    0x08000d08   0x08000d08   0x00000008   Code   RO         5872    .text               c_w.l(rt_errno_addr_intlibspace.o)
    0x08000d10   0x08000d10   0x0000008a   Code   RO         5874    .text               c_w.l(lludiv10.o)
    0x08000d9a   0x08000d9a   0x00000002   PAD
    0x08000d9c   0x08000d9c   0x00000080   Code   RO         5876    .text               c_w.l(_printf_fp_infnan.o)
    0x08000e1c   0x08000e1c   0x000000e4   Code   RO         5880    .text               c_w.l(bigflt0.o)
    0x08000f00   0x08000f00   0x00000008   Code   RO         5935    .text               c_w.l(libspace.o)
    0x08000f08   0x08000f08   0x0000004a   Code   RO         5940    .text               c_w.l(sys_stackheap_outer.o)
    0x08000f52   0x08000f52   0x00000012   Code   RO         6013    .text               c_w.l(exit.o)
    0x08000f64   0x08000f64   0x00000080   Code   RO         6019    .text               c_w.l(strcmpv7m.o)
    0x08000fe4   0x08000fe4   0x00000002   Code   RO         6094    .text               c_w.l(use_no_semi.o)
    0x08000fe6   0x08000fe6   0x00000000   Code   RO         6096    .text               c_w.l(indicate_semi.o)
    0x08000fe6   0x08000fe6   0x00000002   PAD
    0x08000fe8   0x08000fe8   0x0000000c   Code   RO         6154    .text               c_w.l(sys_exit.o)
    0x08000ff4   0x08000ff4   0x0000003e   Code   RO         5883    CL$$btod_d2e        c_w.l(btod.o)
    0x08001032   0x08001032   0x00000046   Code   RO         5885    CL$$btod_d2e_denorm_low  c_w.l(btod.o)
    0x08001078   0x08001078   0x00000060   Code   RO         5884    CL$$btod_d2e_norm_op1  c_w.l(btod.o)
    0x080010d8   0x080010d8   0x00000338   Code   RO         5893    CL$$btod_div_common  c_w.l(btod.o)
    0x08001410   0x08001410   0x000000dc   Code   RO         5890    CL$$btod_e2e        c_w.l(btod.o)
    0x080014ec   0x080014ec   0x0000002a   Code   RO         5887    CL$$btod_ediv       c_w.l(btod.o)
    0x08001516   0x08001516   0x0000002a   Code   RO         5886    CL$$btod_emul       c_w.l(btod.o)
    0x08001540   0x08001540   0x00000244   Code   RO         5892    CL$$btod_mult_common  c_w.l(btod.o)
    0x08001784   0x08001784   0x00000030   Code   RO         4948    i.BMS_STA           bq76930.o
    0x080017b4   0x080017b4   0x00000022   Code   RO         4949    i.BQ76930_config    bq76930.o
    0x080017d6   0x080017d6   0x00000002   PAD
    0x080017d8   0x080017d8   0x00000028   Code   RO         4951    i.BQ_1_config       bq76930.o
    0x08001800   0x08001800   0x00000002   Code   RO          411    i.BusFault_Handler  stm32f1xx_it.o
    0x08001802   0x08001802   0x0000002e   Code   RO         4971    i.CRC8              bq76930.o
    0x08001830   0x08001830   0x00000008   Code   RO         4972    i.Close_DSG_CHG     bq76930.o
    0x08001838   0x08001838   0x00000002   Code   RO          412    i.DebugMon_Handler  stm32f1xx_it.o
    0x0800183a   0x0800183a   0x00000004   Code   RO           13    i.Error_Handler     main.o
    0x0800183e   0x0800183e   0x00000002   PAD
    0x08001840   0x08001840   0x000000c4   Code   RO         4974    i.Get_BQ1_2_Temp    bq76930.o
    0x08001904   0x08001904   0x00000070   Code   RO         4975    i.Get_BQ_Current    bq76930.o
    0x08001974   0x08001974   0x00000050   Code   RO         4976    i.Get_Battery1      bq76930.o
    0x080019c4   0x080019c4   0x00000050   Code   RO         4977    i.Get_Battery10     bq76930.o
    0x08001a14   0x08001a14   0x00000050   Code   RO         4978    i.Get_Battery11     bq76930.o
    0x08001a64   0x08001a64   0x00000050   Code   RO         4979    i.Get_Battery12     bq76930.o
    0x08001ab4   0x08001ab4   0x00000050   Code   RO         4982    i.Get_Battery15     bq76930.o
    0x08001b04   0x08001b04   0x0000004c   Code   RO         4983    i.Get_Battery2      bq76930.o
    0x08001b50   0x08001b50   0x00000050   Code   RO         4986    i.Get_Battery5      bq76930.o
    0x08001ba0   0x08001ba0   0x00000050   Code   RO         4987    i.Get_Battery6      bq76930.o
    0x08001bf0   0x08001bf0   0x00000050   Code   RO         4988    i.Get_Battery7      bq76930.o
    0x08001c40   0x08001c40   0x00000054   Code   RO         4991    i.Get_Pack_Voltage  bq76930.o
    0x08001c94   0x08001c94   0x00000044   Code   RO         4995    i.Get_offset        bq76930.o
    0x08001cd8   0x08001cd8   0x0000011a   Code   RO         1561    i.HAL_CAN_Init      stm32f1xx_hal_can.o
    0x08001df2   0x08001df2   0x00000002   PAD
    0x08001df4   0x08001df4   0x0000006c   Code   RO          275    i.HAL_CAN_MspInit   can.o
    0x08001e60   0x08001e60   0x000001e0   Code   RO         2098    i.HAL_GPIO_Init     stm32f1xx_hal_gpio.o
    0x08002040   0x08002040   0x0000000a   Code   RO         2100    i.HAL_GPIO_ReadPin  stm32f1xx_hal_gpio.o
    0x0800204a   0x0800204a   0x0000000a   Code   RO         2102    i.HAL_GPIO_WritePin  stm32f1xx_hal_gpio.o
    0x08002054   0x08002054   0x0000000c   Code   RO         1792    i.HAL_GetTick       stm32f1xx_hal.o
    0x08002060   0x08002060   0x0000005e   Code   RO         2758    i.HAL_IWDG_Init     stm32f1xx_hal_iwdg.o
    0x080020be   0x080020be   0x0000000c   Code   RO         2759    i.HAL_IWDG_Refresh  stm32f1xx_hal_iwdg.o
    0x080020ca   0x080020ca   0x00000002   PAD
    0x080020cc   0x080020cc   0x00000010   Code   RO         1798    i.HAL_IncTick       stm32f1xx_hal.o
    0x080020dc   0x080020dc   0x00000024   Code   RO         1799    i.HAL_Init          stm32f1xx_hal.o
    0x08002100   0x08002100   0x00000098   Code   RO          499    i.HAL_InitTick      stm32f1xx_hal_timebase_tim.o
    0x08002198   0x08002198   0x00000048   Code   RO          475    i.HAL_MspInit       stm32f1xx_hal_msp.o
    0x080021e0   0x080021e0   0x0000001a   Code   RO         2258    i.HAL_NVIC_EnableIRQ  stm32f1xx_hal_cortex.o
    0x080021fa   0x080021fa   0x00000002   PAD
    0x080021fc   0x080021fc   0x00000040   Code   RO         2264    i.HAL_NVIC_SetPriority  stm32f1xx_hal_cortex.o
    0x0800223c   0x0800223c   0x00000024   Code   RO         2265    i.HAL_NVIC_SetPriorityGrouping  stm32f1xx_hal_cortex.o
    0x08002260   0x08002260   0x0000012c   Code   RO         1956    i.HAL_RCC_ClockConfig  stm32f1xx_hal_rcc.o
    0x0800238c   0x0800238c   0x00000040   Code   RO         1960    i.HAL_RCC_GetClockConfig  stm32f1xx_hal_rcc.o
    0x080023cc   0x080023cc   0x00000020   Code   RO         1963    i.HAL_RCC_GetPCLK1Freq  stm32f1xx_hal_rcc.o
    0x080023ec   0x080023ec   0x00000020   Code   RO         1964    i.HAL_RCC_GetPCLK2Freq  stm32f1xx_hal_rcc.o
    0x0800240c   0x0800240c   0x0000004c   Code   RO         1965    i.HAL_RCC_GetSysClockFreq  stm32f1xx_hal_rcc.o
    0x08002458   0x08002458   0x00000320   Code   RO         1968    i.HAL_RCC_OscConfig  stm32f1xx_hal_rcc.o
    0x08002778   0x08002778   0x00000002   Code   RO         1280    i.HAL_TIMEx_BreakCallback  stm32f1xx_hal_tim_ex.o
    0x0800277a   0x0800277a   0x00000002   Code   RO         1281    i.HAL_TIMEx_CommutCallback  stm32f1xx_hal_tim_ex.o
    0x0800277c   0x0800277c   0x0000005a   Code   RO          576    i.HAL_TIM_Base_Init  stm32f1xx_hal_tim.o
    0x080027d6   0x080027d6   0x00000002   Code   RO          578    i.HAL_TIM_Base_MspInit  stm32f1xx_hal_tim.o
    0x080027d8   0x080027d8   0x00000058   Code   RO          581    i.HAL_TIM_Base_Start_IT  stm32f1xx_hal_tim.o
    0x08002830   0x08002830   0x00000002   Code   RO          610    i.HAL_TIM_IC_CaptureCallback  stm32f1xx_hal_tim.o
    0x08002832   0x08002832   0x00000130   Code   RO          624    i.HAL_TIM_IRQHandler  stm32f1xx_hal_tim.o
    0x08002962   0x08002962   0x00000002   Code   RO          627    i.HAL_TIM_OC_DelayElapsedCallback  stm32f1xx_hal_tim.o
    0x08002964   0x08002964   0x00000002   Code   RO          654    i.HAL_TIM_PWM_PulseFinishedCallback  stm32f1xx_hal_tim.o
    0x08002966   0x08002966   0x00000002   PAD
    0x08002968   0x08002968   0x00000014   Code   RO           14    i.HAL_TIM_PeriodElapsedCallback  main.o
    0x0800297c   0x0800297c   0x00000002   Code   RO          667    i.HAL_TIM_TriggerCallback  stm32f1xx_hal_tim.o
    0x0800297e   0x0800297e   0x00000064   Code   RO         2818    i.HAL_UART_Init     stm32f1xx_hal_uart.o
    0x080029e2   0x080029e2   0x00000002   PAD
    0x080029e4   0x080029e4   0x000000ac   Code   RO          352    i.HAL_UART_MspInit  usart.o
    0x08002a90   0x08002a90   0x000000a0   Code   RO         2826    i.HAL_UART_Transmit  stm32f1xx_hal_uart.o
    0x08002b30   0x08002b30   0x00000002   Code   RO          413    i.HardFault_Handler  stm32f1xx_it.o
    0x08002b32   0x08002b32   0x00000014   Code   RO         5650    i.HardwareInitTask  hw_init_task.o
    0x08002b46   0x08002b46   0x00000002   Code   RO         5363    i.I2C1_Configuration  i2c1.o
    0x08002b48   0x08002b48   0x00000068   Code   RO         5365    i.I2C1_ReceiveByte  i2c1.o
    0x08002bb0   0x08002bb0   0x00000060   Code   RO         5366    i.I2C1_SendByte     i2c1.o
    0x08002c10   0x08002c10   0x0000005c   Code   RO         5367    i.I2C1_Start        i2c1.o
    0x08002c6c   0x08002c6c   0x0000004c   Code   RO         5368    i.I2C1_Stop         i2c1.o
    0x08002cb8   0x08002cb8   0x0000005c   Code   RO         5369    i.I2C1_WaitAck      i2c1.o
    0x08002d14   0x08002d14   0x0000000c   Code   RO         5371    i.I2C_delay         i2c1.o
    0x08002d20   0x08002d20   0x00000038   Code   RO         5373    i.IIC1_read_one_byte  i2c1.o
    0x08002d58   0x08002d58   0x0000005e   Code   RO         5376    i.IIC1_write_one_byte_CRC  i2c1.o
    0x08002db6   0x08002db6   0x00000002   PAD
    0x08002db8   0x08002db8   0x00000078   Code   RO         5608    i.Init_Task         init_task.o
    0x08002e30   0x08002e30   0x00000018   Code   RO         4996    i.MCU_WAKE_BQ_ONOFF  bq76930.o
    0x08002e48   0x08002e48   0x00000044   Code   RO          276    i.MX_CAN_Init       can.o
    0x08002e8c   0x08002e8c   0x00000024   Code   RO          227    i.MX_FREERTOS_Init  freertos.o
    0x08002eb0   0x08002eb0   0x000000ac   Code   RO          203    i.MX_GPIO_Init      gpio.o
    0x08002f5c   0x08002f5c   0x0000002c   Code   RO          321    i.MX_IWDG_Init      iwdg.o
    0x08002f88   0x08002f88   0x00000038   Code   RO          353    i.MX_USART1_UART_Init  usart.o
    0x08002fc0   0x08002fc0   0x00000038   Code   RO          354    i.MX_USART2_UART_Init  usart.o
    0x08002ff8   0x08002ff8   0x00000002   Code   RO          414    i.MemManage_Handler  stm32f1xx_it.o
    0x08002ffa   0x08002ffa   0x00000002   Code   RO          415    i.NMI_Handler       stm32f1xx_it.o
    0x08002ffc   0x08002ffc   0x00000016   Code   RO         4997    i.OCD_SCD_PROTECT   bq76930.o
    0x08003012   0x08003012   0x00000002   PAD
    0x08003014   0x08003014   0x00000074   Code   RO         4999    i.OV_UV_1_PROTECT   bq76930.o
    0x08003088   0x08003088   0x00000020   Code   RO         5000    i.Only_Close_CHG    bq76930.o
    0x080030a8   0x080030a8   0x00000020   Code   RO         5001    i.Only_Close_DSG    bq76930.o
    0x080030c8   0x080030c8   0x00000020   Code   RO         5002    i.Only_Open_CHG     bq76930.o
    0x080030e8   0x080030e8   0x00000020   Code   RO         5003    i.Only_Open_DSG     bq76930.o
    0x08003108   0x08003108   0x00000008   Code   RO         5004    i.Open_DSG_CHG      bq76930.o
    0x08003110   0x08003110   0x00000184   Code   RO         5459    i.Protect_Task      protect_task.o
    0x08003294   0x08003294   0x0000015c   Code   RO         5552    i.SOX_Task          sox_task.o
    0x080033f0   0x080033f0   0x0000003e   Code   RO         5497    i.SampleTask        sample_task.o
    0x0800342e   0x0800342e   0x00000008   Code   RO          228    i.StartDefaultTask  freertos.o
    0x08003436   0x08003436   0x0000001a   Code   RO         4299    i.SysTick_Handler   cmsis_os2.o
    0x08003450   0x08003450   0x00000064   Code   RO           15    i.SystemClock_Config  main.o
    0x080034b4   0x080034b4   0x00000002   Code   RO         3152    i.SystemInit        system_stm32f1xx.o
    0x080034b6   0x080034b6   0x00000002   PAD
    0x080034b8   0x080034b8   0x0000000c   Code   RO          416    i.TIM4_IRQHandler   stm32f1xx_it.o
    0x080034c4   0x080034c4   0x00000078   Code   RO          669    i.TIM_Base_SetConfig  stm32f1xx_hal_tim.o
    0x0800353c   0x0800353c   0x00000388   Code   RO         5580    i.UART_Cmd_Task     uart_cmd_task.o
    0x080038c4   0x080038c4   0x0000004e   Code   RO         2841    i.UART_EndRxTransfer  stm32f1xx_hal_uart.o
    0x08003912   0x08003912   0x00000002   PAD
    0x08003914   0x08003914   0x000000b8   Code   RO         2844    i.UART_SetConfig    stm32f1xx_hal_uart.o
    0x080039cc   0x080039cc   0x00000072   Code   RO         2847    i.UART_WaitOnFlagUntilTimeout  stm32f1xx_hal_uart.o
    0x08003a3e   0x08003a3e   0x00000002   PAD
    0x08003a40   0x08003a40   0x00000014   Code   RO          355    i.USART2_Printf     usart.o
    0x08003a54   0x08003a54   0x00000020   Code   RO          356    i.UartSend          usart.o
    0x08003a74   0x08003a74   0x00000002   Code   RO          417    i.UsageFault_Handler  stm32f1xx_it.o
    0x08003a76   0x08003a76   0x00000018   Code   RO         5009    i.WAKE_ALL_DEVICE   bq76930.o
    0x08003a8e   0x08003a8e   0x00000002   PAD
    0x08003a90   0x08003a90   0x00000014   Code   RO         5609    i.WDOGFeedTask      init_task.o
    0x08003aa4   0x08003aa4   0x00000028   Code   RO         5928    i.__ARM_fpclassify  m_ws.l(fpclassify.o)
    0x08003acc   0x08003acc   0x00000020   Code   RO         2271    i.__NVIC_SetPriority  stm32f1xx_hal_cortex.o
    0x08003aec   0x08003aec   0x000000aa   Code   RO         5842    i.__kernel_poly     m_ws.l(poly.o)
    0x08003b96   0x08003b96   0x00000002   PAD
    0x08003b98   0x08003b98   0x00000010   Code   RO         5828    i.__mathlib_dbl_divzero  m_ws.l(dunder.o)
    0x08003ba8   0x08003ba8   0x00000006   Code   RO         5829    i.__mathlib_dbl_infnan  m_ws.l(dunder.o)
    0x08003bae   0x08003bae   0x0000000c   Code   RO         5831    i.__mathlib_dbl_invalid  m_ws.l(dunder.o)
    0x08003bba   0x08003bba   0x0000000e   Code   RO         5701    i._is_digit         c_w.l(__printf_wp.o)
    0x08003bc8   0x08003bc8   0x0000035c   Code   RO         5778    i.log               m_ws.l(log.o)
    0x08003f24   0x08003f24   0x00000038   Code   RO           16    i.main              main.o
    0x08003f5c   0x08003f5c   0x0000001a   Code   RO         4301    i.osDelay           cmsis_os2.o
    0x08003f76   0x08003f76   0x00000002   PAD
    0x08003f78   0x08003f78   0x00000024   Code   RO         4315    i.osKernelInitialize  cmsis_os2.o
    0x08003f9c   0x08003f9c   0x00000038   Code   RO         4318    i.osKernelStart     cmsis_os2.o
    0x08003fd4   0x08003fd4   0x0000008a   Code   RO         4360    i.osThreadNew       cmsis_os2.o
    0x0800405e   0x0800405e   0x00000002   PAD
    0x08004060   0x08004060   0x0000005c   Code   RO         3760    i.prvAddCurrentTaskToDelayedList  tasks.o
    0x080040bc   0x080040bc   0x000000d0   Code   RO         3761    i.prvAddNewTaskToReadyList  tasks.o
    0x0800418c   0x0800418c   0x00000058   Code   RO         4125    i.prvCheckForValidListAndQueue  timers.o
    0x080041e4   0x080041e4   0x00000026   Code   RO         3357    i.prvCopyDataFromQueue  queue.o
    0x0800420a   0x0800420a   0x0000006c   Code   RO         3358    i.prvCopyDataToQueue  queue.o
    0x08004276   0x08004276   0x00000034   Code   RO         3762    i.prvDeleteTCB      tasks.o
    0x080042aa   0x080042aa   0x00000002   PAD
    0x080042ac   0x080042ac   0x0000004c   Code   RO         4812    i.prvHeapInit       heap_4.o
    0x080042f8   0x080042f8   0x00000060   Code   RO         3763    i.prvIdleTask       tasks.o
    0x08004358   0x08004358   0x00000022   Code   RO         3360    i.prvInitialiseNewQueue  queue.o
    0x0800437a   0x0800437a   0x00000002   PAD
    0x0800437c   0x0800437c   0x000000b0   Code   RO         3764    i.prvInitialiseNewTask  tasks.o
    0x0800442c   0x0800442c   0x0000004c   Code   RO         4813    i.prvInsertBlockIntoFreeList  heap_4.o
    0x08004478   0x08004478   0x00000038   Code   RO         4127    i.prvInsertTimerInActiveList  timers.o
    0x080044b0   0x080044b0   0x0000001c   Code   RO         3361    i.prvIsQueueEmpty   queue.o
    0x080044cc   0x080044cc   0x000000fc   Code   RO         4128    i.prvProcessReceivedCommands  timers.o
    0x080045c8   0x080045c8   0x000000c0   Code   RO         4129    i.prvProcessTimerOrBlockTask  timers.o
    0x08004688   0x08004688   0x00000020   Code   RO         3766    i.prvResetNextTaskUnblockTime  tasks.o
    0x080046a8   0x080046a8   0x00000028   Code   RO         4130    i.prvSampleTimeNow  timers.o
    0x080046d0   0x080046d0   0x0000006c   Code   RO         4131    i.prvSwitchTimerLists  timers.o
    0x0800473c   0x0800473c   0x00000028   Code   RO         4868    i.prvTaskExitError  port.o
    0x08004764   0x08004764   0x00000024   Code   RO         4132    i.prvTimerTask      timers.o
    0x08004788   0x08004788   0x0000006a   Code   RO         3362    i.prvUnlockQueue    queue.o
    0x080047f2   0x080047f2   0x00000002   PAD
    0x080047f4   0x080047f4   0x000000dc   Code   RO         4814    i.pvPortMalloc      heap_4.o
    0x080048d0   0x080048d0   0x00000024   Code   RO         4869    i.pxPortInitialiseStack  port.o
    0x080048f4   0x080048f4   0x00000026   Code   RO         3317    i.uxListRemove      list.o
    0x0800491a   0x0800491a   0x00000002   PAD
    0x0800491c   0x0800491c   0x00000014   Code   RO         4372    i.vApplicationGetIdleTaskMemory  cmsis_os2.o
    0x08004930   0x08004930   0x00000018   Code   RO         4373    i.vApplicationGetTimerTaskMemory  cmsis_os2.o
    0x08004948   0x08004948   0x00000016   Code   RO         3318    i.vListInitialise   list.o
    0x0800495e   0x0800495e   0x00000006   Code   RO         3319    i.vListInitialiseItem  list.o
    0x08004964   0x08004964   0x00000030   Code   RO         3320    i.vListInsert       list.o
    0x08004994   0x08004994   0x00000018   Code   RO         3321    i.vListInsertEnd    list.o
    0x080049ac   0x080049ac   0x00000040   Code   RO         4871    i.vPortEnterCritical  port.o
    0x080049ec   0x080049ec   0x00000028   Code   RO         4872    i.vPortExitCritical  port.o
    0x08004a14   0x08004a14   0x00000064   Code   RO         4815    i.vPortFree         heap_4.o
    0x08004a78   0x08004a78   0x00000024   Code   RO         4873    i.vPortSetupTimerInterrupt  port.o
    0x08004a9c   0x08004a9c   0x00000054   Code   RO         4874    i.vPortValidateInterruptPriority  port.o
    0x08004af0   0x08004af0   0x00000028   Code   RO         3368    i.vQueueAddToRegistry  queue.o
    0x08004b18   0x08004b18   0x00000044   Code   RO         3372    i.vQueueWaitForMessageRestricted  queue.o
    0x08004b5c   0x08004b5c   0x0000004c   Code   RO         3779    i.vTaskDelay        tasks.o
    0x08004ba8   0x08004ba8   0x00000090   Code   RO         3781    i.vTaskDelete       tasks.o
    0x08004c38   0x08004c38   0x00000010   Code   RO         3784    i.vTaskInternalSetTimeOutState  tasks.o
    0x08004c48   0x08004c48   0x0000000c   Code   RO         3785    i.vTaskMissedYield  tasks.o
    0x08004c54   0x08004c54   0x00000030   Code   RO         3787    i.vTaskPlaceOnEventList  tasks.o
    0x08004c84   0x08004c84   0x00000038   Code   RO         3788    i.vTaskPlaceOnEventListRestricted  tasks.o
    0x08004cbc   0x08004cbc   0x00000088   Code   RO         3796    i.vTaskStartScheduler  tasks.o
    0x08004d44   0x08004d44   0x00000010   Code   RO         3798    i.vTaskSuspendAll   tasks.o
    0x08004d54   0x08004d54   0x00000064   Code   RO         3799    i.vTaskSwitchContext  tasks.o
    0x08004db8   0x08004db8   0x000000a8   Code   RO         4875    i.xPortStartScheduler  port.o
    0x08004e60   0x08004e60   0x0000002c   Code   RO         4876    i.xPortSysTickHandler  port.o
    0x08004e8c   0x08004e8c   0x00000066   Code   RO         3378    i.xQueueGenericCreateStatic  queue.o
    0x08004ef2   0x08004ef2   0x00000002   PAD
    0x08004ef4   0x08004ef4   0x00000088   Code   RO         3379    i.xQueueGenericReset  queue.o
    0x08004f7c   0x08004f7c   0x00000160   Code   RO         3380    i.xQueueGenericSend  queue.o
    0x080050dc   0x080050dc   0x000000be   Code   RO         3381    i.xQueueGenericSendFromISR  queue.o
    0x0800519a   0x0800519a   0x00000002   PAD
    0x0800519c   0x0800519c   0x00000138   Code   RO         3390    i.xQueueReceive     queue.o
    0x080052d4   0x080052d4   0x00000074   Code   RO         3801    i.xTaskCheckForTimeOut  tasks.o
    0x08005348   0x08005348   0x0000005a   Code   RO         3802    i.xTaskCreate       tasks.o
    0x080053a2   0x080053a2   0x00000056   Code   RO         3803    i.xTaskCreateStatic  tasks.o
    0x080053f8   0x080053f8   0x0000001c   Code   RO         3807    i.xTaskGetSchedulerState  tasks.o
    0x08005414   0x08005414   0x0000000c   Code   RO         3808    i.xTaskGetTickCount  tasks.o
    0x08005420   0x08005420   0x000000c8   Code   RO         3810    i.xTaskIncrementTick  tasks.o
    0x080054e8   0x080054e8   0x00000080   Code   RO         3813    i.xTaskPriorityDisinherit  tasks.o
    0x08005568   0x08005568   0x00000070   Code   RO         3815    i.xTaskRemoveFromEventList  tasks.o
    0x080055d8   0x080055d8   0x000000c4   Code   RO         3816    i.xTaskResumeAll    tasks.o
    0x0800569c   0x0800569c   0x00000060   Code   RO         4141    i.xTimerCreateTimerTask  timers.o
    0x080056fc   0x080056fc   0x00000068   Code   RO         4142    i.xTimerGenericCommand  timers.o
    0x08005764   0x08005764   0x0000002c   Code   RO         5920    locale$$code        c_w.l(lc_numeric_c.o)
    0x08005790   0x08005790   0x00000062   Code   RO         5729    x$fpl$d2f           fz_ws.l(d2f.o)
    0x080057f2   0x080057f2   0x00000002   PAD
    0x080057f4   0x080057f4   0x00000150   Code   RO         5731    x$fpl$dadd          fz_ws.l(daddsub_clz.o)
    0x08005944   0x08005944   0x00000010   Code   RO         5922    x$fpl$dcheck1       fz_ws.l(dcheck1.o)
    0x08005954   0x08005954   0x00000018   Code   RO         5924    x$fpl$dcmpinf       fz_ws.l(dcmpi.o)
    0x0800596c   0x0800596c   0x000002b0   Code   RO         5738    x$fpl$ddiv          fz_ws.l(ddiv.o)
    0x08005c1c   0x08005c1c   0x00000078   Code   RO         5815    x$fpl$deqf          fz_ws.l(deqf.o)
    0x08005c94   0x08005c94   0x0000005a   Code   RO         5741    x$fpl$dfixu         fz_ws.l(dfixu.o)
    0x08005cee   0x08005cee   0x0000002e   Code   RO         5746    x$fpl$dflt          fz_ws.l(dflt_clz.o)
    0x08005d1c   0x08005d1c   0x00000026   Code   RO         5745    x$fpl$dfltu         fz_ws.l(dflt_clz.o)
    0x08005d42   0x08005d42   0x00000002   PAD
    0x08005d44   0x08005d44   0x00000154   Code   RO         5751    x$fpl$dmul          fz_ws.l(dmul.o)
    0x08005e98   0x08005e98   0x0000009c   Code   RO         5817    x$fpl$dnaninf       fz_ws.l(dnaninf.o)
    0x08005f34   0x08005f34   0x0000000c   Code   RO         5819    x$fpl$dretinf       fz_ws.l(dretinf.o)
    0x08005f40   0x08005f40   0x00000016   Code   RO         5732    x$fpl$drsb          fz_ws.l(daddsub_clz.o)
    0x08005f56   0x08005f56   0x00000002   PAD
    0x08005f58   0x08005f58   0x000001d4   Code   RO         5733    x$fpl$dsub          fz_ws.l(daddsub_clz.o)
    0x0800612c   0x0800612c   0x00000056   Code   RO         5753    x$fpl$f2d           fz_ws.l(f2d.o)
    0x08006182   0x08006182   0x00000002   PAD
    0x08006184   0x08006184   0x000000c4   Code   RO         5755    x$fpl$fadd          fz_ws.l(faddsub_clz.o)
    0x08006248   0x08006248   0x00000184   Code   RO         5762    x$fpl$fdiv          fz_ws.l(fdiv.o)
    0x080063cc   0x080063cc   0x00000036   Code   RO         5765    x$fpl$ffix          fz_ws.l(ffix.o)
    0x08006402   0x08006402   0x00000002   PAD
    0x08006404   0x08006404   0x00000030   Code   RO         5770    x$fpl$fflt          fz_ws.l(fflt_clz.o)
    0x08006434   0x08006434   0x00000026   Code   RO         5769    x$fpl$ffltu         fz_ws.l(fflt_clz.o)
    0x0800645a   0x0800645a   0x0000008c   Code   RO         5821    x$fpl$fnaninf       fz_ws.l(fnaninf.o)
    0x080064e6   0x080064e6   0x0000000a   Code   RO         5823    x$fpl$fretinf       fz_ws.l(fretinf.o)
    0x080064f0   0x080064f0   0x000000ea   Code   RO         5757    x$fpl$fsub          fz_ws.l(faddsub_clz.o)
    0x080065da   0x080065da   0x00000004   Code   RO         5775    x$fpl$printf1       fz_ws.l(printf1.o)
    0x080065de   0x080065de   0x00000064   Code   RO         6092    x$fpl$retnan        fz_ws.l(retnan.o)
    0x08006642   0x08006642   0x0000005c   Code   RO         5825    x$fpl$scalbn        fz_ws.l(scalbn.o)
    0x0800669e   0x0800669e   0x00000030   Code   RO         6152    x$fpl$trapveneer    fz_ws.l(trapv.o)
    0x080066ce   0x080066ce   0x00000000   Code   RO         5827    x$fpl$usenofp       fz_ws.l(usenofp.o)
    0x080066ce   0x080066ce   0x00000002   PAD
    0x080066d0   0x080066d0   0x00000024   Data   RO          229    .constdata          freertos.o
    0x080066f4   0x080066f4   0x00000012   Data   RO         1969    .constdata          stm32f1xx_hal_rcc.o
    0x08006706   0x08006706   0x00000010   Data   RO         3153    .constdata          system_stm32f1xx.o
    0x08006716   0x08006716   0x00000008   Data   RO         3154    .constdata          system_stm32f1xx.o
    0x0800671e   0x0800671e   0x00000002   PAD
    0x08006720   0x08006720   0x000000d8   Data   RO         5610    .constdata          init_task.o
    0x080067f8   0x080067f8   0x00000038   Data   RO         5779    .constdata          m_ws.l(log.o)
    0x08006830   0x08006830   0x00000008   Data   RO         5844    .constdata          m_ws.l(qnan.o)
    0x08006838   0x08006838   0x00000094   Data   RO         5881    .constdata          c_w.l(bigflt0.o)
    0x080068cc   0x080068cc   0x0000000c   Data   RO          230    .conststring        freertos.o
    0x080068d8   0x080068d8   0x0000004d   Data   RO         5611    .conststring        init_task.o
    0x08006925   0x08006925   0x00000003   PAD
    0x08006928   0x08006928   0x00000020   Data   RO         6233    Region$$Table       anon$$obj.o
    0x08006948   0x08006948   0x0000001c   Data   RO         5919    locale$$data        c_w.l(lc_numeric_c.o)


    Execution Region RW_IRAM1 (Exec base: 0x20000000, Load base: 0x08006964, Size: 0x00002300, Max: 0x00005000, ABSOLUTE, COMPRESSED[0x00000048])

    Exec Addr    Load Addr    Size         Type   Attr      Idx    E Section Name        Object

    0x20000000   COMPRESSED   0x00000004   Data   RW          231    .data               freertos.o
    0x20000004   COMPRESSED   0x0000000c   Data   RW         1806    .data               stm32f1xx_hal.o
    0x20000010   COMPRESSED   0x00000004   Data   RW         3155    .data               system_stm32f1xx.o
    0x20000014   COMPRESSED   0x0000003c   Data   RW         3819    .data               tasks.o
    0x20000050   COMPRESSED   0x00000014   Data   RW         4150    .data               timers.o
    0x20000064   COMPRESSED   0x00000004   Data   RW         4375    .data               cmsis_os2.o
    0x20000068   COMPRESSED   0x00000020   Data   RW         4821    .data               heap_4.o
    0x20000088   COMPRESSED   0x0000000c   Data   RW         4877    .data               port.o
    0x20000094   COMPRESSED   0x00000144   Data   RW         5011    .data               bq76930.o
    0x200001d8   COMPRESSED   0x00000003   Data   RW         5461    .data               protect_task.o
    0x200001db   COMPRESSED   0x00000001   PAD
    0x200001dc   COMPRESSED   0x00000018   Data   RW         5612    .data               init_task.o
    0x200001f4        -       0x00000028   Zero   RW          277    .bss                can.o
    0x2000021c        -       0x0000000c   Zero   RW          322    .bss                iwdg.o
    0x20000228        -       0x00000090   Zero   RW          357    .bss                usart.o
    0x200002b8        -       0x00000048   Zero   RW          502    .bss                stm32f1xx_hal_timebase_tim.o
    0x20000300        -       0x00000040   Zero   RW         3394    .bss                queue.o
    0x20000340        -       0x000004c4   Zero   RW         3818    .bss                tasks.o
    0x20000804        -       0x00000118   Zero   RW         4149    .bss                timers.o
    0x2000091c        -       0x000006b8   Zero   RW         4374    .bss                cmsis_os2.o
    0x20000fd4        -       0x00000c00   Zero   RW         4820    .bss                heap_4.o
    0x20001bd4        -       0x000000c8   Zero   RW         5010    .bss                bq76930.o
    0x20001c9c        -       0x00000060   Zero   RW         5936    .bss                c_w.l(libspace.o)
    0x20001cfc   COMPRESSED   0x00000004   PAD
    0x20001d00        -       0x00000200   Zero   RW            2    HEAP                startup_stm32f103xb.o
    0x20001f00        -       0x00000400   Zero   RW            1    STACK               startup_stm32f103xb.o


==============================================================================

Image component sizes


      Code (inc. data)   RO Data    RW Data    ZI Data      Debug   Object Name

      1674        204          0        324        200      16515   bq76930.o
       176         22          0          0         40       1555   can.o
       326         22          0          4       1720      58259   cmsis_os2.o
         0          0          0          0          0      19488   event_groups.o
        44         14         48          4          0       1605   freertos.o
       172         12          0          0          0        915   gpio.o
       472         24          0         32       3072       4619   heap_4.o
        20          0          0          0          0        471   hw_init_task.o
       624         24          0          0          0       4676   i2c1.o
       140         38        293         24          0       2115   init_task.o
        44          8          0          0         12        659   iwdg.o
       138          0          0          0          0       3246   list.o
       180         14          0          0          0     450580   main.o
       662         70          0         12          0      10445   port.o
       388          8          0          3          0       1114   protect_task.o
      1514         20          0          0         64      16696   queue.o
        62          0          0          0          0        477   sample_task.o
       348         20          0          0          0        679   sox_task.o
        64         26        236          0       1536        788   startup_stm32f103xb.o
        64         14          0         12          0       4494   stm32f1xx_hal.o
       282          0          0          0          0       1343   stm32f1xx_hal_can.o
       158         14          0          0          0      28058   stm32f1xx_hal_cortex.o
       500         34          0          0          0       3423   stm32f1xx_hal_gpio.o
       106          0          0          0          0       1783   stm32f1xx_hal_iwdg.o
        72         10          0          0          0        822   stm32f1xx_hal_msp.o
      1304         94         18          0          0       5569   stm32f1xx_hal_rcc.o
       612         24          0          0          0       6932   stm32f1xx_hal_tim.o
         4          0          0          0          0       1509   stm32f1xx_hal_tim_ex.o
       152         20          0          0         72       1403   stm32f1xx_hal_timebase_tim.o
       636          6          0          0          0       4488   stm32f1xx_hal_uart.o
        24          6          0          0          0       2847   stm32f1xx_it.o
         0          0          0          0          0        392   stream_buffer.o
         2          0         24          4          0       1047   system_stm32f1xx.o
      2228        182          0         60       1220      26374   tasks.o
       972         80          0         20        280      31627   timers.o
       904        490          0          0          0        712   uart_cmd_task.o
       336         44          0          0        144       3198   usart.o

    ----------------------------------------------------------------------
     15448       1544        656        500       8360     720923   Object Totals
         0          0         32          0          0          0   (incl. Generated)
        44          0          5          1          0          0   (incl. Padding)

    ----------------------------------------------------------------------

      Code (inc. data)   RO Data    RW Data    ZI Data      Debug   Library Member Name

        58          0          0          0          0          0   __dczerorl.o
         8          0          0          0          0         68   __main.o
       284          0          0          0          0        156   __printf_wp.o
         0          0          0          0          0          0   __rtentry.o
        12          0          0          0          0          0   __rtentry2.o
         6          0          0          0          0          0   __rtentry4.o
        52          8          0          0          0          0   __scatter.o
        28          0          0          0          0          0   __scatter_zi.o
        44          0          0          0          0        108   _printf_char.o
        48          6          0          0          0         96   _printf_char_common.o
         6          0          0          0          0          0   _printf_d.o
       120         16          0          0          0         92   _printf_dec.o
         6          0          0          0          0          0   _printf_f.o
      1054          0          0          0          0        216   _printf_fp_dec.o
       128         16          0          0          0         84   _printf_fp_infnan.o
       178          0          0          0          0         88   _printf_intcommon.o
         0          0          0          0          0          0   _printf_percent.o
         4          0          0          0          0          0   _printf_percent_end.o
         6          0          0          0          0          0   _printf_s.o
        82          0          0          0          0         80   _printf_str.o
        22          0          0          0          0        100   _rserrno.o
        10          0          0          0          0         68   _sputc.o
        16          0          0          0          0         68   aeabi_memset.o
       228          4        148          0          0         96   bigflt0.o
      1936        128          0          0          0        672   btod.o
        18          0          0          0          0         80   exit.o
         6          0          0          0          0        152   heapauxi.o
         0          0          0          0          0          0   indicate_semi.o
        44         10         28          0          0         76   lc_numeric_c.o
         2          0          0          0          0          0   libinit.o
        18          0          0          0          0          0   libinit2.o
         2          0          0          0          0          0   libshutdown.o
         2          0          0          0          0          0   libshutdown2.o
         8          4          0          0         96         68   libspace.o
        72          0          0          0          0         76   llsdiv.o
       138          0          0          0          0         80   lludiv10.o
       238          0          0          0          0        100   lludivv7m.o
        40          6          0          0          0         84   noretval__2sprintf.o
         8          4          0          0          0         68   rt_errno_addr_intlibspace.o
         8          4          0          0          0         68   rt_locale_intlibspace.o
        68          0          0          0          0         68   rt_memclr.o
        78          0          0          0          0         80   rt_memclr_w.o
       138          0          0          0          0         68   rt_memcpy_v6.o
       100          0          0          0          0         80   rt_memcpy_w.o
         2          0          0          0          0          0   rtexit.o
        10          0          0          0          0          0   rtexit2.o
       128          0          0          0          0         68   strcmpv7m.o
        62          0          0          0          0         76   strlen.o
        12          4          0          0          0         68   sys_exit.o
        74          0          0          0          0         80   sys_stackheap_outer.o
         2          0          0          0          0         68   use_no_semi.o
        98          4          0          0          0         92   d2f.o
       826         16          0          0          0        348   daddsub_clz.o
        16          4          0          0          0         68   dcheck1.o
        24          0          0          0          0         68   dcmpi.o
       688        140          0          0          0        208   ddiv.o
       120          4          0          0          0         92   deqf.o
        90          4          0          0          0         92   dfixu.o
        84          0          0          0          0        136   dflt_clz.o
       340         12          0          0          0        104   dmul.o
       156          4          0          0          0         92   dnaninf.o
        12          0          0          0          0         68   dretinf.o
        86          4          0          0          0         84   f2d.o
       430          8          0          0          0        168   faddsub_clz.o
       388         76          0          0          0         96   fdiv.o
        54          4          0          0          0         84   ffix.o
        86          0          0          0          0        136   fflt_clz.o
       140          4          0          0          0         84   fnaninf.o
        10          0          0          0          0         68   fretinf.o
         4          0          0          0          0         68   printf1.o
       100          0          0          0          0         68   retnan.o
        92          0          0          0          0         68   scalbn.o
        48          0          0          0          0         68   trapv.o
         0          0          0          0          0          0   usenofp.o
        34          4          0          0          0        204   dunder.o
        40          0          0          0          0         68   fpclassify.o
       860         52         56          0          0        256   log.o
       170          0          0          0          0         96   poly.o
         0          0          8          0          0          0   qnan.o

    ----------------------------------------------------------------------
     10636        550        240          0        100       6484   Library Totals
        26          0          0          0          4          0   (incl. Padding)

    ----------------------------------------------------------------------

      Code (inc. data)   RO Data    RW Data    ZI Data      Debug   Library Name

      5614        210        176          0         96       3500   c_w.l
      3892        284          0          0          0       2360   fz_ws.l
      1104         56         64          0          0        624   m_ws.l

    ----------------------------------------------------------------------
     10636        550        240          0        100       6484   Library Totals

    ----------------------------------------------------------------------

==============================================================================


      Code (inc. data)   RO Data    RW Data    ZI Data      Debug   

     26084       2094        896        500       8460     714975   Grand Totals
     26084       2094        896         72       8460     714975   ELF Image Totals (compressed)
     26084       2094        896         72          0          0   ROM Totals

==============================================================================

    Total RO  Size (Code + RO Data)                26980 (  26.35kB)
    Total RW  Size (RW Data + ZI Data)              8960 (   8.75kB)
    Total ROM Size (Code + RO Data + RW Data)      27052 (  26.42kB)

==============================================================================

