Component: ARM Compiler 5.06 update 7 (build 960) Tool: armlink [4d3601]

==============================================================================

Section Cross References

    startup_stm32f103xb.o(STACK) refers (Special) to heapauxi.o(.text) for __use_two_region_memory
    startup_stm32f103xb.o(HEAP) refers (Special) to heapauxi.o(.text) for __use_two_region_memory
    startup_stm32f103xb.o(RESET) refers (Special) to heapauxi.o(.text) for __use_two_region_memory
    startup_stm32f103xb.o(RESET) refers to startup_stm32f103xb.o(STACK) for __initial_sp
    startup_stm32f103xb.o(RESET) refers to startup_stm32f103xb.o(.text) for Reset_Handler
    startup_stm32f103xb.o(RESET) refers to stm32f1xx_it.o(i.NMI_Handler) for NMI_Handler
    startup_stm32f103xb.o(RESET) refers to stm32f1xx_it.o(i.HardFault_Handler) for HardFault_Handler
    startup_stm32f103xb.o(RESET) refers to stm32f1xx_it.o(i.MemManage_Handler) for MemManage_Handler
    startup_stm32f103xb.o(RESET) refers to stm32f1xx_it.o(i.BusFault_Handler) for BusFault_Handler
    startup_stm32f103xb.o(RESET) refers to stm32f1xx_it.o(i.UsageFault_Handler) for UsageFault_Handler
    startup_stm32f103xb.o(RESET) refers to port.o(.emb_text) for SVC_Handler
    startup_stm32f103xb.o(RESET) refers to stm32f1xx_it.o(i.DebugMon_Handler) for DebugMon_Handler
    startup_stm32f103xb.o(RESET) refers to cmsis_os2.o(i.SysTick_Handler) for SysTick_Handler
    startup_stm32f103xb.o(RESET) refers to stm32f1xx_it.o(i.TIM4_IRQHandler) for TIM4_IRQHandler
    startup_stm32f103xb.o(.text) refers (Special) to heapauxi.o(.text) for __use_two_region_memory
    startup_stm32f103xb.o(.text) refers to system_stm32f1xx.o(i.SystemInit) for SystemInit
    startup_stm32f103xb.o(.text) refers to __main.o(!!!main) for __main
    startup_stm32f103xb.o(.text) refers to startup_stm32f103xb.o(HEAP) for Heap_Mem
    startup_stm32f103xb.o(.text) refers to startup_stm32f103xb.o(STACK) for Stack_Mem
    main.o(i.HAL_TIM_PeriodElapsedCallback) refers to stm32f1xx_hal.o(i.HAL_IncTick) for HAL_IncTick
    main.o(i.SystemClock_Config) refers to rt_memclr_w.o(.text) for __aeabi_memclr4
    main.o(i.SystemClock_Config) refers to stm32f1xx_hal_rcc.o(i.HAL_RCC_OscConfig) for HAL_RCC_OscConfig
    main.o(i.SystemClock_Config) refers to stm32f1xx_hal_rcc.o(i.HAL_RCC_ClockConfig) for HAL_RCC_ClockConfig
    main.o(i.main) refers to stm32f1xx_hal.o(i.HAL_Init) for HAL_Init
    main.o(i.main) refers to main.o(i.SystemClock_Config) for SystemClock_Config
    main.o(i.main) refers to gpio.o(i.MX_GPIO_Init) for MX_GPIO_Init
    main.o(i.main) refers to can.o(i.MX_CAN_Init) for MX_CAN_Init
    main.o(i.main) refers to usart.o(i.MX_USART1_UART_Init) for MX_USART1_UART_Init
    main.o(i.main) refers to usart.o(i.MX_USART2_UART_Init) for MX_USART2_UART_Init
    main.o(i.main) refers to i2c1.o(i.I2C1_Configuration) for I2C1_Configuration
    main.o(i.main) refers to bq76930.o(i.BQ76930_config) for BQ76930_config
    main.o(i.main) refers to cmsis_os2.o(i.osKernelStart) for osKernelStart
    main.o(i.main) refers to bq76930.o(i.Get_Update_Data) for Get_Update_Data
    gpio.o(i.MX_GPIO_Init) refers to stm32f1xx_hal_gpio.o(i.HAL_GPIO_WritePin) for HAL_GPIO_WritePin
    gpio.o(i.MX_GPIO_Init) refers to stm32f1xx_hal_gpio.o(i.HAL_GPIO_Init) for HAL_GPIO_Init
    freertos.o(i.MX_FREERTOS_Init) refers to cmsis_os2.o(i.osThreadNew) for osThreadNew
    freertos.o(i.MX_FREERTOS_Init) refers to freertos.o(.constdata) for .constdata
    freertos.o(i.MX_FREERTOS_Init) refers to freertos.o(i.StartDefaultTask) for StartDefaultTask
    freertos.o(i.MX_FREERTOS_Init) refers to freertos.o(.data) for .data
    freertos.o(i.StartDefaultTask) refers to cmsis_os2.o(i.osDelay) for osDelay
    freertos.o(.constdata) refers to freertos.o(.conststring) for .conststring
    can.o(i.Can_Send_Msg) refers to stm32f1xx_hal_can.o(i.HAL_CAN_AddTxMessage) for HAL_CAN_AddTxMessage
    can.o(i.Can_Send_Msg) refers to can.o(.bss) for .bss
    can.o(i.HAL_CAN_MspDeInit) refers to stm32f1xx_hal_gpio.o(i.HAL_GPIO_DeInit) for HAL_GPIO_DeInit
    can.o(i.HAL_CAN_MspInit) refers to stm32f1xx_hal_gpio.o(i.HAL_GPIO_Init) for HAL_GPIO_Init
    can.o(i.MX_CAN_Init) refers to stm32f1xx_hal_can.o(i.HAL_CAN_Init) for HAL_CAN_Init
    can.o(i.MX_CAN_Init) refers to main.o(i.Error_Handler) for Error_Handler
    can.o(i.MX_CAN_Init) refers to can.o(.bss) for .bss
    usart.o(i.HAL_UART_MspDeInit) refers to stm32f1xx_hal_gpio.o(i.HAL_GPIO_DeInit) for HAL_GPIO_DeInit
    usart.o(i.HAL_UART_MspInit) refers to stm32f1xx_hal_gpio.o(i.HAL_GPIO_Init) for HAL_GPIO_Init
    usart.o(i.MX_USART1_UART_Init) refers to stm32f1xx_hal_uart.o(i.HAL_UART_Init) for HAL_UART_Init
    usart.o(i.MX_USART1_UART_Init) refers to main.o(i.Error_Handler) for Error_Handler
    usart.o(i.MX_USART1_UART_Init) refers to usart.o(.bss) for .bss
    usart.o(i.MX_USART2_UART_Init) refers to stm32f1xx_hal_uart.o(i.HAL_UART_Init) for HAL_UART_Init
[...]
    xNextTaskUnblockTime                     0x20000038   Data           4  tasks.o(.data)
    xIdleTaskHandle                          0x2000003c   Data           4  tasks.o(.data)
    uxSchedulerSuspended                     0x20000040   Data           4  tasks.o(.data)
    pxDelayedTaskList                        0x20000044   Data           4  tasks.o(.data)
    pxOverflowDelayedTaskList                0x20000048   Data           4  tasks.o(.data)
    .data                                    0x2000004c   Section       20  timers.o(.data)
    xTimerQueue                              0x2000004c   Data           4  timers.o(.data)
    xTimerTaskHandle                         0x20000050   Data           4  timers.o(.data)
    xLastTime                                0x20000054   Data           4  timers.o(.data)
    pxCurrentTimerList                       0x20000058   Data           4  timers.o(.data)
    pxOverflowTimerList                      0x2000005c   Data           4  timers.o(.data)
    .data                                    0x20000060   Section        4  cmsis_os2.o(.data)
    KernelState                              0x20000060   Data           4  cmsis_os2.o(.data)
    .data                                    0x20000064   Section       32  heap_4.o(.data)
    pxEnd                                    0x20000064   Data           4  heap_4.o(.data)
    xFreeBytesRemaining                      0x20000068   Data           4  heap_4.o(.data)
    xMinimumEverFreeBytesRemaining           0x2000006c   Data           4  heap_4.o(.data)
    xNumberOfSuccessfulAllocations           0x20000070   Data           4  heap_4.o(.data)
    xNumberOfSuccessfulFrees                 0x20000074   Data           4  heap_4.o(.data)
    xBlockAllocatedBit                       0x20000078   Data           4  heap_4.o(.data)
    xStart                                   0x2000007c   Data           8  heap_4.o(.data)
    .data                                    0x20000084   Section       12  port.o(.data)
    ucMaxSysCallPriority                     0x20000084   Data           1  port.o(.data)
    uxCriticalNesting                        0x20000088   Data           4  port.o(.data)
    ulMaxPRIGROUPValue                       0x2000008c   Data           4  port.o(.data)
    .data                                    0x20000090   Section      324  bq76930.o(.data)
    .bss                                     0x200001d4   Section       40  can.o(.bss)
    .bss                                     0x200001fc   Section      144  usart.o(.bss)
    .bss                                     0x2000028c   Section       72  stm32f1xx_hal_timebase_tim.o(.bss)
    .bss                                     0x200002d4   Section       64  queue.o(.bss)
    .bss                                     0x20000314   Section     1220  tasks.o(.bss)
    pxReadyTasksLists                        0x20000314   Data        1120  tasks.o(.bss)
    xDelayedTaskList1                        0x20000774   Data          20  tasks.o(.bss)
    xDelayedTaskList2                        0x20000788   Data          20  tasks.o(.bss)
    xPendingReadyList                        0x2000079c   Data          20  tasks.o(.bss)
    xTasksWaitingTermination                 0x200007b0   Data          20  tasks.o(.bss)
    xSuspendedTaskList                       0x200007c4   Data          20  tasks.o(.bss)
    .bss                                     0x200007d8   Section      280  timers.o(.bss)
    xStaticTimerQueue                        0x200007d8   Data          80  timers.o(.bss)
    ucStaticTimerQueueStorage                0x20000828   Data         160  timers.o(.bss)
    xActiveTimerList1                        0x200008c8   Data          20  timers.o(.bss)
    xActiveTimerList2                        0x200008dc   Data          20  timers.o(.bss)
    .bss                                     0x200008f0   Section     1720  cmsis_os2.o(.bss)
    Idle_TCB                                 0x200008f0   Data          92  cmsis_os2.o(.bss)
    Idle_Stack                               0x2000094c   Data         512  cmsis_os2.o(.bss)
    Timer_TCB                                0x20000b4c   Data          92  cmsis_os2.o(.bss)
    Timer_Stack                              0x20000ba8   Data        1024  cmsis_os2.o(.bss)
    .bss                                     0x20000fa8   Section      200  bq76930.o(.bss)
    .bss                                     0x20001070   Section       96  libspace.o(.bss)
    HEAP                                     0x200010d0   Section      512  startup_stm32f103xb.o(HEAP)
    Heap_Mem                                 0x200010d0   Data         512  startup_stm32f103xb.o(HEAP)
    STACK                                    0x200012d0   Section     1024  startup_stm32f103xb.o(STACK)
    Stack_Mem                                0x200012d0   Data        1024  startup_stm32f103xb.o(STACK)
    __initial_sp                             0x200016d0   Data           0  startup_stm32f103xb.o(STACK)

    Global Symbols

    Symbol Name                              Value     Ov Type        Size  Object(Section)

    BuildAttributes$$THM_ISAv4$P$D$K$B$S$PE$A:L22UL41UL21$X:L11$S22US41US21$IEEE1$IW$USESV6$~STKCKD$USESV7$~SHL$OTIME$ROPI$IEEEX$EBA8$UX$STANDARDLIB$REQ8$PRES8$EABIv2 0x00000000   Number         0  anon$$obj.o ABSOLUTE
    __ARM_use_no_argv                        0x00000000   Number         0  main.o ABSOLUTE
    _printf_flags                            0x00000000   Number         0  printf_stubs.o ABSOLUTE
    _printf_return_value                     0x00000000   Number         0  printf_stubs.o ABSOLUTE
    _printf_sizespec                         0x00000000   Number         0  printf_stubs.o ABSOLUTE
    _printf_widthprec                        0x00000000   Number         0  printf_stubs.o ABSOLUTE
    __ARM_exceptions_init                     - Undefined Weak Reference
    __alloca_initialize                       - Undefined Weak Reference
    __arm_fini_                               - Undefined Weak Reference
    __arm_preinit_                            - Undefined Weak Reference
    __cpp_initialize__aeabi_                  - Undefined Weak Reference
    __cxa_finalize                            - Undefined Weak Reference
    __sigvec_lookup                           - Undefined Weak Reference
    __user_heap_extent                        - Undefined Weak Reference
    _atexit_init                              - Undefined Weak Reference
    _call_atexit_fns                          - Undefined Weak Reference
    _clock_init                               - Undefined Weak Reference
    _fp_trap_init                             - Undefined Weak Reference
    _fp_trap_shutdown                         - Undefined Weak Reference
    _get_lc_collate                           - Undefined Weak Reference
    _get_lc_ctype                             - Undefined Weak Reference
    _get_lc_monetary                          - Undefined Weak Reference
    _get_lc_time                              - Undefined Weak Reference
    _getenv_init                              - Undefined Weak Reference
    _handle_redirection                       - Undefined Weak Reference
    _mutex_acquire                            - Undefined Weak Reference
    _mutex_free                               - Undefined Weak Reference
    _mutex_release                            - Undefined Weak Reference
    _printf_mbtowc                            - Undefined Weak Reference
    _printf_post_padding                      - Undefined Weak Reference
    _printf_pre_padding                       - Undefined Weak Reference
    _printf_truncate_signed                   - Undefined Weak Reference
    _printf_truncate_unsigned                 - Undefined Weak Reference
    _rand_init                                - Undefined Weak Reference
    _signal_finish                            - Undefined Weak Reference
    _signal_init                              - Undefined Weak Reference
    __Vectors_Size                           0x000000ec   Number         0  startup_stm32f103xb.o ABSOLUTE
    __Vectors                                0x08000000   Data           4  startup_stm32f103xb.o(RESET)
    __Vectors_End                            0x080000ec   Data           0  startup_stm32f103xb.o(RESET)
    __main                                   0x080000ed   Thumb Code     8  __main.o(!!!main)
    __scatterload                            0x080000f5   Thumb Code     0  __scatter.o(!!!scatter)
    __scatterload_rt2                        0x080000f5   Thumb Code    44  __scatter.o(!!!scatter)
    __scatterload_rt2_thumb_only             0x080000f5   Thumb Code     0  __scatter.o(!!!scatter)
    __scatterload_null                       0x08000103   Thumb Code     0  __scatter.o(!!!scatter)
    __decompress                             0x08000129   Thumb Code    58  __dczerorl.o(!!dczerorl)
    __decompress0                            0x08000129   Thumb Code     0  __dczerorl.o(!!dczerorl)
    __scatterload_zeroinit                   0x08000165   Thumb Code    28  __scatter_zi.o(!!handler_zi)
    _printf_f                                0x08000181   Thumb Code     0  _printf_f.o(.ARM.Collect$$_printf_percent$$00000003)
    _printf_percent                          0x08000181   Thumb Code     0  _printf_percent.o(.ARM.Collect$$_printf_percent$$00000000)
    _printf_d                                0x08000187   Thumb Code     0  _printf_d.o(.ARM.Collect$$_printf_percent$$00000009)
    _printf_s                                0x0800018d   Thumb Code     0  _printf_s.o(.ARM.Collect$$_printf_percent$$00000014)
    _printf_percent_end                      0x08000193   Thumb Code     0  _printf_percent_end.o(.ARM.Collect$$_printf_percent$$00000017)
    __rt_lib_init                            0x08000197   Thumb Code     0  libinit.o(.ARM.Collect$$libinit$$00000000)
    __rt_lib_init_fp_1                       0x08000199   Thumb Code     0  libinit2.o(.ARM.Collect$$libinit$$00000002)
    __rt_lib_init_heap_1                     0x08000199   Thumb Code     0  libinit2.o(.ARM.Collect$$libinit$$0000000A)
    __rt_lib_init_lc_common                  0x08000199   Thumb Code     0  libinit2.o(.ARM.Collect$$libinit$$0000000F)
    __rt_lib_init_preinit_1                  0x08000199   Thumb Code     0  libinit2.o(.ARM.Collect$$libinit$$00000004)
    __rt_lib_init_rand_1                     0x08000199   Thumb Code     0  libinit2.o(.ARM.Collect$$libinit$$0000000E)
    __rt_lib_init_user_alloc_1               0x08000199   Thumb Code     0  libinit2.o(.ARM.Collect$$libinit$$0000000C)
    __rt_lib_init_lc_collate_1               0x0800019f   Thumb Code     0  libinit2.o(.ARM.Collect$$libinit$$00000011)
    __rt_lib_init_lc_ctype_1                 0x0800019f   Thumb Code     0  libinit2.o(.ARM.Collect$$libinit$$00000013)
    __rt_lib_init_lc_monetary_1              0x0800019f   Thumb Code     0  libinit2.o(.ARM.Collect$$libinit$$00000015)
    __rt_lib_init_lc_numeric_2               0x0800019f   Thumb Code     0  libinit2.o(.ARM.Collect$$libinit$$00000016)
    __rt_lib_init_alloca_1                   0x080001a9   Thumb Code     0  libinit2.o(.ARM.Collect$$libinit$$0000002E)
    __rt_lib_init_argv_1                     0x080001a9   Thumb Code     0  libinit2.o(.ARM.Collect$$libinit$$0000002C)
    __rt_lib_init_atexit_1                   0x080001a9   Thumb Code     0  libinit2.o(.ARM.Collect$$libinit$$0000001B)
    __rt_lib_init_clock_1                    0x080001a9   Thumb Code     0  libinit2.o(.ARM.Collect$$libinit$$00000021)
    __rt_lib_init_cpp_1                      0x080001a9   Thumb Code     0  libinit2.o(.ARM.Collect$$libinit$$00000032)
    __rt_lib_init_exceptions_1               0x080001a9   Thumb Code     0  libinit2.o(.ARM.Collect$$libinit$$00000030)
    __rt_lib_init_fp_trap_1                  0x080001a9   Thumb Code     0  libinit2.o(.ARM.Collect$$libinit$$0000001F)
    __rt_lib_init_getenv_1                   0x080001a9   Thumb Code     0  libinit2.o(.ARM.Collect$$libinit$$00000023)
    __rt_lib_init_lc_numeric_1               0x080001a9   Thumb Code     0  libinit2.o(.ARM.Collect$$libinit$$00000017)
    __rt_lib_init_lc_time_1                  0x080001a9   Thumb Code     0  libinit2.o(.ARM.Collect$$libinit$$00000019)
    __rt_lib_init_return                     0x080001a9   Thumb Code     0  libinit2.o(.ARM.Collect$$libinit$$00000033)
    __rt_lib_init_signal_1                   0x080001a9   Thumb Code     0  libinit2.o(.ARM.Collect$$libinit$$0000001D)
    __rt_lib_init_stdio_1                    0x080001a9   Thumb Code     0  libinit2.o(.ARM.Collect$$libinit$$00000025)
    __rt_lib_shutdown                        0x080001ab   Thumb Code     0  libshutdown.o(.ARM.Collect$$libshutdown$$00000000)
    __rt_lib_shutdown_cpp_1                  0x080001ad   Thumb Code     0  libshutdown2.o(.ARM.Collect$$libshutdown$$00000004)
    __rt_lib_shutdown_fini_1                 0x080001ad   Thumb Code     0  libshutdown2.o(.ARM.Collect$$libshutdown$$00000002)
    __rt_lib_shutdown_fp_trap_1              0x080001ad   Thumb Code     0  libshutdown2.o(.ARM.Collect$$libshutdown$$00000009)
    __rt_lib_shutdown_heap_1                 0x080001ad   Thumb Code     0  libshutdown2.o(.ARM.Collect$$libshutdown$$00000011)
    __rt_lib_shutdown_return                 0x080001ad   Thumb Code     0  libshutdown2.o(.ARM.Collect$$libshutdown$$00000012)
    __rt_lib_shutdown_signal_1               0x080001ad   Thumb Code     0  libshutdown2.o(.ARM.Collect$$libshutdown$$0000000C)
    __rt_lib_shutdown_stdio_1                0x080001ad   Thumb Code     0  libshutdown2.o(.ARM.Collect$$libshutdown$$00000006)
    __rt_lib_shutdown_user_alloc_1           0x080001ad   Thumb Code     0  libshutdown2.o(.ARM.Collect$$libshutdown$$0000000E)
    __rt_entry                               0x080001af   Thumb Code     0  __rtentry.o(.ARM.Collect$$rtentry$$00000000)
    __rt_entry_presh_1                       0x080001af   Thumb Code     0  __rtentry2.o(.ARM.Collect$$rtentry$$00000002)
    __rt_entry_sh                            0x080001af   Thumb Code     0  __rtentry4.o(.ARM.Collect$$rtentry$$00000004)
    __rt_entry_li                            0x080001b5   Thumb Code     0  __rtentry2.o(.ARM.Collect$$rtentry$$0000000A)
    __rt_entry_postsh_1                      0x080001b5   Thumb Code     0  __rtentry2.o(.ARM.Collect$$rtentry$$00000009)
    __rt_entry_main                          0x080001b9   Thumb Code     0  __rtentry2.o(.ARM.Collect$$rtentry$$0000000D)
    __rt_entry_postli_1                      0x080001b9   Thumb Code     0  __rtentry2.o(.ARM.Collect$$rtentry$$0000000C)
    __rt_exit                                0x080001c1   Thumb Code     0  rtexit.o(.ARM.Collect$$rtexit$$00000000)
    __rt_exit_ls                             0x080001c3   Thumb Code     0  rtexit2.o(.ARM.Collect$$rtexit$$00000003)
    __rt_exit_prels_1                        0x080001c3   Thumb Code     0  rtexit2.o(.ARM.Collect$$rtexit$$00000002)
    __rt_exit_exit                           0x080001c7   Thumb Code     0  rtexit2.o(.ARM.Collect$$rtexit$$00000004)
    SVC_Handler                              0x080001cd   Thumb Code    32  port.o(.emb_text)
    __asm___6_port_c_39a90d8d__prvStartFirstTask 0x080001f1   Thumb Code    28  port.o(.emb_text)
    PendSV_Handler                           0x08000211   Thumb Code    72  port.o(.emb_text)
    vPortGetIPSR                             0x0800025d   Thumb Code     6  port.o(.emb_text)
    Reset_Handler                            0x08000265   Thumb Code     8  startup_stm32f103xb.o(.text)
    ADC1_2_IRQHandler                        0x0800027f   Thumb Code     0  startup_stm32f103xb.o(.text)
    CAN1_RX1_IRQHandler                      0x0800027f   Thumb Code     0  startup_stm32f103xb.o(.text)
    CAN1_SCE_IRQHandler                      0x0800027f   Thumb Code     0  startup_stm32f103xb.o(.text)
    DMA1_Channel1_IRQHandler                 0x0800027f   Thumb Code     0  startup_stm32f103xb.o(.text)
    DMA1_Channel2_IRQHandler                 0x0800027f   Thumb Code     0  startup_stm32f103xb.o(.text)
    DMA1_Channel3_IRQHandler                 0x0800027f   Thumb Code     0  startup_stm32f103xb.o(.text)
    DMA1_Channel4_IRQHandler                 0x0800027f   Thumb Code     0  startup_stm32f103xb.o(.text)
    DMA1_Channel5_IRQHandler                 0x0800027f   Thumb Code     0  startup_stm32f103xb.o(.text)
    DMA1_Channel6_IRQHandler                 0x0800027f   Thumb Code     0  startup_stm32f103xb.o(.text)
    DMA1_Channel7_IRQHandler                 0x0800027f   Thumb Code     0  startup_stm32f103xb.o(.text)
    EXTI0_IRQHandler                         0x0800027f   Thumb Code     0  startup_stm32f103xb.o(.text)
    EXTI15_10_IRQHandler                     0x0800027f   Thumb Code     0  startup_stm32f103xb.o(.text)
    EXTI1_IRQHandler                         0x0800027f   Thumb Code     0  startup_stm32f103xb.o(.text)
    EXTI2_IRQHandler                         0x0800027f   Thumb Code     0  startup_stm32f103xb.o(.text)
    EXTI3_IRQHandler                         0x0800027f   Thumb Code     0  startup_stm32f103xb.o(.text)
    EXTI4_IRQHandler                         0x0800027f   Thumb Code     0  startup_stm32f103xb.o(.text)
    EXTI9_5_IRQHandler                       0x0800027f   Thumb Code     0  startup_stm32f103xb.o(.text)
    FLASH_IRQHandler                         0x0800027f   Thumb Code     0  startup_stm32f103xb.o(.text)
    I2C1_ER_IRQHandler                       0x0800027f   Thumb Code     0  startup_stm32f103xb.o(.text)
    I2C1_EV_IRQHandler                       0x0800027f   Thumb Code     0  startup_stm32f103xb.o(.text)
    I2C2_ER_IRQHandler                       0x0800027f   Thumb Code     0  startup_stm32f103xb.o(.text)
    I2C2_EV_IRQHandler                       0x0800027f   Thumb Code     0  startup_stm32f103xb.o(.text)
    PVD_IRQHandler                           0x0800027f   Thumb Code     0  startup_stm32f103xb.o(.text)
    RCC_IRQHandler                           0x0800027f   Thumb Code     0  startup_stm32f103xb.o(.text)
    RTC_Alarm_IRQHandler                     0x0800027f   Thumb Code     0  startup_stm32f103xb.o(.text)
    RTC_IRQHandler                           0x0800027f   Thumb Code     0  startup_stm32f103xb.o(.text)
    SPI1_IRQHandler                          0x0800027f   Thumb Code     0  startup_stm32f103xb.o(.text)
    SPI2_IRQHandler                          0x0800027f   Thumb Code     0  startup_stm32f103xb.o(.text)
    TAMPER_IRQHandler                        0x0800027f   Thumb Code     0  startup_stm32f103xb.o(.text)
    TIM1_BRK_IRQHandler                      0x0800027f   Thumb Code     0  startup_stm32f103xb.o(.text)
    TIM1_CC_IRQHandler                       0x0800027f   Thumb Code     0  startup_stm32f103xb.o(.text)
    TIM1_TRG_COM_IRQHandler                  0x0800027f   Thumb Code     0  startup_stm32f103xb.o(.text)
    TIM1_UP_IRQHandler                       0x0800027f   Thumb Code     0  startup_stm32f103xb.o(.text)
    TIM2_IRQHandler                          0x0800027f   Thumb Code     0  startup_stm32f103xb.o(.text)
    TIM3_IRQHandler                          0x0800027f   Thumb Code     0  startup_stm32f103xb.o(.text)
    USART1_IRQHandler                        0x0800027f   Thumb Code     0  startup_stm32f103xb.o(.text)
    USART2_IRQHandler                        0x0800027f   Thumb Code     0  startup_stm32f103xb.o(.text)
    USART3_IRQHandler                        0x0800027f   Thumb Code     0  startup_stm32f103xb.o(.text)
    USBWakeUp_IRQHandler                     0x0800027f   Thumb Code     0  startup_stm32f103xb.o(.text)
    USB_HP_CAN1_TX_IRQHandler                0x0800027f   Thumb Code     0  startup_stm32f103xb.o(.text)
    USB_LP_CAN1_RX0_IRQHandler               0x0800027f   Thumb Code     0  startup_stm32f103xb.o(.text)
    WWDG_IRQHandler                          0x0800027f   Thumb Code     0  startup_stm32f103xb.o(.text)
    __user_initial_stackheap                 0x08000281   Thumb Code     0  startup_stm32f103xb.o(.text)
    __2sprintf                               0x080002a5   Thumb Code    34  noretval__2sprintf.o(.text)
    _printf_str                              0x080002cd   Thumb Code    82  _printf_str.o(.text)
    _printf_int_dec                          0x08000321   Thumb Code   104  _printf_dec.o(.text)
    __printf                                 0x08000399   Thumb Code   270  __printf_wp.o(.text)
    strlen                                   0x080004a7   Thumb Code    62  strlen.o(.text)
    __aeabi_memcpy                           0x080004e5   Thumb Code     0  rt_memcpy_v6.o(.text)
    __rt_memcpy                              0x080004e5   Thumb Code   138  rt_memcpy_v6.o(.text)
    _memcpy_lastbytes                        0x0800054b   Thumb Code     0  rt_memcpy_v6.o(.text)
    __aeabi_memset                           0x0800056f   Thumb Code    16  aeabi_memset.o(.text)
    __aeabi_memclr4                          0x0800057f   Thumb Code     0  rt_memclr_w.o(.text)
    __aeabi_memclr8                          0x0800057f   Thumb Code     0  rt_memclr_w.o(.text)
    __rt_memclr_w                            0x0800057f   Thumb Code    78  rt_memclr_w.o(.text)
    _memset_w                                0x08000583   Thumb Code     0  rt_memclr_w.o(.text)
    __use_two_region_memory                  0x080005cd   Thumb Code     2  heapauxi.o(.text)
    __rt_heap_escrow                         0x080005cf   Thumb Code     2  heapauxi.o(.text)
    __rt_heap_expand                         0x080005d1   Thumb Code     2  heapauxi.o(.text)
    __read_errno                             0x080005d3   Thumb Code    10  _rserrno.o(.text)
    __set_errno                              0x080005dd   Thumb Code    12  _rserrno.o(.text)
    _printf_int_common                       0x080005e9   Thumb Code   178  _printf_intcommon.o(.text)
    __lib_sel_fp_printf                      0x0800069b   Thumb Code     2  _printf_fp_dec.o(.text)
    _printf_fp_dec_real                      0x0800084d   Thumb Code   620  _printf_fp_dec.o(.text)
    _printf_char_common                      0x08000ac3   Thumb Code    32  _printf_char_common.o(.text)
    _sputc                                   0x08000ae9   Thumb Code    10  _sputc.o(.text)
    _printf_cs_common                        0x08000af3   Thumb Code    20  _printf_char.o(.text)
    _printf_char                             0x08000b07   Thumb Code    16  _printf_char.o(.text)
    _printf_string                           0x08000b17   Thumb Code     8  _printf_char.o(.text)
    __aeabi_memcpy4                          0x08000b1f   Thumb Code     0  rt_memcpy_w.o(.text)
    __aeabi_memcpy8                          0x08000b1f   Thumb Code     0  rt_memcpy_w.o(.text)
    __rt_memcpy_w                            0x08000b1f   Thumb Code   100  rt_memcpy_w.o(.text)
    _memcpy_lastbytes_aligned                0x08000b67   Thumb Code     0  rt_memcpy_w.o(.text)
    __aeabi_memclr                           0x08000b83   Thumb Code     0  rt_memclr.o(.text)
    __rt_memclr                              0x08000b83   Thumb Code    68  rt_memclr.o(.text)
    _memset                                  0x08000b87   Thumb Code     0  rt_memclr.o(.text)
    __rt_locale                              0x08000bc9   Thumb Code     8  rt_locale_intlibspace.o(.text)
    __aeabi_errno_addr                       0x08000bd1   Thumb Code     8  rt_errno_addr_intlibspace.o(.text)
    __errno$intlibspace                      0x08000bd1   Thumb Code     0  rt_errno_addr_intlibspace.o(.text)
    __rt_errno_addr$intlibspace              0x08000bd1   Thumb Code     0  rt_errno_addr_intlibspace.o(.text)
    _ll_udiv10                               0x08000bd9   Thumb Code   138  lludiv10.o(.text)
    _printf_fp_infnan                        0x08000c65   Thumb Code   112  _printf_fp_infnan.o(.text)
    _btod_etento                             0x08000ce5   Thumb Code   224  bigflt0.o(.text)
    __user_libspace                          0x08000dc9   Thumb Code     8  libspace.o(.text)
    __user_perproc_libspace                  0x08000dc9   Thumb Code     0  libspace.o(.text)
    __user_perthread_libspace                0x08000dc9   Thumb Code     0  libspace.o(.text)
    __user_setup_stackheap                   0x08000dd1   Thumb Code    74  sys_stackheap_outer.o(.text)
    exit                                     0x08000e1b   Thumb Code    18  exit.o(.text)
    strcmp                                   0x08000e2d   Thumb Code   128  strcmpv7m.o(.text)
    __I$use$semihosting                      0x08000ead   Thumb Code     0  use_no_semi.o(.text)
    __use_no_semihosting_swi                 0x08000ead   Thumb Code     2  use_no_semi.o(.text)
    __semihosting_library_function           0x08000eaf   Thumb Code     0  indicate_semi.o(.text)
    _sys_exit                                0x08000eb1   Thumb Code     8  sys_exit.o(.text)
    _btod_d2e                                0x08000ebd   Thumb Code    62  btod.o(CL$$btod_d2e)
    _d2e_denorm_low                          0x08000efb   Thumb Code    70  btod.o(CL$$btod_d2e_denorm_low)
    _d2e_norm_op1                            0x08000f41   Thumb Code    96  btod.o(CL$$btod_d2e_norm_op1)
    __btod_div_common                        0x08000fa1   Thumb Code   696  btod.o(CL$$btod_div_common)
    _e2e                                     0x080012d9   Thumb Code   220  btod.o(CL$$btod_e2e)
    _btod_ediv                               0x080013b5   Thumb Code    42  btod.o(CL$$btod_ediv)
    _btod_emul                               0x080013df   Thumb Code    42  btod.o(CL$$btod_emul)
    __btod_mult_common                       0x08001409   Thumb Code   580  btod.o(CL$$btod_mult_common)
    BMS_STA                                  0x0800164d   Thumb Code    42  bq76930.o(i.BMS_STA)
    BQ76930_config                           0x0800167d   Thumb Code    34  bq76930.o(i.BQ76930_config)
    BQ_1_config                              0x080016a1   Thumb Code    34  bq76930.o(i.BQ_1_config)
    BusFault_Handler                         0x080016c9   Thumb Code     2  stm32f1xx_it.o(i.BusFault_Handler)
    CRC8                                     0x080016cb   Thumb Code    46  bq76930.o(i.CRC8)
    Can_Send_Msg                             0x080016f9   Thumb Code    36  can.o(i.Can_Send_Msg)
    DebugMon_Handler                         0x08001721   Thumb Code     2  stm32f1xx_it.o(i.DebugMon_Handler)
    Error_Handler                            0x08001723   Thumb Code     4  main.o(i.Error_Handler)
    Get_BQ1_2_Temp                           0x08001729   Thumb Code   164  bq76930.o(i.Get_BQ1_2_Temp)
    Get_BQ_Current                           0x080017ed   Thumb Code    96  bq76930.o(i.Get_BQ_Current)
    Get_Battery1                             0x0800185d   Thumb Code    70  bq76930.o(i.Get_Battery1)
    Get_Battery10                            0x080018ad   Thumb Code    70  bq76930.o(i.Get_Battery10)
    Get_Battery11                            0x080018fd   Thumb Code    70  bq76930.o(i.Get_Battery11)
    Get_Battery12                            0x0800194d   Thumb Code    70  bq76930.o(i.Get_Battery12)
    Get_Battery15                            0x0800199d   Thumb Code    70  bq76930.o(i.Get_Battery15)
    Get_Battery2                             0x080019ed   Thumb Code    66  bq76930.o(i.Get_Battery2)
    Get_Battery5                             0x08001a39   Thumb Code    70  bq76930.o(i.Get_Battery5)
    Get_Battery6                             0x08001a89   Thumb Code    70  bq76930.o(i.Get_Battery6)
    Get_Battery7                             0x08001ad9   Thumb Code    70  bq76930.o(i.Get_Battery7)
    Get_SOC                                  0x08001b29   Thumb Code   314  bq76930.o(i.Get_SOC)
    Get_Update_ALL_Data                      0x08001c6d   Thumb Code    64  bq76930.o(i.Get_Update_ALL_Data)
    Get_Update_Data                          0x08001cb5   Thumb Code    66  bq76930.o(i.Get_Update_Data)
    Get_offset                               0x08001cf9   Thumb Code    58  bq76930.o(i.Get_offset)
    HAL_CAN_AddTxMessage                     0x08001d3d   Thumb Code   208  stm32f1xx_hal_can.o(i.HAL_CAN_AddTxMessage)
    HAL_CAN_Init                             0x08001e0d   Thumb Code   282  stm32f1xx_hal_can.o(i.HAL_CAN_Init)
    HAL_CAN_MspInit                          0x08001f29   Thumb Code    96  can.o(i.HAL_CAN_MspInit)
    HAL_Delay                                0x08001f95   Thumb Code    32  stm32f1xx_hal.o(i.HAL_Delay)
    HAL_GPIO_Init                            0x08001fb9   Thumb Code   446  stm32f1xx_hal_gpio.o(i.HAL_GPIO_Init)
    HAL_GPIO_ReadPin                         0x08002199   Thumb Code    10  stm32f1xx_hal_gpio.o(i.HAL_GPIO_ReadPin)
    HAL_GPIO_WritePin                        0x080021a3   Thumb Code    10  stm32f1xx_hal_gpio.o(i.HAL_GPIO_WritePin)
    HAL_GetTick                              0x080021ad   Thumb Code     6  stm32f1xx_hal.o(i.HAL_GetTick)
    HAL_IncTick                              0x080021b9   Thumb Code    12  stm32f1xx_hal.o(i.HAL_IncTick)
    HAL_Init                                 0x080021c9   Thumb Code    32  stm32f1xx_hal.o(i.HAL_Init)
    HAL_InitTick                             0x080021ed   Thumb Code   132  stm32f1xx_hal_timebase_tim.o(i.HAL_InitTick)
    HAL_MspInit                              0x08002285   Thumb Code    62  stm32f1xx_hal_msp.o(i.HAL_MspInit)
    HAL_NVIC_EnableIRQ                       0x080022cd   Thumb Code    26  stm32f1xx_hal_cortex.o(i.HAL_NVIC_EnableIRQ)
    HAL_NVIC_SetPriority                     0x080022e9   Thumb Code    60  stm32f1xx_hal_cortex.o(i.HAL_NVIC_SetPriority)
    HAL_NVIC_SetPriorityGrouping             0x08002329   Thumb Code    26  stm32f1xx_hal_cortex.o(i.HAL_NVIC_SetPriorityGrouping)
    HAL_RCC_ClockConfig                      0x0800234d   Thumb Code   280  stm32f1xx_hal_rcc.o(i.HAL_RCC_ClockConfig)
    HAL_RCC_GetClockConfig                   0x08002479   Thumb Code    54  stm32f1xx_hal_rcc.o(i.HAL_RCC_GetClockConfig)
    HAL_RCC_GetPCLK1Freq                     0x080024b9   Thumb Code    20  stm32f1xx_hal_rcc.o(i.HAL_RCC_GetPCLK1Freq)
    HAL_RCC_GetPCLK2Freq                     0x080024d9   Thumb Code    20  stm32f1xx_hal_rcc.o(i.HAL_RCC_GetPCLK2Freq)
    HAL_RCC_GetSysClockFreq                  0x080024f9   Thumb Code    58  stm32f1xx_hal_rcc.o(i.HAL_RCC_GetSysClockFreq)
    HAL_RCC_OscConfig                        0x08002545   Thumb Code   778  stm32f1xx_hal_rcc.o(i.HAL_RCC_OscConfig)
    HAL_TIMEx_BreakCallback                  0x08002865   Thumb Code     2  stm32f1xx_hal_tim_ex.o(i.HAL_TIMEx_BreakCallback)
    HAL_TIMEx_CommutCallback                 0x08002867   Thumb Code     2  stm32f1xx_hal_tim_ex.o(i.HAL_TIMEx_CommutCallback)
    HAL_TIM_Base_Init                        0x08002869   Thumb Code    90  stm32f1xx_hal_tim.o(i.HAL_TIM_Base_Init)
    HAL_TIM_Base_MspInit                     0x080028c3   Thumb Code     2  stm32f1xx_hal_tim.o(i.HAL_TIM_Base_MspInit)
    HAL_TIM_Base_Start_IT                    0x080028c5   Thumb Code    76  stm32f1xx_hal_tim.o(i.HAL_TIM_Base_Start_IT)
    HAL_TIM_IC_CaptureCallback               0x0800291d   Thumb Code     2  stm32f1xx_hal_tim.o(i.HAL_TIM_IC_CaptureCallback)
    HAL_TIM_IRQHandler                       0x0800291f   Thumb Code   304  stm32f1xx_hal_tim.o(i.HAL_TIM_IRQHandler)
    HAL_TIM_OC_DelayElapsedCallback          0x08002a4f   Thumb Code     2  stm32f1xx_hal_tim.o(i.HAL_TIM_OC_DelayElapsedCallback)
    HAL_TIM_PWM_PulseFinishedCallback        0x08002a51   Thumb Code     2  stm32f1xx_hal_tim.o(i.HAL_TIM_PWM_PulseFinishedCallback)
    HAL_TIM_PeriodElapsedCallback            0x08002a55   Thumb Code    14  main.o(i.HAL_TIM_PeriodElapsedCallback)
    HAL_TIM_TriggerCallback                  0x08002a69   Thumb Code     2  stm32f1xx_hal_tim.o(i.HAL_TIM_TriggerCallback)
    HAL_UART_Init                            0x08002a6b   Thumb Code   100  stm32f1xx_hal_uart.o(i.HAL_UART_Init)
    HAL_UART_MspInit                         0x08002ad1   Thumb Code   184  usart.o(i.HAL_UART_MspInit)
    HAL_UART_Transmit                        0x08002b99   Thumb Code   160  stm32f1xx_hal_uart.o(i.HAL_UART_Transmit)
    HardFault_Handler                        0x08002c39   Thumb Code     2  stm32f1xx_it.o(i.HardFault_Handler)
    I2C1_Configuration                       0x08002c3b   Thumb Code     2  i2c1.o(i.I2C1_Configuration)
    IIC1_read_one_byte                       0x08002e15   Thumb Code    56  i2c1.o(i.IIC1_read_one_byte)
    IIC1_write_one_byte_CRC                  0x08002e4d   Thumb Code    94  i2c1.o(i.IIC1_write_one_byte_CRC)
    MCU_WAKE_BQ_ONOFF                        0x08002ead   Thumb Code    18  bq76930.o(i.MCU_WAKE_BQ_ONOFF)
    MX_CAN_Init                              0x08002ec5   Thumb Code    58  can.o(i.MX_CAN_Init)
    MX_GPIO_Init                             0x08002f09   Thumb Code   160  gpio.o(i.MX_GPIO_Init)
    MX_USART1_UART_Init                      0x08002fb5   Thumb Code    48  usart.o(i.MX_USART1_UART_Init)
    MX_USART2_UART_Init                      0x08002fed   Thumb Code    48  usart.o(i.MX_USART2_UART_Init)
    MemManage_Handler                        0x08003025   Thumb Code     2  stm32f1xx_it.o(i.MemManage_Handler)
    NMI_Handler                              0x08003027   Thumb Code     2  stm32f1xx_it.o(i.NMI_Handler)
    OCD_SCD_PROTECT                          0x08003029   Thumb Code    22  bq76930.o(i.OCD_SCD_PROTECT)
    OV_UV_1_PROTECT                          0x08003041   Thumb Code   102  bq76930.o(i.OV_UV_1_PROTECT)
    SysTick_Handler                          0x080030b5   Thumb Code    26  cmsis_os2.o(i.SysTick_Handler)
    SystemClock_Config                       0x080030cf   Thumb Code    94  main.o(i.SystemClock_Config)
    SystemInit                               0x0800312d   Thumb Code     2  system_stm32f1xx.o(i.SystemInit)
    TIM4_IRQHandler                          0x08003131   Thumb Code     6  stm32f1xx_it.o(i.TIM4_IRQHandler)
    TIM_Base_SetConfig                       0x0800313d   Thumb Code   108  stm32f1xx_hal_tim.o(i.TIM_Base_SetConfig)
    USART2_Printf                            0x08003331   Thumb Code    14  usart.o(i.USART2_Printf)
    UartSend                                 0x08003345   Thumb Code    26  usart.o(i.UartSend)
    Update_val                               0x08003365   Thumb Code   674  bq76930.o(i.Update_val)
    UsageFault_Handler                       0x080037e1   Thumb Code     2  stm32f1xx_it.o(i.UsageFault_Handler)
    WAKE_ALL_DEVICE                          0x080037e3   Thumb Code    24  bq76930.o(i.WAKE_ALL_DEVICE)
    __ARM_fpclassify                         0x080037fb   Thumb Code    40  fpclassify.o(i.__ARM_fpclassify)
    __kernel_poly                            0x08003843   Thumb Code   170  poly.o(i.__kernel_poly)
    __mathlib_dbl_divzero                    0x080038ed   Thumb Code    12  dunder.o(i.__mathlib_dbl_divzero)
    __mathlib_dbl_infnan                     0x080038fd   Thumb Code     6  dunder.o(i.__mathlib_dbl_infnan)
    __mathlib_dbl_invalid                    0x08003903   Thumb Code    12  dunder.o(i.__mathlib_dbl_invalid)
    _is_digit                                0x0800390f   Thumb Code    14  __printf_wp.o(i._is_digit)
    log                                      0x0800391d   Thumb Code   808  log.o(i.log)
    main                                     0x08003c79   Thumb Code    42  main.o(i.main)
    osKernelStart                            0x08003ca5   Thumb Code    48  cmsis_os2.o(i.osKernelStart)
    pxPortInitialiseStack                    0x08004425   Thumb Code    32  port.o(i.pxPortInitialiseStack)
    uxListRemove                             0x08004449   Thumb Code    38  list.o(i.uxListRemove)
    vApplicationGetIdleTaskMemory            0x08004471   Thumb Code    16  cmsis_os2.o(i.vApplicationGetIdleTaskMemory)
    vApplicationGetTimerTaskMemory           0x08004485   Thumb Code    18  cmsis_os2.o(i.vApplicationGetTimerTaskMemory)
    vListInitialise                          0x0800449d   Thumb Code    22  list.o(i.vListInitialise)
    vListInitialiseItem                      0x080044b3   Thumb Code     6  list.o(i.vListInitialiseItem)
    vListInsert                              0x080044b9   Thumb Code    48  list.o(i.vListInsert)
    vListInsertEnd                           0x080044e9   Thumb Code    24  list.o(i.vListInsertEnd)
    vPortEnterCritical                       0x08004501   Thumb Code    54  port.o(i.vPortEnterCritical)
    vPortExitCritical                        0x08004541   Thumb Code    34  port.o(i.vPortExitCritical)
    vPortFree                                0x08004569   Thumb Code    94  heap_4.o(i.vPortFree)
    vPortSetupTimerInterrupt                 0x080045cd   Thumb Code    32  port.o(i.vPortSetupTimerInterrupt)
    vPortValidateInterruptPriority           0x080045f1   Thumb Code    74  port.o(i.vPortValidateInterruptPriority)
    vQueueAddToRegistry                      0x08004645   Thumb Code    34  queue.o(i.vQueueAddToRegistry)
    vQueueWaitForMessageRestricted           0x0800466d   Thumb Code    68  queue.o(i.vQueueWaitForMessageRestricted)
    vTaskInternalSetTimeOutState             0x080046b1   Thumb Code    12  tasks.o(i.vTaskInternalSetTimeOutState)
    vTaskMissedYield                         0x080046c1   Thumb Code     8  tasks.o(i.vTaskMissedYield)
    vTaskPlaceOnEventList                    0x080046cd   Thumb Code    44  tasks.o(i.vTaskPlaceOnEventList)
    vTaskPlaceOnEventListRestricted          0x080046fd   Thumb Code    52  tasks.o(i.vTaskPlaceOnEventListRestricted)
    vTaskStartScheduler                      0x08004735   Thumb Code   118  tasks.o(i.vTaskStartScheduler)
    vTaskSuspendAll                          0x080047bd   Thumb Code    10  tasks.o(i.vTaskSuspendAll)
    vTaskSwitchContext                       0x080047cd   Thumb Code    90  tasks.o(i.vTaskSwitchContext)
    xPortStartScheduler                      0x08004831   Thumb Code   154  port.o(i.xPortStartScheduler)
    xPortSysTickHandler                      0x080048d9   Thumb Code    38  port.o(i.xPortSysTickHandler)
    xQueueGenericCreateStatic                0x08004905   Thumb Code   102  queue.o(i.xQueueGenericCreateStatic)
    xQueueGenericReset                       0x0800496d   Thumb Code   132  queue.o(i.xQueueGenericReset)
    xQueueGenericSend                        0x080049f5   Thumb Code   346  queue.o(i.xQueueGenericSend)
    xQueueGenericSendFromISR                 0x08004b55   Thumb Code   190  queue.o(i.xQueueGenericSendFromISR)
    xQueueReceive                            0x08004c15   Thumb Code   308  queue.o(i.xQueueReceive)
    xTaskCheckForTimeOut                     0x08004d4d   Thumb Code   112  tasks.o(i.xTaskCheckForTimeOut)
    xTaskCreateStatic                        0x08004dc1   Thumb Code    86  tasks.o(i.xTaskCreateStatic)
    xTaskGetSchedulerState                   0x08004e19   Thumb Code    22  tasks.o(i.xTaskGetSchedulerState)
    xTaskGetTickCount                        0x08004e35   Thumb Code     6  tasks.o(i.xTaskGetTickCount)
    xTaskIncrementTick                       0x08004e41   Thumb Code   192  tasks.o(i.xTaskIncrementTick)
    xTaskPriorityDisinherit                  0x08004f09   Thumb Code   118  tasks.o(i.xTaskPriorityDisinherit)
    xTaskRemoveFromEventList                 0x08004f89   Thumb Code    98  tasks.o(i.xTaskRemoveFromEventList)
    xTaskResumeAll                           0x08004ff9   Thumb Code   182  tasks.o(i.xTaskResumeAll)
    xTimerCreateTimerTask                    0x080050bd   Thumb Code    78  timers.o(i.xTimerCreateTimerTask)
    xTimerGenericCommand                     0x0800511d   Thumb Code    98  timers.o(i.xTimerGenericCommand)
    _get_lc_numeric                          0x08005185   Thumb Code    44  lc_numeric_c.o(locale$$code)
    __aeabi_d2f                              0x080051b1   Thumb Code     0  d2f.o(x$fpl$d2f)
    _d2f                                     0x080051b1   Thumb Code    98  d2f.o(x$fpl$d2f)
    __aeabi_dadd                             0x08005215   Thumb Code     0  daddsub_clz.o(x$fpl$dadd)
    _dadd                                    0x08005215   Thumb Code   332  daddsub_clz.o(x$fpl$dadd)
    __fpl_dcheck_NaN1                        0x08005365   Thumb Code    10  dcheck1.o(x$fpl$dcheck1)
    __fpl_dcmp_Inf                           0x08005375   Thumb Code    24  dcmpi.o(x$fpl$dcmpinf)
    __aeabi_ddiv                             0x0800538d   Thumb Code     0  ddiv.o(x$fpl$ddiv)
    _ddiv                                    0x0800538d   Thumb Code   552  ddiv.o(x$fpl$ddiv)
    __aeabi_cdcmpeq                          0x0800563d   Thumb Code     0  deqf.o(x$fpl$deqf)
    _dcmpeq                                  0x0800563d   Thumb Code   120  deqf.o(x$fpl$deqf)
    __aeabi_d2uiz                            0x080056b5   Thumb Code     0  dfixu.o(x$fpl$dfixu)
    _dfixu                                   0x080056b5   Thumb Code    90  dfixu.o(x$fpl$dfixu)
    __aeabi_i2d                              0x0800570f   Thumb Code     0  dflt_clz.o(x$fpl$dflt)
    _dflt                                    0x0800570f   Thumb Code    46  dflt_clz.o(x$fpl$dflt)
    __aeabi_ui2d                             0x0800573d   Thumb Code     0  dflt_clz.o(x$fpl$dfltu)
    _dfltu                                   0x0800573d   Thumb Code    38  dflt_clz.o(x$fpl$dfltu)
    __aeabi_dmul                             0x08005765   Thumb Code     0  dmul.o(x$fpl$dmul)
    _dmul                                    0x08005765   Thumb Code   332  dmul.o(x$fpl$dmul)
    __fpl_dnaninf                            0x080058b9   Thumb Code   156  dnaninf.o(x$fpl$dnaninf)
    __fpl_dretinf                            0x08005955   Thumb Code    12  dretinf.o(x$fpl$dretinf)
    __aeabi_drsub                            0x08005961   Thumb Code     0  daddsub_clz.o(x$fpl$drsb)
    _drsb                                    0x08005961   Thumb Code    22  daddsub_clz.o(x$fpl$drsb)
    __aeabi_dsub                             0x08005979   Thumb Code     0  daddsub_clz.o(x$fpl$dsub)
    _dsub                                    0x08005979   Thumb Code   464  daddsub_clz.o(x$fpl$dsub)
    __aeabi_f2d                              0x08005b4d   Thumb Code     0  f2d.o(x$fpl$f2d)
    _f2d                                     0x08005b4d   Thumb Code    86  f2d.o(x$fpl$f2d)
    __aeabi_fadd                             0x08005ba5   Thumb Code     0  faddsub_clz.o(x$fpl$fadd)
    _fadd                                    0x08005ba5   Thumb Code   196  faddsub_clz.o(x$fpl$fadd)
    __aeabi_fdiv                             0x08005c69   Thumb Code     0  fdiv.o(x$fpl$fdiv)
    _fdiv                                    0x08005c69   Thumb Code   384  fdiv.o(x$fpl$fdiv)
    __aeabi_f2iz                             0x08005ded   Thumb Code     0  ffix.o(x$fpl$ffix)
    _ffix                                    0x08005ded   Thumb Code    54  ffix.o(x$fpl$ffix)
    __aeabi_i2f                              0x08005e25   Thumb Code     0  fflt_clz.o(x$fpl$fflt)
    _fflt                                    0x08005e25   Thumb Code    48  fflt_clz.o(x$fpl$fflt)
    __aeabi_ui2f                             0x08005e55   Thumb Code     0  fflt_clz.o(x$fpl$ffltu)
    _ffltu                                   0x08005e55   Thumb Code    38  fflt_clz.o(x$fpl$ffltu)
    __fpl_fnaninf                            0x08005e7b   Thumb Code   140  fnaninf.o(x$fpl$fnaninf)
    __fpl_fretinf                            0x08005f07   Thumb Code    10  fretinf.o(x$fpl$fretinf)
    __aeabi_fsub                             0x08005f11   Thumb Code     0  faddsub_clz.o(x$fpl$fsub)
    _fsub                                    0x08005f11   Thumb Code   234  faddsub_clz.o(x$fpl$fsub)
    _printf_fp_dec                           0x08005ffb   Thumb Code     4  printf1.o(x$fpl$printf1)
    __fpl_return_NaN                         0x08005fff   Thumb Code   100  retnan.o(x$fpl$retnan)
    __ARM_scalbn                             0x08006063   Thumb Code    92  scalbn.o(x$fpl$scalbn)
    __fpl_cmpreturn                          0x080060bf   Thumb Code    48  trapv.o(x$fpl$trapveneer)
    __I$use$fp                               0x080060ee   Number         0  usenofp.o(x$fpl$usenofp)
    AHBPrescTable                            0x08006100   Data          16  system_stm32f1xx.o(.constdata)
    APBPrescTable                            0x08006110   Data           8  system_stm32f1xx.o(.constdata)
    __mathlib_zero                           0x08006150   Data           8  qnan.o(.constdata)
    Region$$Table$$Base                      0x080061ec   Number         0  anon$$obj.o(Region$$Table)
    Region$$Table$$Limit                     0x0800620c   Number         0  anon$$obj.o(Region$$Table)
    uwTickFreq                               0x20000000   Data           1  stm32f1xx_hal.o(.data)
    uwTickPrio                               0x20000004   Data           4  stm32f1xx_hal.o(.data)
    uwTick                                   0x20000008   Data           4  stm32f1xx_hal.o(.data)
    SystemCoreClock                          0x2000000c   Data           4  system_stm32f1xx.o(.data)
    pxCurrentTCB                             0x20000010   Data           4  tasks.o(.data)
    BMS_sta                                  0x20000090   Data           1  bq76930.o(.data)
    DSG_STA                                  0x20000091   Data           1  bq76930.o(.data)
    CHG_STA                                  0x20000092   Data           1  bq76930.o(.data)
    ADC_GAIN                                 0x20000094   Data           4  bq76930.o(.data)
    ADC_offset                               0x20000098   Data           4  bq76930.o(.data)
    GAIN                                     0x2000009c   Data           4  bq76930.o(.data)
    SOC                                      0x200000a0   Data           4  bq76930.o(.data)
    Tempval_1                                0x200000a4   Data           4  bq76930.o(.data)
    Tempval_2                                0x200000a8   Data           4  bq76930.o(.data)
    UV_Alarm_flag                            0x200000ac   Data           4  bq76930.o(.data)
    OV_Alarm_flag                            0x200000b0   Data           4  bq76930.o(.data)
    SCD_Alarm_flag                           0x200000b4   Data           4  bq76930.o(.data)
    OCD_Alarm_flag                           0x200000b8   Data           4  bq76930.o(.data)
    can_buf1                                 0x200000bc   Data           8  bq76930.o(.data)
    can_buf2                                 0x200000c4   Data           8  bq76930.o(.data)
    can_buf3                                 0x200000cc   Data           8  bq76930.o(.data)
    can_buf4                                 0x200000d4   Data           8  bq76930.o(.data)
    can_buf5                                 0x200000dc   Data           8  bq76930.o(.data)
    can_buf6                                 0x200000e4   Data           8  bq76930.o(.data)
    can_buf7                                 0x200000ec   Data           8  bq76930.o(.data)
    shang                                    0x200000f4   Data          50  bq76930.o(.data)
    shang1                                   0x20000126   Data          50  bq76930.o(.data)
    shang2                                   0x20000158   Data          50  bq76930.o(.data)
    shang3                                   0x2000018a   Data          50  bq76930.o(.data)
    BQ769_INITAdd                            0x200001bc   Data          12  bq76930.o(.data)
    BQ769_INITdata                           0x200001c8   Data          12  bq76930.o(.data)
    hcan                                     0x200001d4   Data          40  can.o(.bss)
    huart1                                   0x200001fc   Data          72  usart.o(.bss)
    huart2                                   0x20000244   Data          72  usart.o(.bss)
    htim4                                    0x2000028c   Data          72  stm32f1xx_hal_timebase_tim.o(.bss)
    xQueueRegistry                           0x200002d4   Data          64  queue.o(.bss)
    Batteryval                               0x20000fa8   Data         200  bq76930.o(.bss)
    __libspace_start                         0x20001070   Data          96  libspace.o(.bss)
    __temporary_stack_top$libspace           0x200010d0   Data           0  libspace.o(.bss)



==============================================================================

Memory Map of the image

  Image Entry point : 0x080000ed

  Load Region LR_IROM1 (Base: 0x08000000, Size: 0x000063fc, Max: 0x00010000, ABSOLUTE, COMPRESSED[0x00006270])

    Execution Region ER_IROM1 (Exec base: 0x08000000, Load base: 0x08000000, Size: 0x00006228, Max: 0x00010000, ABSOLUTE)

    Exec Addr    Load Addr    Size         Type   Attr      Idx    E Section Name        Object

    0x08000000   0x08000000   0x000000ec   Data   RO            3    RESET               startup_stm32f103xb.o
    0x080000ec   0x080000ec   0x00000008   Code   RO         5489  * !!!main             c_w.l(__main.o)
    0x080000f4   0x080000f4   0x00000034   Code   RO         5987    !!!scatter          c_w.l(__scatter.o)
    0x08000128   0x08000128   0x0000003a   Code   RO         5985    !!dczerorl          c_w.l(__dczerorl.o)
    0x08000162   0x08000162   0x00000002   PAD
    0x08000164   0x08000164   0x0000001c   Code   RO         5989    !!handler_zi        c_w.l(__scatter_zi.o)
    0x08000180   0x08000180   0x00000000   Code   RO         5476    .ARM.Collect$$_printf_percent$$00000000  c_w.l(_printf_percent.o)
    0x08000180   0x08000180   0x00000006   Code   RO         5475    .ARM.Collect$$_printf_percent$$00000003  c_w.l(_printf_f.o)
    0x08000186   0x08000186   0x00000006   Code   RO         5474    .ARM.Collect$$_printf_percent$$00000009  c_w.l(_printf_d.o)
    0x0800018c   0x0800018c   0x00000006   Code   RO         5473    .ARM.Collect$$_printf_percent$$00000014  c_w.l(_printf_s.o)
    0x08000192   0x08000192   0x00000004   Code   RO         5564    .ARM.Collect$$_printf_percent$$00000017  c_w.l(_printf_percent_end.o)
    0x08000196   0x08000196   0x00000002   Code   RO         5780    .ARM.Collect$$libinit$$00000000  c_w.l(libinit.o)
    0x08000198   0x08000198   0x00000000   Code   RO         5782    .ARM.Collect$$libinit$$00000002  c_w.l(libinit2.o)
    0x08000198   0x08000198   0x00000000   Code   RO         5784    .ARM.Collect$$libinit$$00000004  c_w.l(libinit2.o)
    0x08000198   0x08000198   0x00000000   Code   RO         5787    .ARM.Collect$$libinit$$0000000A  c_w.l(libinit2.o)
    0x08000198   0x08000198   0x00000000   Code   RO         5789    .ARM.Collect$$libinit$$0000000C  c_w.l(libinit2.o)
    0x08000198   0x08000198   0x00000000   Code   RO         5791    .ARM.Collect$$libinit$$0000000E  c_w.l(libinit2.o)
    0x08000198   0x08000198   0x00000006   Code   RO         5792    .ARM.Collect$$libinit$$0000000F  c_w.l(libinit2.o)
    0x0800019e   0x0800019e   0x00000000   Code   RO         5794    .ARM.Collect$$libinit$$00000011  c_w.l(libinit2.o)
    0x0800019e   0x0800019e   0x00000000   Code   RO         5796    .ARM.Collect$$libinit$$00000013  c_w.l(libinit2.o)
    0x0800019e   0x0800019e   0x00000000   Code   RO         5798    .ARM.Collect$$libinit$$00000015  c_w.l(libinit2.o)
    0x0800019e   0x0800019e   0x0000000a   Code   RO         5799    .ARM.Collect$$libinit$$00000016  c_w.l(libinit2.o)
    0x080001a8   0x080001a8   0x00000000   Code   RO         5800    .ARM.Collect$$libinit$$00000017  c_w.l(libinit2.o)
    0x080001a8   0x080001a8   0x00000000   Code   RO         5802    .ARM.Collect$$libinit$$00000019  c_w.l(libinit2.o)
    0x080001a8   0x080001a8   0x00000000   Code   RO         5804    .ARM.Collect$$libinit$$0000001B  c_w.l(libinit2.o)
    0x080001a8   0x080001a8   0x00000000   Code   RO         5806    .ARM.Collect$$libinit$$0000001D  c_w.l(libinit2.o)
    0x080001a8   0x080001a8   0x00000000   Code   RO         5808    .ARM.Collect$$libinit$$0000001F  c_w.l(libinit2.o)
    0x080001a8   0x080001a8   0x00000000   Code   RO         5810    .ARM.Collect$$libinit$$00000021  c_w.l(libinit2.o)
    0x080001a8   0x080001a8   0x00000000   Code   RO         5812    .ARM.Collect$$libinit$$00000023  c_w.l(libinit2.o)
    0x080001a8   0x080001a8   0x00000000   Code   RO         5814    .ARM.Collect$$libinit$$00000025  c_w.l(libinit2.o)
    0x080001a8   0x080001a8   0x00000000   Code   RO         5818    .ARM.Collect$$libinit$$0000002C  c_w.l(libinit2.o)
    0x080001a8   0x080001a8   0x00000000   Code   RO         5820    .ARM.Collect$$libinit$$0000002E  c_w.l(libinit2.o)
    0x080001a8   0x080001a8   0x00000000   Code   RO         5822    .ARM.Collect$$libinit$$00000030  c_w.l(libinit2.o)
    0x080001a8   0x080001a8   0x00000000   Code   RO         5824    .ARM.Collect$$libinit$$00000032  c_w.l(libinit2.o)
    0x080001a8   0x080001a8   0x00000002   Code   RO         5825    .ARM.Collect$$libinit$$00000033  c_w.l(libinit2.o)
    0x080001aa   0x080001aa   0x00000002   Code   RO         5964    .ARM.Collect$$libshutdown$$00000000  c_w.l(libshutdown.o)
    0x080001ac   0x080001ac   0x00000000   Code   RO         5827    .ARM.Collect$$libshutdown$$00000002  c_w.l(libshutdown2.o)
    0x080001ac   0x080001ac   0x00000000   Code   RO         5829    .ARM.Collect$$libshutdown$$00000004  c_w.l(libshutdown2.o)
    0x080001ac   0x080001ac   0x00000000   Code   RO         5831    .ARM.Collect$$libshutdown$$00000006  c_w.l(libshutdown2.o)
    0x080001ac   0x080001ac   0x00000000   Code   RO         5834    .ARM.Collect$$libshutdown$$00000009  c_w.l(libshutdown2.o)
    0x080001ac   0x080001ac   0x00000000   Code   RO         5837    .ARM.Collect$$libshutdown$$0000000C  c_w.l(libshutdown2.o)
    0x080001ac   0x080001ac   0x00000000   Code   RO         5839    .ARM.Collect$$libshutdown$$0000000E  c_w.l(libshutdown2.o)
    0x080001ac   0x080001ac   0x00000000   Code   RO         5842    .ARM.Collect$$libshutdown$$00000011  c_w.l(libshutdown2.o)
    0x080001ac   0x080001ac   0x00000002   Code   RO         5843    .ARM.Collect$$libshutdown$$00000012  c_w.l(libshutdown2.o)
    0x080001ae   0x080001ae   0x00000000   Code   RO         5549    .ARM.Collect$$rtentry$$00000000  c_w.l(__rtentry.o)
    0x080001ae   0x080001ae   0x00000000   Code   RO         5606    .ARM.Collect$$rtentry$$00000002  c_w.l(__rtentry2.o)
    0x080001ae   0x080001ae   0x00000006   Code   RO         5618    .ARM.Collect$$rtentry$$00000004  c_w.l(__rtentry4.o)
    0x080001b4   0x080001b4   0x00000000   Code   RO         5608    .ARM.Collect$$rtentry$$00000009  c_w.l(__rtentry2.o)
    0x080001b4   0x080001b4   0x00000004   Code   RO         5609    .ARM.Collect$$rtentry$$0000000A  c_w.l(__rtentry2.o)
    0x080001b8   0x080001b8   0x00000000   Code   RO         5611    .ARM.Collect$$rtentry$$0000000C  c_w.l(__rtentry2.o)
    0x080001b8   0x080001b8   0x00000008   Code   RO         5612    .ARM.Collect$$rtentry$$0000000D  c_w.l(__rtentry2.o)
    0x080001c0   0x080001c0   0x00000002   Code   RO         5851    .ARM.Collect$$rtexit$$00000000  c_w.l(rtexit.o)
    0x080001c2   0x080001c2   0x00000000   Code   RO         5907    .ARM.Collect$$rtexit$$00000002  c_w.l(rtexit2.o)
    0x080001c2   0x080001c2   0x00000004   Code   RO         5908    .ARM.Collect$$rtexit$$00000003  c_w.l(rtexit2.o)
    0x080001c6   0x080001c6   0x00000006   Code   RO         5909    .ARM.Collect$$rtexit$$00000004  c_w.l(rtexit2.o)
    0x080001cc   0x080001cc   0x00000096   Code   RO         4917    .emb_text           port.o
    0x08000262   0x08000262   0x00000002   PAD
    0x08000264   0x08000264   0x00000040   Code   RO            4    .text               startup_stm32f103xb.o
    0x080002a4   0x080002a4   0x00000028   Code   RO         5445    .text               c_w.l(noretval__2sprintf.o)
    0x080002cc   0x080002cc   0x00000052   Code   RO         5449    .text               c_w.l(_printf_str.o)
    0x0800031e   0x0800031e   0x00000002   PAD
    0x08000320   0x08000320   0x00000078   Code   RO         5451    .text               c_w.l(_printf_dec.o)
    0x08000398   0x08000398   0x0000010e   Code   RO         5461    .text               c_w.l(__printf_wp.o)
    0x080004a6   0x080004a6   0x0000003e   Code   RO         5477    .text               c_w.l(strlen.o)
    0x080004e4   0x080004e4   0x0000008a   Code   RO         5479    .text               c_w.l(rt_memcpy_v6.o)
    0x0800056e   0x0800056e   0x00000010   Code   RO         5483    .text               c_w.l(aeabi_memset.o)
    0x0800057e   0x0800057e   0x0000004e   Code   RO         5485    .text               c_w.l(rt_memclr_w.o)
    0x080005cc   0x080005cc   0x00000006   Code   RO         5487    .text               c_w.l(heapauxi.o)
    0x080005d2   0x080005d2   0x00000016   Code   RO         5550    .text               c_w.l(_rserrno.o)
    0x080005e8   0x080005e8   0x000000b2   Code   RO         5552    .text               c_w.l(_printf_intcommon.o)
    0x0800069a   0x0800069a   0x0000041e   Code   RO         5554    .text               c_w.l(_printf_fp_dec.o)
    0x08000ab8   0x08000ab8   0x00000030   Code   RO         5556    .text               c_w.l(_printf_char_common.o)
    0x08000ae8   0x08000ae8   0x0000000a   Code   RO         5558    .text               c_w.l(_sputc.o)
    0x08000af2   0x08000af2   0x0000002c   Code   RO         5560    .text               c_w.l(_printf_char.o)
    0x08000b1e   0x08000b1e   0x00000064   Code   RO         5571    .text               c_w.l(rt_memcpy_w.o)
    0x08000b82   0x08000b82   0x00000044   Code   RO         5573    .text               c_w.l(rt_memclr.o)
    0x08000bc6   0x08000bc6   0x00000002   PAD
    0x08000bc8   0x08000bc8   0x00000008   Code   RO         5623    .text               c_w.l(rt_locale_intlibspace.o)
    0x08000bd0   0x08000bd0   0x00000008   Code   RO         5628    .text               c_w.l(rt_errno_addr_intlibspace.o)
    0x08000bd8   0x08000bd8   0x0000008a   Code   RO         5630    .text               c_w.l(lludiv10.o)
    0x08000c62   0x08000c62   0x00000002   PAD
    0x08000c64   0x08000c64   0x00000080   Code   RO         5632    .text               c_w.l(_printf_fp_infnan.o)
    0x08000ce4   0x08000ce4   0x000000e4   Code   RO         5636    .text               c_w.l(bigflt0.o)
    0x08000dc8   0x08000dc8   0x00000008   Code   RO         5691    .text               c_w.l(libspace.o)
    0x08000dd0   0x08000dd0   0x0000004a   Code   RO         5696    .text               c_w.l(sys_stackheap_outer.o)
    0x08000e1a   0x08000e1a   0x00000012   Code   RO         5767    .text               c_w.l(exit.o)
    0x08000e2c   0x08000e2c   0x00000080   Code   RO         5773    .text               c_w.l(strcmpv7m.o)
    0x08000eac   0x08000eac   0x00000002   Code   RO         5848    .text               c_w.l(use_no_semi.o)
    0x08000eae   0x08000eae   0x00000000   Code   RO         5850    .text               c_w.l(indicate_semi.o)
    0x08000eae   0x08000eae   0x00000002   PAD
    0x08000eb0   0x08000eb0   0x0000000c   Code   RO         5904    .text               c_w.l(sys_exit.o)
    0x08000ebc   0x08000ebc   0x0000003e   Code   RO         5639    CL$$btod_d2e        c_w.l(btod.o)
    0x08000efa   0x08000efa   0x00000046   Code   RO         5641    CL$$btod_d2e_denorm_low  c_w.l(btod.o)
    0x08000f40   0x08000f40   0x00000060   Code   RO         5640    CL$$btod_d2e_norm_op1  c_w.l(btod.o)
    0x08000fa0   0x08000fa0   0x00000338   Code   RO         5649    CL$$btod_div_common  c_w.l(btod.o)
    0x080012d8   0x080012d8   0x000000dc   Code   RO         5646    CL$$btod_e2e        c_w.l(btod.o)
    0x080013b4   0x080013b4   0x0000002a   Code   RO         5643    CL$$btod_ediv       c_w.l(btod.o)
    0x080013de   0x080013de   0x0000002a   Code   RO         5642    CL$$btod_emul       c_w.l(btod.o)
    0x08001408   0x08001408   0x00000244   Code   RO         5648    CL$$btod_mult_common  c_w.l(btod.o)
    0x0800164c   0x0800164c   0x00000030   Code   RO         4998    i.BMS_STA           bq76930.o
    0x0800167c   0x0800167c   0x00000022   Code   RO         4999    i.BQ76930_config    bq76930.o
    0x0800169e   0x0800169e   0x00000002   PAD
    0x080016a0   0x080016a0   0x00000028   Code   RO         5001    i.BQ_1_config       bq76930.o
    0x080016c8   0x080016c8   0x00000002   Code   RO          491    i.BusFault_Handler  stm32f1xx_it.o
    0x080016ca   0x080016ca   0x0000002e   Code   RO         5009    i.CRC8              bq76930.o
    0x080016f8   0x080016f8   0x00000028   Code   RO          380    i.Can_Send_Msg      can.o
    0x08001720   0x08001720   0x00000002   Code   RO          492    i.DebugMon_Handler  stm32f1xx_it.o
    0x08001722   0x08001722   0x00000004   Code   RO           13    i.Error_Handler     main.o
    0x08001726   0x08001726   0x00000002   PAD
    0x08001728   0x08001728   0x000000c4   Code   RO         5012    i.Get_BQ1_2_Temp    bq76930.o
    0x080017ec   0x080017ec   0x00000070   Code   RO         5013    i.Get_BQ_Current    bq76930.o
    0x0800185c   0x0800185c   0x00000050   Code   RO         5014    i.Get_Battery1      bq76930.o
    0x080018ac   0x080018ac   0x00000050   Code   RO         5015    i.Get_Battery10     bq76930.o
    0x080018fc   0x080018fc   0x00000050   Code   RO         5016    i.Get_Battery11     bq76930.o
    0x0800194c   0x0800194c   0x00000050   Code   RO         5017    i.Get_Battery12     bq76930.o
    0x0800199c   0x0800199c   0x00000050   Code   RO         5020    i.Get_Battery15     bq76930.o
    0x080019ec   0x080019ec   0x0000004c   Code   RO         5021    i.Get_Battery2      bq76930.o
    0x08001a38   0x08001a38   0x00000050   Code   RO         5024    i.Get_Battery5      bq76930.o
    0x08001a88   0x08001a88   0x00000050   Code   RO         5025    i.Get_Battery6      bq76930.o
    0x08001ad8   0x08001ad8   0x00000050   Code   RO         5026    i.Get_Battery7      bq76930.o
    0x08001b28   0x08001b28   0x00000144   Code   RO         5030    i.Get_SOC           bq76930.o
    0x08001c6c   0x08001c6c   0x00000048   Code   RO         5031    i.Get_Update_ALL_Data  bq76930.o
    0x08001cb4   0x08001cb4   0x00000042   Code   RO         5032    i.Get_Update_Data   bq76930.o
    0x08001cf6   0x08001cf6   0x00000002   PAD
    0x08001cf8   0x08001cf8   0x00000044   Code   RO         5033    i.Get_offset        bq76930.o
    0x08001d3c   0x08001d3c   0x000000d0   Code   RO         1629    i.HAL_CAN_AddTxMessage  stm32f1xx_hal_can.o
    0x08001e0c   0x08001e0c   0x0000011a   Code   RO         1641    i.HAL_CAN_Init      stm32f1xx_hal_can.o
    0x08001f26   0x08001f26   0x00000002   PAD
    0x08001f28   0x08001f28   0x0000006c   Code   RO          382    i.HAL_CAN_MspInit   can.o
    0x08001f94   0x08001f94   0x00000024   Code   RO         1868    i.HAL_Delay         stm32f1xx_hal.o
    0x08001fb8   0x08001fb8   0x000001e0   Code   RO         2178    i.HAL_GPIO_Init     stm32f1xx_hal_gpio.o
    0x08002198   0x08002198   0x0000000a   Code   RO         2180    i.HAL_GPIO_ReadPin  stm32f1xx_hal_gpio.o
    0x080021a2   0x080021a2   0x0000000a   Code   RO         2182    i.HAL_GPIO_WritePin  stm32f1xx_hal_gpio.o
    0x080021ac   0x080021ac   0x0000000c   Code   RO         1872    i.HAL_GetTick       stm32f1xx_hal.o
    0x080021b8   0x080021b8   0x00000010   Code   RO         1878    i.HAL_IncTick       stm32f1xx_hal.o
    0x080021c8   0x080021c8   0x00000024   Code   RO         1879    i.HAL_Init          stm32f1xx_hal.o
    0x080021ec   0x080021ec   0x00000098   Code   RO          579    i.HAL_InitTick      stm32f1xx_hal_timebase_tim.o
    0x08002284   0x08002284   0x00000048   Code   RO          555    i.HAL_MspInit       stm32f1xx_hal_msp.o
    0x080022cc   0x080022cc   0x0000001a   Code   RO         2338    i.HAL_NVIC_EnableIRQ  stm32f1xx_hal_cortex.o
    0x080022e6   0x080022e6   0x00000002   PAD
    0x080022e8   0x080022e8   0x00000040   Code   RO         2344    i.HAL_NVIC_SetPriority  stm32f1xx_hal_cortex.o
    0x08002328   0x08002328   0x00000024   Code   RO         2345    i.HAL_NVIC_SetPriorityGrouping  stm32f1xx_hal_cortex.o
    0x0800234c   0x0800234c   0x0000012c   Code   RO         2036    i.HAL_RCC_ClockConfig  stm32f1xx_hal_rcc.o
    0x08002478   0x08002478   0x00000040   Code   RO         2040    i.HAL_RCC_GetClockConfig  stm32f1xx_hal_rcc.o
    0x080024b8   0x080024b8   0x00000020   Code   RO         2043    i.HAL_RCC_GetPCLK1Freq  stm32f1xx_hal_rcc.o
    0x080024d8   0x080024d8   0x00000020   Code   RO         2044    i.HAL_RCC_GetPCLK2Freq  stm32f1xx_hal_rcc.o
    0x080024f8   0x080024f8   0x0000004c   Code   RO         2045    i.HAL_RCC_GetSysClockFreq  stm32f1xx_hal_rcc.o
    0x08002544   0x08002544   0x00000320   Code   RO         2048    i.HAL_RCC_OscConfig  stm32f1xx_hal_rcc.o
    0x08002864   0x08002864   0x00000002   Code   RO         1360    i.HAL_TIMEx_BreakCallback  stm32f1xx_hal_tim_ex.o
    0x08002866   0x08002866   0x00000002   Code   RO         1361    i.HAL_TIMEx_CommutCallback  stm32f1xx_hal_tim_ex.o
    0x08002868   0x08002868   0x0000005a   Code   RO          656    i.HAL_TIM_Base_Init  stm32f1xx_hal_tim.o
    0x080028c2   0x080028c2   0x00000002   Code   RO          658    i.HAL_TIM_Base_MspInit  stm32f1xx_hal_tim.o
    0x080028c4   0x080028c4   0x00000058   Code   RO          661    i.HAL_TIM_Base_Start_IT  stm32f1xx_hal_tim.o
    0x0800291c   0x0800291c   0x00000002   Code   RO          690    i.HAL_TIM_IC_CaptureCallback  stm32f1xx_hal_tim.o
    0x0800291e   0x0800291e   0x00000130   Code   RO          704    i.HAL_TIM_IRQHandler  stm32f1xx_hal_tim.o
    0x08002a4e   0x08002a4e   0x00000002   Code   RO          707    i.HAL_TIM_OC_DelayElapsedCallback  stm32f1xx_hal_tim.o
    0x08002a50   0x08002a50   0x00000002   Code   RO          734    i.HAL_TIM_PWM_PulseFinishedCallback  stm32f1xx_hal_tim.o
    0x08002a52   0x08002a52   0x00000002   PAD
    0x08002a54   0x08002a54   0x00000014   Code   RO           14    i.HAL_TIM_PeriodElapsedCallback  main.o
    0x08002a68   0x08002a68   0x00000002   Code   RO          747    i.HAL_TIM_TriggerCallback  stm32f1xx_hal_tim.o
    0x08002a6a   0x08002a6a   0x00000064   Code   RO         2868    i.HAL_UART_Init     stm32f1xx_hal_uart.o
    0x08002ace   0x08002ace   0x00000002   PAD
    0x08002ad0   0x08002ad0   0x000000c8   Code   RO          429    i.HAL_UART_MspInit  usart.o
    0x08002b98   0x08002b98   0x000000a0   Code   RO         2876    i.HAL_UART_Transmit  stm32f1xx_hal_uart.o
    0x08002c38   0x08002c38   0x00000002   Code   RO          493    i.HardFault_Handler  stm32f1xx_it.o
    0x08002c3a   0x08002c3a   0x00000002   Code   RO         5342    i.I2C1_Configuration  i2c1.o
    0x08002c3c   0x08002c3c   0x00000068   Code   RO         5344    i.I2C1_ReceiveByte  i2c1.o
    0x08002ca4   0x08002ca4   0x00000060   Code   RO         5345    i.I2C1_SendByte     i2c1.o
    0x08002d04   0x08002d04   0x0000005c   Code   RO         5346    i.I2C1_Start        i2c1.o
    0x08002d60   0x08002d60   0x0000004c   Code   RO         5347    i.I2C1_Stop         i2c1.o
    0x08002dac   0x08002dac   0x0000005c   Code   RO         5348    i.I2C1_WaitAck      i2c1.o
    0x08002e08   0x08002e08   0x0000000c   Code   RO         5350    i.I2C_delay         i2c1.o
    0x08002e14   0x08002e14   0x00000038   Code   RO         5352    i.IIC1_read_one_byte  i2c1.o
    0x08002e4c   0x08002e4c   0x0000005e   Code   RO         5355    i.IIC1_write_one_byte_CRC  i2c1.o
    0x08002eaa   0x08002eaa   0x00000002   PAD
    0x08002eac   0x08002eac   0x00000018   Code   RO         5034    i.MCU_WAKE_BQ_ONOFF  bq76930.o
    0x08002ec4   0x08002ec4   0x00000044   Code   RO          383    i.MX_CAN_Init       can.o
    0x08002f08   0x08002f08   0x000000ac   Code   RO          196    i.MX_GPIO_Init      gpio.o
    0x08002fb4   0x08002fb4   0x00000038   Code   RO          430    i.MX_USART1_UART_Init  usart.o
    0x08002fec   0x08002fec   0x00000038   Code   RO          431    i.MX_USART2_UART_Init  usart.o
    0x08003024   0x08003024   0x00000002   Code   RO          494    i.MemManage_Handler  stm32f1xx_it.o
    0x08003026   0x08003026   0x00000002   Code   RO          495    i.NMI_Handler       stm32f1xx_it.o
    0x08003028   0x08003028   0x00000016   Code   RO         5035    i.OCD_SCD_PROTECT   bq76930.o
    0x0800303e   0x0800303e   0x00000002   PAD
    0x08003040   0x08003040   0x00000074   Code   RO         5037    i.OV_UV_1_PROTECT   bq76930.o
    0x080030b4   0x080030b4   0x0000001a   Code   RO         4349    i.SysTick_Handler   cmsis_os2.o
    0x080030ce   0x080030ce   0x0000005e   Code   RO           15    i.SystemClock_Config  main.o
    0x0800312c   0x0800312c   0x00000002   Code   RO         3202    i.SystemInit        system_stm32f1xx.o
    0x0800312e   0x0800312e   0x00000002   PAD
    0x08003130   0x08003130   0x0000000c   Code   RO          496    i.TIM4_IRQHandler   stm32f1xx_it.o
    0x0800313c   0x0800313c   0x00000078   Code   RO          749    i.TIM_Base_SetConfig  stm32f1xx_hal_tim.o
    0x080031b4   0x080031b4   0x0000004e   Code   RO         2891    i.UART_EndRxTransfer  stm32f1xx_hal_uart.o
    0x08003202   0x08003202   0x00000002   PAD
    0x08003204   0x08003204   0x000000b8   Code   RO         2894    i.UART_SetConfig    stm32f1xx_hal_uart.o
    0x080032bc   0x080032bc   0x00000072   Code   RO         2897    i.UART_WaitOnFlagUntilTimeout  stm32f1xx_hal_uart.o
    0x0800332e   0x0800332e   0x00000002   PAD
    0x08003330   0x08003330   0x00000014   Code   RO          432    i.USART2_Printf     usart.o
    0x08003344   0x08003344   0x00000020   Code   RO          433    i.UartSend          usart.o
    0x08003364   0x08003364   0x0000047c   Code   RO         5045    i.Update_val        bq76930.o
    0x080037e0   0x080037e0   0x00000002   Code   RO          497    i.UsageFault_Handler  stm32f1xx_it.o
    0x080037e2   0x080037e2   0x00000018   Code   RO         5047    i.WAKE_ALL_DEVICE   bq76930.o
    0x080037fa   0x080037fa   0x00000028   Code   RO         5684    i.__ARM_fpclassify  m_ws.l(fpclassify.o)
    0x08003822   0x08003822   0x00000020   Code   RO         2351    i.__NVIC_SetPriority  stm32f1xx_hal_cortex.o
    0x08003842   0x08003842   0x000000aa   Code   RO         5602    i.__kernel_poly     m_ws.l(poly.o)
    0x080038ec   0x080038ec   0x00000010   Code   RO         5588    i.__mathlib_dbl_divzero  m_ws.l(dunder.o)
    0x080038fc   0x080038fc   0x00000006   Code   RO         5589    i.__mathlib_dbl_infnan  m_ws.l(dunder.o)
    0x08003902   0x08003902   0x0000000c   Code   RO         5591    i.__mathlib_dbl_invalid  m_ws.l(dunder.o)
    0x0800390e   0x0800390e   0x0000000e   Code   RO         5463    i._is_digit         c_w.l(__printf_wp.o)
    0x0800391c   0x0800391c   0x0000035c   Code   RO         5540    i.log               m_ws.l(log.o)
    0x08003c78   0x08003c78   0x0000002a   Code   RO           16    i.main              main.o
    0x08003ca2   0x08003ca2   0x00000002   PAD
    0x08003ca4   0x08003ca4   0x00000038   Code   RO         4368    i.osKernelStart     cmsis_os2.o
    0x08003cdc   0x08003cdc   0x0000005c   Code   RO         3810    i.prvAddCurrentTaskToDelayedList  tasks.o
    0x08003d38   0x08003d38   0x000000d0   Code   RO         3811    i.prvAddNewTaskToReadyList  tasks.o
    0x08003e08   0x08003e08   0x00000058   Code   RO         4175    i.prvCheckForValidListAndQueue  timers.o
    0x08003e60   0x08003e60   0x00000026   Code   RO         3407    i.prvCopyDataFromQueue  queue.o
    0x08003e86   0x08003e86   0x0000006c   Code   RO         3408    i.prvCopyDataToQueue  queue.o
    0x08003ef2   0x08003ef2   0x00000034   Code   RO         3812    i.prvDeleteTCB      tasks.o
    0x08003f26   0x08003f26   0x00000002   PAD
    0x08003f28   0x08003f28   0x00000060   Code   RO         3813    i.prvIdleTask       tasks.o
    0x08003f88   0x08003f88   0x00000022   Code   RO         3410    i.prvInitialiseNewQueue  queue.o
    0x08003faa   0x08003faa   0x00000002   PAD
    0x08003fac   0x08003fac   0x000000b0   Code   RO         3814    i.prvInitialiseNewTask  tasks.o
    0x0800405c   0x0800405c   0x0000004c   Code   RO         4863    i.prvInsertBlockIntoFreeList  heap_4.o
    0x080040a8   0x080040a8   0x00000038   Code   RO         4177    i.prvInsertTimerInActiveList  timers.o
    0x080040e0   0x080040e0   0x0000001c   Code   RO         3411    i.prvIsQueueEmpty   queue.o
    0x080040fc   0x080040fc   0x000000fc   Code   RO         4178    i.prvProcessReceivedCommands  timers.o
    0x080041f8   0x080041f8   0x000000c0   Code   RO         4179    i.prvProcessTimerOrBlockTask  timers.o
    0x080042b8   0x080042b8   0x00000020   Code   RO         3816    i.prvResetNextTaskUnblockTime  tasks.o
    0x080042d8   0x080042d8   0x00000028   Code   RO         4180    i.prvSampleTimeNow  timers.o
    0x08004300   0x08004300   0x0000006c   Code   RO         4181    i.prvSwitchTimerLists  timers.o
    0x0800436c   0x0800436c   0x00000028   Code   RO         4918    i.prvTaskExitError  port.o
    0x08004394   0x08004394   0x00000024   Code   RO         4182    i.prvTimerTask      timers.o
    0x080043b8   0x080043b8   0x0000006a   Code   RO         3412    i.prvUnlockQueue    queue.o
    0x08004422   0x08004422   0x00000002   PAD
    0x08004424   0x08004424   0x00000024   Code   RO         4919    i.pxPortInitialiseStack  port.o
    0x08004448   0x08004448   0x00000026   Code   RO         3367    i.uxListRemove      list.o
    0x0800446e   0x0800446e   0x00000002   PAD
    0x08004470   0x08004470   0x00000014   Code   RO         4422    i.vApplicationGetIdleTaskMemory  cmsis_os2.o
    0x08004484   0x08004484   0x00000018   Code   RO         4423    i.vApplicationGetTimerTaskMemory  cmsis_os2.o
    0x0800449c   0x0800449c   0x00000016   Code   RO         3368    i.vListInitialise   list.o
    0x080044b2   0x080044b2   0x00000006   Code   RO         3369    i.vListInitialiseItem  list.o
    0x080044b8   0x080044b8   0x00000030   Code   RO         3370    i.vListInsert       list.o
    0x080044e8   0x080044e8   0x00000018   Code   RO         3371    i.vListInsertEnd    list.o
    0x08004500   0x08004500   0x00000040   Code   RO         4921    i.vPortEnterCritical  port.o
    0x08004540   0x08004540   0x00000028   Code   RO         4922    i.vPortExitCritical  port.o
    0x08004568   0x08004568   0x00000064   Code   RO         4865    i.vPortFree         heap_4.o
    0x080045cc   0x080045cc   0x00000024   Code   RO         4923    i.vPortSetupTimerInterrupt  port.o
    0x080045f0   0x080045f0   0x00000054   Code   RO         4924    i.vPortValidateInterruptPriority  port.o
    0x08004644   0x08004644   0x00000028   Code   RO         3418    i.vQueueAddToRegistry  queue.o
    0x0800466c   0x0800466c   0x00000044   Code   RO         3422    i.vQueueWaitForMessageRestricted  queue.o
    0x080046b0   0x080046b0   0x00000010   Code   RO         3834    i.vTaskInternalSetTimeOutState  tasks.o
    0x080046c0   0x080046c0   0x0000000c   Code   RO         3835    i.vTaskMissedYield  tasks.o
    0x080046cc   0x080046cc   0x00000030   Code   RO         3837    i.vTaskPlaceOnEventList  tasks.o
    0x080046fc   0x080046fc   0x00000038   Code   RO         3838    i.vTaskPlaceOnEventListRestricted  tasks.o
    0x08004734   0x08004734   0x00000088   Code   RO         3846    i.vTaskStartScheduler  tasks.o
    0x080047bc   0x080047bc   0x00000010   Code   RO         3848    i.vTaskSuspendAll   tasks.o
    0x080047cc   0x080047cc   0x00000064   Code   RO         3849    i.vTaskSwitchContext  tasks.o
    0x08004830   0x08004830   0x000000a8   Code   RO         4925    i.xPortStartScheduler  port.o
    0x080048d8   0x080048d8   0x0000002c   Code   RO         4926    i.xPortSysTickHandler  port.o
    0x08004904   0x08004904   0x00000066   Code   RO         3428    i.xQueueGenericCreateStatic  queue.o
    0x0800496a   0x0800496a   0x00000002   PAD
    0x0800496c   0x0800496c   0x00000088   Code   RO         3429    i.xQueueGenericReset  queue.o
    0x080049f4   0x080049f4   0x00000160   Code   RO         3430    i.xQueueGenericSend  queue.o
    0x08004b54   0x08004b54   0x000000be   Code   RO         3431    i.xQueueGenericSendFromISR  queue.o
    0x08004c12   0x08004c12   0x00000002   PAD
    0x08004c14   0x08004c14   0x00000138   Code   RO         3440    i.xQueueReceive     queue.o
    0x08004d4c   0x08004d4c   0x00000074   Code   RO         3851    i.xTaskCheckForTimeOut  tasks.o
    0x08004dc0   0x08004dc0   0x00000056   Code   RO         3853    i.xTaskCreateStatic  tasks.o
    0x08004e16   0x08004e16   0x00000002   PAD
    0x08004e18   0x08004e18   0x0000001c   Code   RO         3857    i.xTaskGetSchedulerState  tasks.o
    0x08004e34   0x08004e34   0x0000000c   Code   RO         3858    i.xTaskGetTickCount  tasks.o
    0x08004e40   0x08004e40   0x000000c8   Code   RO         3860    i.xTaskIncrementTick  tasks.o
    0x08004f08   0x08004f08   0x00000080   Code   RO         3863    i.xTaskPriorityDisinherit  tasks.o
    0x08004f88   0x08004f88   0x00000070   Code   RO         3865    i.xTaskRemoveFromEventList  tasks.o
    0x08004ff8   0x08004ff8   0x000000c4   Code   RO         3866    i.xTaskResumeAll    tasks.o
    0x080050bc   0x080050bc   0x00000060   Code   RO         4191    i.xTimerCreateTimerTask  timers.o
    0x0800511c   0x0800511c   0x00000068   Code   RO         4192    i.xTimerGenericCommand  timers.o
    0x08005184   0x08005184   0x0000002c   Code   RO         5676    locale$$code        c_w.l(lc_numeric_c.o)
    0x080051b0   0x080051b0   0x00000062   Code   RO         5491    x$fpl$d2f           fz_ws.l(d2f.o)
    0x08005212   0x08005212   0x00000002   PAD
    0x08005214   0x08005214   0x00000150   Code   RO         5493    x$fpl$dadd          fz_ws.l(daddsub_clz.o)
    0x08005364   0x08005364   0x00000010   Code   RO         5678    x$fpl$dcheck1       fz_ws.l(dcheck1.o)
    0x08005374   0x08005374   0x00000018   Code   RO         5680    x$fpl$dcmpinf       fz_ws.l(dcmpi.o)
    0x0800538c   0x0800538c   0x000002b0   Code   RO         5500    x$fpl$ddiv          fz_ws.l(ddiv.o)
    0x0800563c   0x0800563c   0x00000078   Code   RO         5575    x$fpl$deqf          fz_ws.l(deqf.o)
    0x080056b4   0x080056b4   0x0000005a   Code   RO         5503    x$fpl$dfixu         fz_ws.l(dfixu.o)
    0x0800570e   0x0800570e   0x0000002e   Code   RO         5508    x$fpl$dflt          fz_ws.l(dflt_clz.o)
    0x0800573c   0x0800573c   0x00000026   Code   RO         5507    x$fpl$dfltu         fz_ws.l(dflt_clz.o)
    0x08005762   0x08005762   0x00000002   PAD
    0x08005764   0x08005764   0x00000154   Code   RO         5513    x$fpl$dmul          fz_ws.l(dmul.o)
    0x080058b8   0x080058b8   0x0000009c   Code   RO         5577    x$fpl$dnaninf       fz_ws.l(dnaninf.o)
    0x08005954   0x08005954   0x0000000c   Code   RO         5579    x$fpl$dretinf       fz_ws.l(dretinf.o)
    0x08005960   0x08005960   0x00000016   Code   RO         5494    x$fpl$drsb          fz_ws.l(daddsub_clz.o)
    0x08005976   0x08005976   0x00000002   PAD
    0x08005978   0x08005978   0x000001d4   Code   RO         5495    x$fpl$dsub          fz_ws.l(daddsub_clz.o)
    0x08005b4c   0x08005b4c   0x00000056   Code   RO         5515    x$fpl$f2d           fz_ws.l(f2d.o)
    0x08005ba2   0x08005ba2   0x00000002   PAD
    0x08005ba4   0x08005ba4   0x000000c4   Code   RO         5517    x$fpl$fadd          fz_ws.l(faddsub_clz.o)
    0x08005c68   0x08005c68   0x00000184   Code   RO         5524    x$fpl$fdiv          fz_ws.l(fdiv.o)
    0x08005dec   0x08005dec   0x00000036   Code   RO         5527    x$fpl$ffix          fz_ws.l(ffix.o)
    0x08005e22   0x08005e22   0x00000002   PAD
    0x08005e24   0x08005e24   0x00000030   Code   RO         5532    x$fpl$fflt          fz_ws.l(fflt_clz.o)
    0x08005e54   0x08005e54   0x00000026   Code   RO         5531    x$fpl$ffltu         fz_ws.l(fflt_clz.o)
    0x08005e7a   0x08005e7a   0x0000008c   Code   RO         5581    x$fpl$fnaninf       fz_ws.l(fnaninf.o)
    0x08005f06   0x08005f06   0x0000000a   Code   RO         5583    x$fpl$fretinf       fz_ws.l(fretinf.o)
    0x08005f10   0x08005f10   0x000000ea   Code   RO         5519    x$fpl$fsub          fz_ws.l(faddsub_clz.o)
    0x08005ffa   0x08005ffa   0x00000004   Code   RO         5537    x$fpl$printf1       fz_ws.l(printf1.o)
    0x08005ffe   0x08005ffe   0x00000064   Code   RO         5846    x$fpl$retnan        fz_ws.l(retnan.o)
    0x08006062   0x08006062   0x0000005c   Code   RO         5585    x$fpl$scalbn        fz_ws.l(scalbn.o)
    0x080060be   0x080060be   0x00000030   Code   RO         5902    x$fpl$trapveneer    fz_ws.l(trapv.o)
    0x080060ee   0x080060ee   0x00000000   Code   RO         5587    x$fpl$usenofp       fz_ws.l(usenofp.o)
    0x080060ee   0x080060ee   0x00000012   Data   RO         2049    .constdata          stm32f1xx_hal_rcc.o
    0x08006100   0x08006100   0x00000010   Data   RO         3203    .constdata          system_stm32f1xx.o
    0x08006110   0x08006110   0x00000008   Data   RO         3204    .constdata          system_stm32f1xx.o
    0x08006118   0x08006118   0x00000038   Data   RO         5541    .constdata          m_ws.l(log.o)
    0x08006150   0x08006150   0x00000008   Data   RO         5604    .constdata          m_ws.l(qnan.o)
    0x08006158   0x08006158   0x00000094   Data   RO         5637    .constdata          c_w.l(bigflt0.o)
    0x080061ec   0x080061ec   0x00000020   Data   RO         5983    Region$$Table       anon$$obj.o
    0x0800620c   0x0800620c   0x0000001c   Data   RO         5675    locale$$data        c_w.l(lc_numeric_c.o)


    Execution Region RW_IRAM1 (Exec base: 0x20000000, Load base: 0x08006228, Size: 0x000016d0, Max: 0x00005000, ABSOLUTE, COMPRESSED[0x00000048])

    Exec Addr    Load Addr    Size         Type   Attr      Idx    E Section Name        Object

    0x20000000   COMPRESSED   0x0000000c   Data   RW         1886    .data               stm32f1xx_hal.o
    0x2000000c   COMPRESSED   0x00000004   Data   RW         3205    .data               system_stm32f1xx.o
    0x20000010   COMPRESSED   0x0000003c   Data   RW         3869    .data               tasks.o
    0x2000004c   COMPRESSED   0x00000014   Data   RW         4200    .data               timers.o
    0x20000060   COMPRESSED   0x00000004   Data   RW         4425    .data               cmsis_os2.o
    0x20000064   COMPRESSED   0x00000020   Data   RW         4871    .data               heap_4.o
    0x20000084   COMPRESSED   0x0000000c   Data   RW         4927    .data               port.o
    0x20000090   COMPRESSED   0x00000144   Data   RW         5049    .data               bq76930.o
    0x200001d4        -       0x00000028   Zero   RW          384    .bss                can.o
    0x200001fc        -       0x00000090   Zero   RW          434    .bss                usart.o
    0x2000028c        -       0x00000048   Zero   RW          582    .bss                stm32f1xx_hal_timebase_tim.o
    0x200002d4        -       0x00000040   Zero   RW         3444    .bss                queue.o
    0x20000314        -       0x000004c4   Zero   RW         3868    .bss                tasks.o
    0x200007d8        -       0x00000118   Zero   RW         4199    .bss                timers.o
    0x200008f0        -       0x000006b8   Zero   RW         4424    .bss                cmsis_os2.o
    0x20000fa8        -       0x000000c8   Zero   RW         5048    .bss                bq76930.o
    0x20001070        -       0x00000060   Zero   RW         5692    .bss                c_w.l(libspace.o)
    0x200010d0        -       0x00000200   Zero   RW            2    HEAP                startup_stm32f103xb.o
    0x200012d0        -       0x00000400   Zero   RW            1    STACK               startup_stm32f103xb.o


==============================================================================

Image component sizes


      Code (inc. data)   RO Data    RW Data    ZI Data      Debug   Object Name

      3056        672          0        324        200      15830   bq76930.o
       216         26          0          0         40       2146   can.o
       126         18          0          4       1720      55754   cmsis_os2.o
         0          0          0          0          0      19488   event_groups.o
         0          0          0          0          0       7024   freertos.o
       172         12          0          0          0     432219   gpio.o
       176         10          0         32          0       2868   heap_4.o
       624         24          0          0          0       4676   i2c1.o
       138          0          0          0          0       3246   list.o
       160          6          0          0          0     413180   main.o
       662         70          0         12          0      10445   port.o
      1514         20          0          0         64      16696   queue.o
        64         26        236          0       1536        788   startup_stm32f103xb.o
       100         18          0         12          0       5074   stm32f1xx_hal.o
       490          0          0          0          0       2394   stm32f1xx_hal_can.o
       158         14          0          0          0      28058   stm32f1xx_hal_cortex.o
       500         34          0          0          0       3423   stm32f1xx_hal_gpio.o
        72         10          0          0          0        822   stm32f1xx_hal_msp.o
      1304         94         18          0          0       5569   stm32f1xx_hal_rcc.o
       612         24          0          0          0       6932   stm32f1xx_hal_tim.o
         4          0          0          0          0       1509   stm32f1xx_hal_tim_ex.o
       152         20          0          0         72       1403   stm32f1xx_hal_timebase_tim.o
       636          6          0          0          0       4488   stm32f1xx_hal_uart.o
        24          6          0          0          0       2847   stm32f1xx_it.o
         0          0          0          0          0        392   stream_buffer.o
         2          0         24          4          0       1047   system_stm32f1xx.o
      1918        158          0         60       1220      23817   tasks.o
       972         80          0         20        280      31627   timers.o
       364         44          0          0        144       3258   usart.o

    ----------------------------------------------------------------------
     14258       1392        310        468       5276    1107020   Object Totals
         0          0         32          0          0          0   (incl. Generated)
        42          0          0          0          0          0   (incl. Padding)

    ----------------------------------------------------------------------

      Code (inc. data)   RO Data    RW Data    ZI Data      Debug   Library Member Name

        58          0          0          0          0          0   __dczerorl.o
         8          0          0          0          0         68   __main.o
       284          0          0          0          0        156   __printf_wp.o
         0          0          0          0          0          0   __rtentry.o
        12          0          0          0          0          0   __rtentry2.o
         6          0          0          0          0          0   __rtentry4.o
        52          8          0          0          0          0   __scatter.o
        28          0          0          0          0          0   __scatter_zi.o
        44          0          0          0          0        108   _printf_char.o
        48          6          0          0          0         96   _printf_char_common.o
         6          0          0          0          0          0   _printf_d.o
       120         16          0          0          0         92   _printf_dec.o
         6          0          0          0          0          0   _printf_f.o
      1054          0          0          0          0        216   _printf_fp_dec.o
       128         16          0          0          0         84   _printf_fp_infnan.o
       178          0          0          0          0         88   _printf_intcommon.o
         0          0          0          0          0          0   _printf_percent.o
         4          0          0          0          0          0   _printf_percent_end.o
         6          0          0          0          0          0   _printf_s.o
        82          0          0          0          0         80   _printf_str.o
        22          0          0          0          0        100   _rserrno.o
        10          0          0          0          0         68   _sputc.o
        16          0          0          0          0         68   aeabi_memset.o
       228          4        148          0          0         96   bigflt0.o
      1936        128          0          0          0        672   btod.o
        18          0          0          0          0         80   exit.o
         6          0          0          0          0        152   heapauxi.o
         0          0          0          0          0          0   indicate_semi.o
        44         10         28          0          0         76   lc_numeric_c.o
         2          0          0          0          0          0   libinit.o
        18          0          0          0          0          0   libinit2.o
         2          0          0          0          0          0   libshutdown.o
         2          0          0          0          0          0   libshutdown2.o
         8          4          0          0         96         68   libspace.o
       138          0          0          0          0         80   lludiv10.o
        40          6          0          0          0         84   noretval__2sprintf.o
         8          4          0          0          0         68   rt_errno_addr_intlibspace.o
         8          4          0          0          0         68   rt_locale_intlibspace.o
        68          0          0          0          0         68   rt_memclr.o
        78          0          0          0          0         80   rt_memclr_w.o
       138          0          0          0          0         68   rt_memcpy_v6.o
       100          0          0          0          0         80   rt_memcpy_w.o
         2          0          0          0          0          0   rtexit.o
        10          0          0          0          0          0   rtexit2.o
       128          0          0          0          0         68   strcmpv7m.o
        62          0          0          0          0         76   strlen.o
        12          4          0          0          0         68   sys_exit.o
        74          0          0          0          0         80   sys_stackheap_outer.o
         2          0          0          0          0         68   use_no_semi.o
        98          4          0          0          0         92   d2f.o
       826         16          0          0          0        348   daddsub_clz.o
        16          4          0          0          0         68   dcheck1.o
        24          0          0          0          0         68   dcmpi.o
       688        140          0          0          0        208   ddiv.o
       120          4          0          0          0         92   deqf.o
        90          4          0          0          0         92   dfixu.o
        84          0          0          0          0        136   dflt_clz.o
       340         12          0          0          0        104   dmul.o
       156          4          0          0          0         92   dnaninf.o
        12          0          0          0          0         68   dretinf.o
        86          4          0          0          0         84   f2d.o
       430          8          0          0          0        168   faddsub_clz.o
       388         76          0          0          0         96   fdiv.o
        54          4          0          0          0         84   ffix.o
        86          0          0          0          0        136   fflt_clz.o
       140          4          0          0          0         84   fnaninf.o
        10          0          0          0          0         68   fretinf.o
         4          0          0          0          0         68   printf1.o
       100          0          0          0          0         68   retnan.o
        92          0          0          0          0         68   scalbn.o
        48          0          0          0          0         68   trapv.o
         0          0          0          0          0          0   usenofp.o
        34          4          0          0          0        204   dunder.o
        40          0          0          0          0         68   fpclassify.o
       860         52         56          0          0        256   log.o
       170          0          0          0          0         96   poly.o
         0          0          8          0          0          0   qnan.o

    ----------------------------------------------------------------------
     10320        550        240          0         96       6308   Library Totals
        20          0          0          0          0          0   (incl. Padding)

    ----------------------------------------------------------------------

      Code (inc. data)   RO Data    RW Data    ZI Data      Debug   Library Name

      5304        210        176          0         96       3324   c_w.l
      3892        284          0          0          0       2360   fz_ws.l
      1104         56         64          0          0        624   m_ws.l

    ----------------------------------------------------------------------
     10320        550        240          0         96       6308   Library Totals

    ----------------------------------------------------------------------

==============================================================================


      Code (inc. data)   RO Data    RW Data    ZI Data      Debug   

     24578       1942        550        468       5372    1102040   Grand Totals
     24578       1942        550         72       5372    1102040   ELF Image Totals (compressed)
     24578       1942        550         72          0          0   ROM Totals

==============================================================================

    Total RO  Size (Code + RO Data)                25128 (  24.54kB)
    Total RW  Size (RW Data + ZI Data)              5840 (   5.70kB)
    Total ROM Size (Code + RO Data + RW Data)      25200 (  24.61kB)

==============================================================================

